Archive member included because of file (symbol)

c:/altera/11.1sp2/nios2eds/bin/gnu/h-i686-mingw32/bin/../lib/gcc/nios2-elf/4.1.2/../../../../nios2-elf/lib/mno-hw-mul\libsmallc.a(lib_a-printf.o)
                              obj/default/hello_world_small.o (printf)
c:/altera/11.1sp2/nios2eds/bin/gnu/h-i686-mingw32/bin/../lib/gcc/nios2-elf/4.1.2/../../../../nios2-elf/lib/mno-hw-mul\libsmallc.a(lib_a-vfprintf.o)
                              c:/altera/11.1sp2/nios2eds/bin/gnu/h-i686-mingw32/bin/../lib/gcc/nios2-elf/4.1.2/../../../../nios2-elf/lib/mno-hw-mul\libsmallc.a(lib_a-printf.o) (___vfprintf_internal_r)
c:/altera/11.1sp2/nios2eds/bin/gnu/h-i686-mingw32/bin/../lib/gcc/nios2-elf/4.1.2/../../../../nios2-elf/lib/mno-hw-mul\libsmallc.a(lib_a-fvwrite_small_dev.o)
                              c:/altera/11.1sp2/nios2eds/bin/gnu/h-i686-mingw32/bin/../lib/gcc/nios2-elf/4.1.2/../../../../nios2-elf/lib/mno-hw-mul\libsmallc.a(lib_a-printf.o) (__sfvwrite_small_dev)
c:/altera/11.1sp2/nios2eds/bin/gnu/h-i686-mingw32/bin/../lib/gcc/nios2-elf/4.1.2/../../../../nios2-elf/lib/mno-hw-mul\libsmallc.a(lib_a-impure.o)
                              c:/altera/11.1sp2/nios2eds/bin/gnu/h-i686-mingw32/bin/../lib/gcc/nios2-elf/4.1.2/../../../../nios2-elf/lib/mno-hw-mul\libsmallc.a(lib_a-printf.o) (_impure_ptr)
c:/altera/11.1sp2/nios2eds/bin/gnu/h-i686-mingw32/bin/../lib/gcc/nios2-elf/4.1.2/../../../../nios2-elf/lib/mno-hw-mul\libsmallc.a(lib_a-strlen.o)
                              c:/altera/11.1sp2/nios2eds/bin/gnu/h-i686-mingw32/bin/../lib/gcc/nios2-elf/4.1.2/../../../../nios2-elf/lib/mno-hw-mul\libsmallc.a(lib_a-vfprintf.o) (strlen)
c:/altera/11.1sp2/nios2eds/bin/gnu/h-i686-mingw32/bin/../lib/gcc/nios2-elf/4.1.2/../../../../nios2-elf/lib/mno-hw-mul\libsmallc.a(lib_a-writer.o)
                              c:/altera/11.1sp2/nios2eds/bin/gnu/h-i686-mingw32/bin/../lib/gcc/nios2-elf/4.1.2/../../../../nios2-elf/lib/mno-hw-mul\libsmallc.a(lib_a-fvwrite_small_dev.o) (_write_r)
c:/altera/11.1sp2/nios2eds/bin/gnu/h-i686-mingw32/bin/../lib/gcc/nios2-elf/4.1.2/../../../../nios2-elf/lib/mno-hw-mul\libsmallc.a(lib_a-int_errno.o)
                              c:/altera/11.1sp2/nios2eds/bin/gnu/h-i686-mingw32/bin/../lib/gcc/nios2-elf/4.1.2/../../../../nios2-elf/lib/mno-hw-mul\libsmallc.a(lib_a-writer.o) (errno)
c:/altera/11.1sp2/nios2eds/bin/gnu/h-i686-mingw32/bin/../lib/gcc/nios2-elf/4.1.2/mno-hw-mul\libgcc.a(lib2-divmod.o)
                              c:/altera/11.1sp2/nios2eds/bin/gnu/h-i686-mingw32/bin/../lib/gcc/nios2-elf/4.1.2/../../../../nios2-elf/lib/mno-hw-mul\libsmallc.a(lib_a-vfprintf.o) (__udivsi3)
c:/altera/11.1sp2/nios2eds/bin/gnu/h-i686-mingw32/bin/../lib/gcc/nios2-elf/4.1.2/mno-hw-mul\libgcc.a(lib2-mul.o)
                              c:/altera/11.1sp2/nios2eds/bin/gnu/h-i686-mingw32/bin/../lib/gcc/nios2-elf/4.1.2/../../../../nios2-elf/lib/mno-hw-mul\libsmallc.a(lib_a-vfprintf.o) (__mulsi3)
../test_bouronLeds_bsp/\libhal_bsp.a(alt_load.o)
                              ../test_bouronLeds_bsp//obj/HAL/src/crt0.o (alt_load)
../test_bouronLeds_bsp/\libhal_bsp.a(alt_main.o)
                              ../test_bouronLeds_bsp//obj/HAL/src/crt0.o (alt_main)
../test_bouronLeds_bsp/\libhal_bsp.a(alt_putstr.o)
                              obj/default/hello_world_small.o (alt_putstr)
../test_bouronLeds_bsp/\libhal_bsp.a(alt_usleep.o)
                              obj/default/hello_world_small.o (usleep)
../test_bouronLeds_bsp/\libhal_bsp.a(alt_write.o)
                              c:/altera/11.1sp2/nios2eds/bin/gnu/h-i686-mingw32/bin/../lib/gcc/nios2-elf/4.1.2/../../../../nios2-elf/lib/mno-hw-mul\libsmallc.a(lib_a-writer.o) (write)
../test_bouronLeds_bsp/\libhal_bsp.a(alt_sys_init.o)
                              ../test_bouronLeds_bsp/\libhal_bsp.a(alt_main.o) (alt_sys_init)
../test_bouronLeds_bsp/\libhal_bsp.a(altera_avalon_jtag_uart_write.o)
                              ../test_bouronLeds_bsp/\libhal_bsp.a(alt_putstr.o) (altera_avalon_jtag_uart_write)
../test_bouronLeds_bsp/\libhal_bsp.a(alt_busy_sleep.o)
                              ../test_bouronLeds_bsp/\libhal_bsp.a(alt_usleep.o) (alt_busy_sleep)
../test_bouronLeds_bsp/\libhal_bsp.a(alt_dcache_flush_all.o)
                              ../test_bouronLeds_bsp/\libhal_bsp.a(alt_load.o) (alt_dcache_flush_all)
../test_bouronLeds_bsp/\libhal_bsp.a(alt_errno.o)
                              ../test_bouronLeds_bsp/\libhal_bsp.a(alt_write.o) (alt_errno)
../test_bouronLeds_bsp/\libhal_bsp.a(alt_icache_flush_all.o)
                              ../test_bouronLeds_bsp/\libhal_bsp.a(alt_load.o) (alt_icache_flush_all)
../test_bouronLeds_bsp/\libhal_bsp.a(altera_nios2_irq.o)
                              ../test_bouronLeds_bsp/\libhal_bsp.a(alt_sys_init.o) (altera_nios2_irq_init)

Allocating common symbols
Common symbol       size              file

errno               0x4               c:/altera/11.1sp2/nios2eds/bin/gnu/h-i686-mingw32/bin/../lib/gcc/nios2-elf/4.1.2/../../../../nios2-elf/lib/mno-hw-mul\libsmallc.a(lib_a-int_errno.o)
compt               0x2               obj/default/hello_world_small.o

Memory Configuration

Name             Origin             Length             Attributes
reset            0x00008000         0x00000020
sram             0x00008020         0x00004e00
*default*        0x00000000         0xffffffff

Linker script and memory map

LOAD ../test_bouronLeds_bsp//obj/HAL/src/crt0.o
                0x0000800c                exit = _exit
LOAD obj/default/hello_world_small.o
LOAD c:/altera/11.1sp2/nios2eds/bin/gnu/h-i686-mingw32/bin/../lib/gcc/nios2-elf/4.1.2/../../../../nios2-elf/lib/mno-hw-mul\libstdc++.a
LOAD c:/altera/11.1sp2/nios2eds/bin/gnu/h-i686-mingw32/bin/../lib/gcc/nios2-elf/4.1.2/../../../../nios2-elf/lib/mno-hw-mul\libm.a
LOAD c:/altera/11.1sp2/nios2eds/bin/gnu/h-i686-mingw32/bin/../lib/gcc/nios2-elf/4.1.2/mno-hw-mul\libgcc.a
START GROUP
LOAD c:/altera/11.1sp2/nios2eds/bin/gnu/h-i686-mingw32/bin/../lib/gcc/nios2-elf/4.1.2/../../../../nios2-elf/lib/mno-hw-mul\libsmallc.a
LOAD c:/altera/11.1sp2/nios2eds/bin/gnu/h-i686-mingw32/bin/../lib/gcc/nios2-elf/4.1.2/mno-hw-mul\libgcc.a
LOAD ../test_bouronLeds_bsp/\libhal_bsp.a
END GROUP
LOAD c:/altera/11.1sp2/nios2eds/bin/gnu/h-i686-mingw32/bin/../lib/gcc/nios2-elf/4.1.2/mno-hw-mul\libgcc.a
                0x00008000                __alt_mem_sram = 0x8000

.entry          0x00008000       0x20
 *(.entry)
 .entry         0x00008000       0x20 ../test_bouronLeds_bsp//obj/HAL/src/crt0.o
                0x00008000                __reset
                0x0000800c                _exit

.exceptions     0x00008020        0x0
                0x00008020                PROVIDE (__ram_exceptions_start, ABSOLUTE (.))
                0x00008020                . = ALIGN (0x20)
 *(.irq)
 *(.exceptions.entry.label)
 *(.exceptions.entry.user)
 *(.exceptions.entry)
 *(.exceptions.irqtest.user)
 *(.exceptions.irqtest)
 *(.exceptions.irqhandler.user)
 *(.exceptions.irqhandler)
 *(.exceptions.irqreturn.user)
 *(.exceptions.irqreturn)
 *(.exceptions.notirq.label)
 *(.exceptions.notirq.user)
 *(.exceptions.notirq)
 *(.exceptions.soft.user)
 *(.exceptions.soft)
 *(.exceptions.unknown.user)
 *(.exceptions.unknown)
 *(.exceptions.exit.label)
 *(.exceptions.exit.user)
 *(.exceptions.exit)
 *(.exceptions)
                0x00008020                PROVIDE (__ram_exceptions_end, ABSOLUTE (.))
                0x00008020                PROVIDE (__flash_exceptions_start, LOADADDR (.exceptions))

.text           0x00008020      0xdb4
                0x00008020                PROVIDE (stext, ABSOLUTE (.))
 *(.interp)
 *(.hash)
 *(.dynsym)
 *(.dynstr)
 *(.gnu.version)
 *(.gnu.version_d)
 *(.gnu.version_r)
 *(.rel.init)
 *(.rela.init)
 *(.rel.text .rel.text.* .rel.gnu.linkonce.t.*)
 *(.rela.text .rela.text.* .rela.gnu.linkonce.t.*)
 *(.rel.fini)
 *(.rela.fini)
 *(.rel.rodata .rel.rodata.* .rel.gnu.linkonce.r.*)
 *(.rela.rodata .rela.rodata.* .rela.gnu.linkonce.r.*)
 *(.rel.data .rel.data.* .rel.gnu.linkonce.d.*)
 *(.rela.data .rela.data.* .rela.gnu.linkonce.d.*)
 *(.rel.tdata .rel.tdata.* .rel.gnu.linkonce.td.*)
 *(.rela.tdata .rela.tdata.* .rela.gnu.linkonce.td.*)
 *(.rel.tbss .rel.tbss.* .rel.gnu.linkonce.tb.*)
 *(.rela.tbss .rela.tbss.* .rela.gnu.linkonce.tb.*)
 *(.rel.ctors)
 *(.rela.ctors)
 *(.rel.dtors)
 *(.rela.dtors)
 *(.rel.got)
 *(.rela.got)
 *(.rel.sdata .rel.sdata.* .rel.gnu.linkonce.s.*)
 *(.rela.sdata .rela.sdata.* .rela.gnu.linkonce.s.*)
 *(.rel.sbss .rel.sbss.* .rel.gnu.linkonce.sb.*)
 *(.rela.sbss .rela.sbss.* .rela.gnu.linkonce.sb.*)
 *(.rel.sdata2 .rel.sdata2.* .rel.gnu.linkonce.s2.*)
 *(.rela.sdata2 .rela.sdata2.* .rela.gnu.linkonce.s2.*)
 *(.rel.sbss2 .rel.sbss2.* .rel.gnu.linkonce.sb2.*)
 *(.rela.sbss2 .rela.sbss2.* .rela.gnu.linkonce.sb2.*)
 *(.rel.bss .rel.bss.* .rel.gnu.linkonce.b.*)
 *(.rela.bss .rela.bss.* .rela.gnu.linkonce.b.*)
 *(.rel.plt)
 *(.rela.plt)
 *(.rel.dyn)
 *(.init)
 *(.plt)
 *(.text .stub .text.* .gnu.linkonce.t.*)
 .text          0x00008020       0x3c ../test_bouronLeds_bsp//obj/HAL/src/crt0.o
                0x00008020                _start
 .text          0x0000805c      0x104 obj/default/hello_world_small.o
                0x0000805c                main
 .text          0x00008160       0x98 c:/altera/11.1sp2/nios2eds/bin/gnu/h-i686-mingw32/bin/../lib/gcc/nios2-elf/4.1.2/../../../../nios2-elf/lib/mno-hw-mul\libsmallc.a(lib_a-printf.o)
                0x00008160                printf
                0x000081b4                _printf_r
 .text          0x000081f8      0x6a4 c:/altera/11.1sp2/nios2eds/bin/gnu/h-i686-mingw32/bin/../lib/gcc/nios2-elf/4.1.2/../../../../nios2-elf/lib/mno-hw-mul\libsmallc.a(lib_a-vfprintf.o)
                0x00008278                ___vfprintf_internal_r
                0x00008878                __vfprintf_internal
 .text          0x0000889c       0xbc c:/altera/11.1sp2/nios2eds/bin/gnu/h-i686-mingw32/bin/../lib/gcc/nios2-elf/4.1.2/../../../../nios2-elf/lib/mno-hw-mul\libsmallc.a(lib_a-fvwrite_small_dev.o)
                0x0000889c                __sfvwrite_small_dev
 .text          0x00008958        0x0 c:/altera/11.1sp2/nios2eds/bin/gnu/h-i686-mingw32/bin/../lib/gcc/nios2-elf/4.1.2/../../../../nios2-elf/lib/mno-hw-mul\libsmallc.a(lib_a-impure.o)
 .text          0x00008958       0x20 c:/altera/11.1sp2/nios2eds/bin/gnu/h-i686-mingw32/bin/../lib/gcc/nios2-elf/4.1.2/../../../../nios2-elf/lib/mno-hw-mul\libsmallc.a(lib_a-strlen.o)
                0x00008958                strlen
 .text          0x00008978       0x78 c:/altera/11.1sp2/nios2eds/bin/gnu/h-i686-mingw32/bin/../lib/gcc/nios2-elf/4.1.2/../../../../nios2-elf/lib/mno-hw-mul\libsmallc.a(lib_a-writer.o)
                0x00008978                _write_r
 .text          0x000089f0        0x0 c:/altera/11.1sp2/nios2eds/bin/gnu/h-i686-mingw32/bin/../lib/gcc/nios2-elf/4.1.2/../../../../nios2-elf/lib/mno-hw-mul\libsmallc.a(lib_a-int_errno.o)
 .text          0x000089f0      0x14c c:/altera/11.1sp2/nios2eds/bin/gnu/h-i686-mingw32/bin/../lib/gcc/nios2-elf/4.1.2/mno-hw-mul\libgcc.a(lib2-divmod.o)
                0x00008a6c                __divsi3
                0x00008acc                __modsi3
                0x00008b2c                __udivsi3
                0x00008b34                __umodsi3
 .text          0x00008b3c       0x38 c:/altera/11.1sp2/nios2eds/bin/gnu/h-i686-mingw32/bin/../lib/gcc/nios2-elf/4.1.2/mno-hw-mul\libgcc.a(lib2-mul.o)
                0x00008b3c                __mulsi3
 .text          0x00008b74       0x8c ../test_bouronLeds_bsp/\libhal_bsp.a(alt_load.o)
                0x00008b94                alt_load
 .text          0x00008c00       0x2c ../test_bouronLeds_bsp/\libhal_bsp.a(alt_main.o)
                0x00008c00                alt_main
 .text          0x00008c2c       0x38 ../test_bouronLeds_bsp/\libhal_bsp.a(alt_putstr.o)
                0x00008c2c                alt_putstr
 .text          0x00008c64        0x4 ../test_bouronLeds_bsp/\libhal_bsp.a(alt_usleep.o)
                0x00008c64                usleep
 .text          0x00008c68       0x78 ../test_bouronLeds_bsp/\libhal_bsp.a(alt_write.o)
                0x00008c68                write
 .text          0x00008ce0       0x24 ../test_bouronLeds_bsp/\libhal_bsp.a(alt_sys_init.o)
                0x00008ce0                alt_sys_init
                0x00008ce4                alt_irq_init
 .text          0x00008d04       0x34 ../test_bouronLeds_bsp/\libhal_bsp.a(altera_avalon_jtag_uart_write.o)
                0x00008d04                altera_avalon_jtag_uart_write
 .text          0x00008d38       0x8c ../test_bouronLeds_bsp/\libhal_bsp.a(alt_busy_sleep.o)
                0x00008d38                alt_busy_sleep
 .text          0x00008dc4        0x4 ../test_bouronLeds_bsp/\libhal_bsp.a(alt_dcache_flush_all.o)
                0x00008dc4                alt_dcache_flush_all
 .text          0x00008dc8        0x0 ../test_bouronLeds_bsp/\libhal_bsp.a(alt_errno.o)
 .text          0x00008dc8        0x4 ../test_bouronLeds_bsp/\libhal_bsp.a(alt_icache_flush_all.o)
                0x00008dc8                alt_icache_flush_all
 .text          0x00008dcc        0x8 ../test_bouronLeds_bsp/\libhal_bsp.a(altera_nios2_irq.o)
                0x00008dcc                altera_nios2_irq_init
 *(.gnu.warning.*)
 *(.fini)
                0x00008dd4                PROVIDE (__etext, ABSOLUTE (.))
                0x00008dd4                PROVIDE (_etext, ABSOLUTE (.))
                0x00008dd4                PROVIDE (etext, ABSOLUTE (.))
 *(.eh_frame_hdr)
                0x00008dd4                . = ALIGN (0x4)
                0x00008dd4                PROVIDE (__preinit_array_start, ABSOLUTE (.))
 *(.preinit_array)
                0x00008dd4                PROVIDE (__preinit_array_end, ABSOLUTE (.))
                0x00008dd4                PROVIDE (__init_array_start, ABSOLUTE (.))
 *(.init_array)
                0x00008dd4                PROVIDE (__init_array_end, ABSOLUTE (.))
                0x00008dd4                PROVIDE (__fini_array_start, ABSOLUTE (.))
 *(.fini_array)
                0x00008dd4                PROVIDE (__fini_array_end, ABSOLUTE (.))
 *(.eh_frame)
 *(.gcc_except_table)
 *(.dynamic)
                0x00008dd4                PROVIDE (__CTOR_LIST__, ABSOLUTE (.))
 *(.ctors)
 *(SORT(.ctors.*))
                0x00008dd4                PROVIDE (__CTOR_END__, ABSOLUTE (.))
                0x00008dd4                PROVIDE (__DTOR_LIST__, ABSOLUTE (.))
 *(.dtors)
 *(SORT(.dtors.*))
                0x00008dd4                PROVIDE (__DTOR_END__, ABSOLUTE (.))
 *(.jcr)
                0x00008dd4                . = ALIGN (0x4)

.rodata         0x00008dd4       0x34
                0x00008dd4                PROVIDE (__ram_rodata_start, ABSOLUTE (.))
                0x00008dd4                . = ALIGN (0x4)
 *(.rodata .rodata.* .gnu.linkonce.r.*)
 .rodata.str1.4
                0x00008dd4       0x34 obj/default/hello_world_small.o
 *(.rodata1)
                0x00008e08                . = ALIGN (0x4)
                0x00008e08                PROVIDE (__ram_rodata_end, ABSOLUTE (.))
                0x00008dd4                PROVIDE (__flash_rodata_start, LOADADDR (.rodata))

.rwdata         0x00008e08       0xf0 load address 0x00008ef8
                0x00008e08                PROVIDE (__ram_rwdata_start, ABSOLUTE (.))
                0x00008e08                . = ALIGN (0x4)
 *(.got.plt)
 *(.got)
 *(.data1)
 *(.data .data.* .gnu.linkonce.d.*)
 .data          0x00008e08        0x0 ../test_bouronLeds_bsp//obj/HAL/src/crt0.o
 .data          0x00008e08        0x0 obj/default/hello_world_small.o
 .data          0x00008e08        0x0 c:/altera/11.1sp2/nios2eds/bin/gnu/h-i686-mingw32/bin/../lib/gcc/nios2-elf/4.1.2/../../../../nios2-elf/lib/mno-hw-mul\libsmallc.a(lib_a-printf.o)
 .data          0x00008e08        0x0 c:/altera/11.1sp2/nios2eds/bin/gnu/h-i686-mingw32/bin/../lib/gcc/nios2-elf/4.1.2/../../../../nios2-elf/lib/mno-hw-mul\libsmallc.a(lib_a-vfprintf.o)
 .data          0x00008e08        0x0 c:/altera/11.1sp2/nios2eds/bin/gnu/h-i686-mingw32/bin/../lib/gcc/nios2-elf/4.1.2/../../../../nios2-elf/lib/mno-hw-mul\libsmallc.a(lib_a-fvwrite_small_dev.o)
 .data          0x00008e08       0xe0 c:/altera/11.1sp2/nios2eds/bin/gnu/h-i686-mingw32/bin/../lib/gcc/nios2-elf/4.1.2/../../../../nios2-elf/lib/mno-hw-mul\libsmallc.a(lib_a-impure.o)
 .data          0x00008ee8        0x0 c:/altera/11.1sp2/nios2eds/bin/gnu/h-i686-mingw32/bin/../lib/gcc/nios2-elf/4.1.2/../../../../nios2-elf/lib/mno-hw-mul\libsmallc.a(lib_a-strlen.o)
 .data          0x00008ee8        0x0 c:/altera/11.1sp2/nios2eds/bin/gnu/h-i686-mingw32/bin/../lib/gcc/nios2-elf/4.1.2/../../../../nios2-elf/lib/mno-hw-mul\libsmallc.a(lib_a-writer.o)
 .data          0x00008ee8        0x0 c:/altera/11.1sp2/nios2eds/bin/gnu/h-i686-mingw32/bin/../lib/gcc/nios2-elf/4.1.2/../../../../nios2-elf/lib/mno-hw-mul\libsmallc.a(lib_a-int_errno.o)
 .data          0x00008ee8        0x0 c:/altera/11.1sp2/nios2eds/bin/gnu/h-i686-mingw32/bin/../lib/gcc/nios2-elf/4.1.2/mno-hw-mul\libgcc.a(lib2-divmod.o)
 .data          0x00008ee8        0x0 c:/altera/11.1sp2/nios2eds/bin/gnu/h-i686-mingw32/bin/../lib/gcc/nios2-elf/4.1.2/mno-hw-mul\libgcc.a(lib2-mul.o)
 .data          0x00008ee8        0x0 ../test_bouronLeds_bsp/\libhal_bsp.a(alt_load.o)
 .data          0x00008ee8        0x0 ../test_bouronLeds_bsp/\libhal_bsp.a(alt_main.o)
 .data          0x00008ee8        0x0 ../test_bouronLeds_bsp/\libhal_bsp.a(alt_putstr.o)
 .data          0x00008ee8        0x0 ../test_bouronLeds_bsp/\libhal_bsp.a(alt_usleep.o)
 .data          0x00008ee8        0x0 ../test_bouronLeds_bsp/\libhal_bsp.a(alt_write.o)
 .data          0x00008ee8        0x0 ../test_bouronLeds_bsp/\libhal_bsp.a(alt_sys_init.o)
 .data          0x00008ee8        0x0 ../test_bouronLeds_bsp/\libhal_bsp.a(altera_avalon_jtag_uart_write.o)
 .data          0x00008ee8        0x0 ../test_bouronLeds_bsp/\libhal_bsp.a(alt_busy_sleep.o)
 .data          0x00008ee8        0x0 ../test_bouronLeds_bsp/\libhal_bsp.a(alt_dcache_flush_all.o)
 .data          0x00008ee8        0x0 ../test_bouronLeds_bsp/\libhal_bsp.a(alt_errno.o)
 .data          0x00008ee8        0x0 ../test_bouronLeds_bsp/\libhal_bsp.a(alt_icache_flush_all.o)
 .data          0x00008ee8        0x0 ../test_bouronLeds_bsp/\libhal_bsp.a(altera_nios2_irq.o)
                0x00010ee8                _gp = ABSOLUTE ((. + 0x8000))
                0x00010ee8                PROVIDE (gp, _gp)
 *(.rwdata .rwdata.*)
 *(.sdata .sdata.* .gnu.linkonce.s.*)
 .sdata         0x00008ee8        0x8 c:/altera/11.1sp2/nios2eds/bin/gnu/h-i686-mingw32/bin/../lib/gcc/nios2-elf/4.1.2/../../../../nios2-elf/lib/mno-hw-mul\libsmallc.a(lib_a-impure.o)
                0x00008ee8                _impure_ptr
                0x00008eec                _global_impure_ptr
 .sdata         0x00008ef0        0x4 ../test_bouronLeds_bsp/\libhal_bsp.a(alt_sys_init.o)
                0x00008ef0                jtag_uart_0
 .sdata         0x00008ef4        0x4 ../test_bouronLeds_bsp/\libhal_bsp.a(alt_errno.o)
                0x00008ef4                alt_errno
 *(.sdata2 .sdata2.* .gnu.linkonce.s2.*)
                0x00008ef8                . = ALIGN (0x4)
                0x00008ef8                _edata = ABSOLUTE (.)
                0x00008ef8                PROVIDE (edata, ABSOLUTE (.))
                0x00008ef8                PROVIDE (__ram_rwdata_end, ABSOLUTE (.))
                0x00008ef8                PROVIDE (__flash_rwdata_start, LOADADDR (.rwdata))

.bss            0x00008fe8       0x1c
                0x00008fe8                __bss_start = ABSOLUTE (.)
                0x00008fe8                PROVIDE (__sbss_start, ABSOLUTE (.))
                0x00008fe8                PROVIDE (___sbss_start, ABSOLUTE (.))
 *(.dynsbss)
 *(.sbss .sbss.* .gnu.linkonce.sb.*)
 .sbss          0x00008fe8        0x8 obj/default/hello_world_small.o
                0x00008fe8                etatB1
                0x00008fec                etatB2
 .sbss          0x00008ff0        0x2 obj/default/hello_world_small.o
                0x00008ff0                compt
 *fill*         0x00008ff2        0x2 00
 .sbss          0x00008ff4        0x4 c:/altera/11.1sp2/nios2eds/bin/gnu/h-i686-mingw32/bin/../lib/gcc/nios2-elf/4.1.2/../../../../nios2-elf/lib/mno-hw-mul\libsmallc.a(lib_a-int_errno.o)
                0x00008ff4                errno
 .sbss          0x00008ff8        0xc ../test_bouronLeds_bsp/\libhal_bsp.a(alt_main.o)
                0x00008ff8                alt_argc
                0x00008ffc                alt_argv
                0x00009000                alt_envp
 *(.sbss2 .sbss2.* .gnu.linkonce.sb2.*)
 *(.scommon)
                0x00009004                PROVIDE (__sbss_end, ABSOLUTE (.))
                0x00009004                PROVIDE (___sbss_end, ABSOLUTE (.))
 *(.dynbss)
 *(.bss .bss.* .gnu.linkonce.b.*)
 .bss           0x00009004        0x0 ../test_bouronLeds_bsp//obj/HAL/src/crt0.o
 .bss           0x00009004        0x0 obj/default/hello_world_small.o
 .bss           0x00009004        0x0 c:/altera/11.1sp2/nios2eds/bin/gnu/h-i686-mingw32/bin/../lib/gcc/nios2-elf/4.1.2/../../../../nios2-elf/lib/mno-hw-mul\libsmallc.a(lib_a-printf.o)
 .bss           0x00009004        0x0 c:/altera/11.1sp2/nios2eds/bin/gnu/h-i686-mingw32/bin/../lib/gcc/nios2-elf/4.1.2/../../../../nios2-elf/lib/mno-hw-mul\libsmallc.a(lib_a-vfprintf.o)
 .bss           0x00009004        0x0 c:/altera/11.1sp2/nios2eds/bin/gnu/h-i686-mingw32/bin/../lib/gcc/nios2-elf/4.1.2/../../../../nios2-elf/lib/mno-hw-mul\libsmallc.a(lib_a-fvwrite_small_dev.o)
 .bss           0x00009004        0x0 c:/altera/11.1sp2/nios2eds/bin/gnu/h-i686-mingw32/bin/../lib/gcc/nios2-elf/4.1.2/../../../../nios2-elf/lib/mno-hw-mul\libsmallc.a(lib_a-impure.o)
 .bss           0x00009004        0x0 c:/altera/11.1sp2/nios2eds/bin/gnu/h-i686-mingw32/bin/../lib/gcc/nios2-elf/4.1.2/../../../../nios2-elf/lib/mno-hw-mul\libsmallc.a(lib_a-strlen.o)
 .bss           0x00009004        0x0 c:/altera/11.1sp2/nios2eds/bin/gnu/h-i686-mingw32/bin/../lib/gcc/nios2-elf/4.1.2/../../../../nios2-elf/lib/mno-hw-mul\libsmallc.a(lib_a-writer.o)
 .bss           0x00009004        0x0 c:/altera/11.1sp2/nios2eds/bin/gnu/h-i686-mingw32/bin/../lib/gcc/nios2-elf/4.1.2/../../../../nios2-elf/lib/mno-hw-mul\libsmallc.a(lib_a-int_errno.o)
 .bss           0x00009004        0x0 c:/altera/11.1sp2/nios2eds/bin/gnu/h-i686-mingw32/bin/../lib/gcc/nios2-elf/4.1.2/mno-hw-mul\libgcc.a(lib2-divmod.o)
 .bss           0x00009004        0x0 c:/altera/11.1sp2/nios2eds/bin/gnu/h-i686-mingw32/bin/../lib/gcc/nios2-elf/4.1.2/mno-hw-mul\libgcc.a(lib2-mul.o)
 .bss           0x00009004        0x0 ../test_bouronLeds_bsp/\libhal_bsp.a(alt_load.o)
 .bss           0x00009004        0x0 ../test_bouronLeds_bsp/\libhal_bsp.a(alt_main.o)
 .bss           0x00009004        0x0 ../test_bouronLeds_bsp/\libhal_bsp.a(alt_putstr.o)
 .bss           0x00009004        0x0 ../test_bouronLeds_bsp/\libhal_bsp.a(alt_usleep.o)
 .bss           0x00009004        0x0 ../test_bouronLeds_bsp/\libhal_bsp.a(alt_write.o)
 .bss           0x00009004        0x0 ../test_bouronLeds_bsp/\libhal_bsp.a(alt_sys_init.o)
 .bss           0x00009004        0x0 ../test_bouronLeds_bsp/\libhal_bsp.a(altera_avalon_jtag_uart_write.o)
 .bss           0x00009004        0x0 ../test_bouronLeds_bsp/\libhal_bsp.a(alt_busy_sleep.o)
 .bss           0x00009004        0x0 ../test_bouronLeds_bsp/\libhal_bsp.a(alt_dcache_flush_all.o)
 .bss           0x00009004        0x0 ../test_bouronLeds_bsp/\libhal_bsp.a(alt_errno.o)
 .bss           0x00009004        0x0 ../test_bouronLeds_bsp/\libhal_bsp.a(alt_icache_flush_all.o)
 .bss           0x00009004        0x0 ../test_bouronLeds_bsp/\libhal_bsp.a(altera_nios2_irq.o)
 *(COMMON)
                0x00009004                . = ALIGN (0x4)
                0x00009004                __bss_end = ABSOLUTE (.)

.sram           0x00009004        0x0
                0x00009004                PROVIDE (_alt_partition_sram_start, ABSOLUTE (.))
 *(.sram. sram.*)
                0x00009004                . = ALIGN (0x4)
                0x00009004                PROVIDE (_alt_partition_sram_end, ABSOLUTE (.))
                0x00009004                _end = ABSOLUTE (.)
                0x00009004                end = ABSOLUTE (.)
                0x00009004                __alt_stack_base = ABSOLUTE (.)
                0x00009004                PROVIDE (_alt_partition_sram_load_addr, LOADADDR (.sram))

.stab
 *(.stab)

.stabstr
 *(.stabstr)

.stab.excl
 *(.stab.excl)

.stab.exclstr
 *(.stab.exclstr)

.stab.index
 *(.stab.index)

.stab.indexstr
 *(.stab.indexstr)

.comment        0x00000000       0x26
 *(.comment)
 .comment       0x00000000       0x26 obj/default/hello_world_small.o
                                 0x27 (size before relaxing)
 .comment       0x00000000       0x27 c:/altera/11.1sp2/nios2eds/bin/gnu/h-i686-mingw32/bin/../lib/gcc/nios2-elf/4.1.2/../../../../nios2-elf/lib/mno-hw-mul\libsmallc.a(lib_a-printf.o)
 .comment       0x00000000       0x27 c:/altera/11.1sp2/nios2eds/bin/gnu/h-i686-mingw32/bin/../lib/gcc/nios2-elf/4.1.2/../../../../nios2-elf/lib/mno-hw-mul\libsmallc.a(lib_a-vfprintf.o)
 .comment       0x00000000       0x27 c:/altera/11.1sp2/nios2eds/bin/gnu/h-i686-mingw32/bin/../lib/gcc/nios2-elf/4.1.2/../../../../nios2-elf/lib/mno-hw-mul\libsmallc.a(lib_a-fvwrite_small_dev.o)
 .comment       0x00000000       0x27 c:/altera/11.1sp2/nios2eds/bin/gnu/h-i686-mingw32/bin/../lib/gcc/nios2-elf/4.1.2/../../../../nios2-elf/lib/mno-hw-mul\libsmallc.a(lib_a-impure.o)
 .comment       0x00000000       0x27 c:/altera/11.1sp2/nios2eds/bin/gnu/h-i686-mingw32/bin/../lib/gcc/nios2-elf/4.1.2/../../../../nios2-elf/lib/mno-hw-mul\libsmallc.a(lib_a-strlen.o)
 .comment       0x00000000       0x27 c:/altera/11.1sp2/nios2eds/bin/gnu/h-i686-mingw32/bin/../lib/gcc/nios2-elf/4.1.2/../../../../nios2-elf/lib/mno-hw-mul\libsmallc.a(lib_a-writer.o)
 .comment       0x00000000       0x27 c:/altera/11.1sp2/nios2eds/bin/gnu/h-i686-mingw32/bin/../lib/gcc/nios2-elf/4.1.2/../../../../nios2-elf/lib/mno-hw-mul\libsmallc.a(lib_a-int_errno.o)
 .comment       0x00000000       0x27 c:/altera/11.1sp2/nios2eds/bin/gnu/h-i686-mingw32/bin/../lib/gcc/nios2-elf/4.1.2/mno-hw-mul\libgcc.a(lib2-divmod.o)
 .comment       0x00000000       0x27 c:/altera/11.1sp2/nios2eds/bin/gnu/h-i686-mingw32/bin/../lib/gcc/nios2-elf/4.1.2/mno-hw-mul\libgcc.a(lib2-mul.o)
 .comment       0x00000000       0x27 ../test_bouronLeds_bsp/\libhal_bsp.a(alt_load.o)
 .comment       0x00000000       0x27 ../test_bouronLeds_bsp/\libhal_bsp.a(alt_main.o)
 .comment       0x00000000       0x27 ../test_bouronLeds_bsp/\libhal_bsp.a(alt_putstr.o)
 .comment       0x00000000       0x27 ../test_bouronLeds_bsp/\libhal_bsp.a(alt_usleep.o)
 .comment       0x00000000       0x27 ../test_bouronLeds_bsp/\libhal_bsp.a(alt_write.o)
 .comment       0x00000000       0x27 ../test_bouronLeds_bsp/\libhal_bsp.a(alt_sys_init.o)
 .comment       0x00000000       0x27 ../test_bouronLeds_bsp/\libhal_bsp.a(altera_avalon_jtag_uart_write.o)
 .comment       0x00000000       0x27 ../test_bouronLeds_bsp/\libhal_bsp.a(alt_busy_sleep.o)
 .comment       0x00000000       0x27 ../test_bouronLeds_bsp/\libhal_bsp.a(alt_dcache_flush_all.o)
 .comment       0x00000000       0x27 ../test_bouronLeds_bsp/\libhal_bsp.a(alt_errno.o)
 .comment       0x00000000       0x27 ../test_bouronLeds_bsp/\libhal_bsp.a(alt_icache_flush_all.o)
 .comment       0x00000000       0x27 ../test_bouronLeds_bsp/\libhal_bsp.a(altera_nios2_irq.o)

.debug
 *(.debug)

.line
 *(.line)

.debug_srcinfo
 *(.debug_srcinfo)

.debug_sfnames
 *(.debug_sfnames)

.debug_aranges  0x00000000      0x288
 *(.debug_aranges)
 .debug_aranges
                0x00000000       0x28 ../test_bouronLeds_bsp//obj/HAL/src/crt0.o
 .debug_aranges
                0x00000028       0x20 obj/default/hello_world_small.o
 .debug_aranges
                0x00000048       0x20 c:/altera/11.1sp2/nios2eds/bin/gnu/h-i686-mingw32/bin/../lib/gcc/nios2-elf/4.1.2/../../../../nios2-elf/lib/mno-hw-mul\libsmallc.a(lib_a-printf.o)
 .debug_aranges
                0x00000068       0x20 c:/altera/11.1sp2/nios2eds/bin/gnu/h-i686-mingw32/bin/../lib/gcc/nios2-elf/4.1.2/../../../../nios2-elf/lib/mno-hw-mul\libsmallc.a(lib_a-vfprintf.o)
 .debug_aranges
                0x00000088       0x20 c:/altera/11.1sp2/nios2eds/bin/gnu/h-i686-mingw32/bin/../lib/gcc/nios2-elf/4.1.2/../../../../nios2-elf/lib/mno-hw-mul\libsmallc.a(lib_a-fvwrite_small_dev.o)
 .debug_aranges
                0x000000a8       0x20 c:/altera/11.1sp2/nios2eds/bin/gnu/h-i686-mingw32/bin/../lib/gcc/nios2-elf/4.1.2/../../../../nios2-elf/lib/mno-hw-mul\libsmallc.a(lib_a-strlen.o)
 .debug_aranges
                0x000000c8       0x20 c:/altera/11.1sp2/nios2eds/bin/gnu/h-i686-mingw32/bin/../lib/gcc/nios2-elf/4.1.2/../../../../nios2-elf/lib/mno-hw-mul\libsmallc.a(lib_a-writer.o)
 .debug_aranges
                0x000000e8       0x20 c:/altera/11.1sp2/nios2eds/bin/gnu/h-i686-mingw32/bin/../lib/gcc/nios2-elf/4.1.2/mno-hw-mul\libgcc.a(lib2-divmod.o)
 .debug_aranges
                0x00000108       0x20 c:/altera/11.1sp2/nios2eds/bin/gnu/h-i686-mingw32/bin/../lib/gcc/nios2-elf/4.1.2/mno-hw-mul\libgcc.a(lib2-mul.o)
 .debug_aranges
                0x00000128       0x20 ../test_bouronLeds_bsp/\libhal_bsp.a(alt_load.o)
 .debug_aranges
                0x00000148       0x20 ../test_bouronLeds_bsp/\libhal_bsp.a(alt_main.o)
 .debug_aranges
                0x00000168       0x20 ../test_bouronLeds_bsp/\libhal_bsp.a(alt_putstr.o)
 .debug_aranges
                0x00000188       0x20 ../test_bouronLeds_bsp/\libhal_bsp.a(alt_usleep.o)
 .debug_aranges
                0x000001a8       0x20 ../test_bouronLeds_bsp/\libhal_bsp.a(alt_write.o)
 .debug_aranges
                0x000001c8       0x20 ../test_bouronLeds_bsp/\libhal_bsp.a(alt_sys_init.o)
 .debug_aranges
                0x000001e8       0x20 ../test_bouronLeds_bsp/\libhal_bsp.a(altera_avalon_jtag_uart_write.o)
 .debug_aranges
                0x00000208       0x20 ../test_bouronLeds_bsp/\libhal_bsp.a(alt_busy_sleep.o)
 .debug_aranges
                0x00000228       0x20 ../test_bouronLeds_bsp/\libhal_bsp.a(alt_dcache_flush_all.o)
 .debug_aranges
                0x00000248       0x20 ../test_bouronLeds_bsp/\libhal_bsp.a(alt_icache_flush_all.o)
 .debug_aranges
                0x00000268       0x20 ../test_bouronLeds_bsp/\libhal_bsp.a(altera_nios2_irq.o)

.debug_pubnames
                0x00000000      0x3cc
 *(.debug_pubnames)
 .debug_pubnames
                0x00000000       0x3b obj/default/hello_world_small.o
 .debug_pubnames
                0x0000003b       0x2b c:/altera/11.1sp2/nios2eds/bin/gnu/h-i686-mingw32/bin/../lib/gcc/nios2-elf/4.1.2/../../../../nios2-elf/lib/mno-hw-mul\libsmallc.a(lib_a-printf.o)
 .debug_pubnames
                0x00000066       0x45 c:/altera/11.1sp2/nios2eds/bin/gnu/h-i686-mingw32/bin/../lib/gcc/nios2-elf/4.1.2/../../../../nios2-elf/lib/mno-hw-mul\libsmallc.a(lib_a-vfprintf.o)
 .debug_pubnames
                0x000000ab       0x2b c:/altera/11.1sp2/nios2eds/bin/gnu/h-i686-mingw32/bin/../lib/gcc/nios2-elf/4.1.2/../../../../nios2-elf/lib/mno-hw-mul\libsmallc.a(lib_a-fvwrite_small_dev.o)
 .debug_pubnames
                0x000000d6       0x39 c:/altera/11.1sp2/nios2eds/bin/gnu/h-i686-mingw32/bin/../lib/gcc/nios2-elf/4.1.2/../../../../nios2-elf/lib/mno-hw-mul\libsmallc.a(lib_a-impure.o)
 .debug_pubnames
                0x0000010f       0x1d c:/altera/11.1sp2/nios2eds/bin/gnu/h-i686-mingw32/bin/../lib/gcc/nios2-elf/4.1.2/../../../../nios2-elf/lib/mno-hw-mul\libsmallc.a(lib_a-strlen.o)
 .debug_pubnames
                0x0000012c       0x1f c:/altera/11.1sp2/nios2eds/bin/gnu/h-i686-mingw32/bin/../lib/gcc/nios2-elf/4.1.2/../../../../nios2-elf/lib/mno-hw-mul\libsmallc.a(lib_a-writer.o)
 .debug_pubnames
                0x0000014b       0x1c c:/altera/11.1sp2/nios2eds/bin/gnu/h-i686-mingw32/bin/../lib/gcc/nios2-elf/4.1.2/../../../../nios2-elf/lib/mno-hw-mul\libsmallc.a(lib_a-int_errno.o)
 .debug_pubnames
                0x00000167       0x48 c:/altera/11.1sp2/nios2eds/bin/gnu/h-i686-mingw32/bin/../lib/gcc/nios2-elf/4.1.2/mno-hw-mul\libgcc.a(lib2-divmod.o)
 .debug_pubnames
                0x000001af       0x1f c:/altera/11.1sp2/nios2eds/bin/gnu/h-i686-mingw32/bin/../lib/gcc/nios2-elf/4.1.2/mno-hw-mul\libgcc.a(lib2-mul.o)
 .debug_pubnames
                0x000001ce       0x1f ../test_bouronLeds_bsp/\libhal_bsp.a(alt_load.o)
 .debug_pubnames
                0x000001ed       0x46 ../test_bouronLeds_bsp/\libhal_bsp.a(alt_main.o)
 .debug_pubnames
                0x00000233       0x21 ../test_bouronLeds_bsp/\libhal_bsp.a(alt_putstr.o)
 .debug_pubnames
                0x00000254       0x1d ../test_bouronLeds_bsp/\libhal_bsp.a(alt_usleep.o)
 .debug_pubnames
                0x00000271       0x1c ../test_bouronLeds_bsp/\libhal_bsp.a(alt_write.o)
 .debug_pubnames
                0x0000028d       0x44 ../test_bouronLeds_bsp/\libhal_bsp.a(alt_sys_init.o)
 .debug_pubnames
                0x000002d1       0x34 ../test_bouronLeds_bsp/\libhal_bsp.a(altera_avalon_jtag_uart_write.o)
 .debug_pubnames
                0x00000305       0x25 ../test_bouronLeds_bsp/\libhal_bsp.a(alt_busy_sleep.o)
 .debug_pubnames
                0x0000032a       0x2b ../test_bouronLeds_bsp/\libhal_bsp.a(alt_dcache_flush_all.o)
 .debug_pubnames
                0x00000355       0x20 ../test_bouronLeds_bsp/\libhal_bsp.a(alt_errno.o)
 .debug_pubnames
                0x00000375       0x2b ../test_bouronLeds_bsp/\libhal_bsp.a(alt_icache_flush_all.o)
 .debug_pubnames
                0x000003a0       0x2c ../test_bouronLeds_bsp/\libhal_bsp.a(altera_nios2_irq.o)

.debug_info     0x00000000     0x347a
 *(.debug_info .gnu.linkonce.wi.*)
 .debug_info    0x00000000       0x87 ../test_bouronLeds_bsp//obj/HAL/src/crt0.o
 .debug_info    0x00000087       0xc8 obj/default/hello_world_small.o
 .debug_info    0x0000014f      0x6c8 c:/altera/11.1sp2/nios2eds/bin/gnu/h-i686-mingw32/bin/../lib/gcc/nios2-elf/4.1.2/../../../../nios2-elf/lib/mno-hw-mul\libsmallc.a(lib_a-printf.o)
 .debug_info    0x00000817      0x94c c:/altera/11.1sp2/nios2eds/bin/gnu/h-i686-mingw32/bin/../lib/gcc/nios2-elf/4.1.2/../../../../nios2-elf/lib/mno-hw-mul\libsmallc.a(lib_a-vfprintf.o)
 .debug_info    0x00001163      0x68e c:/altera/11.1sp2/nios2eds/bin/gnu/h-i686-mingw32/bin/../lib/gcc/nios2-elf/4.1.2/../../../../nios2-elf/lib/mno-hw-mul\libsmallc.a(lib_a-fvwrite_small_dev.o)
 .debug_info    0x000017f1      0x636 c:/altera/11.1sp2/nios2eds/bin/gnu/h-i686-mingw32/bin/../lib/gcc/nios2-elf/4.1.2/../../../../nios2-elf/lib/mno-hw-mul\libsmallc.a(lib_a-impure.o)
 .debug_info    0x00001e27       0xc2 c:/altera/11.1sp2/nios2eds/bin/gnu/h-i686-mingw32/bin/../lib/gcc/nios2-elf/4.1.2/../../../../nios2-elf/lib/mno-hw-mul\libsmallc.a(lib_a-strlen.o)
 .debug_info    0x00001ee9      0x68c c:/altera/11.1sp2/nios2eds/bin/gnu/h-i686-mingw32/bin/../lib/gcc/nios2-elf/4.1.2/../../../../nios2-elf/lib/mno-hw-mul\libsmallc.a(lib_a-writer.o)
 .debug_info    0x00002575       0x8c c:/altera/11.1sp2/nios2eds/bin/gnu/h-i686-mingw32/bin/../lib/gcc/nios2-elf/4.1.2/../../../../nios2-elf/lib/mno-hw-mul\libsmallc.a(lib_a-int_errno.o)
 .debug_info    0x00002601      0x21c c:/altera/11.1sp2/nios2eds/bin/gnu/h-i686-mingw32/bin/../lib/gcc/nios2-elf/4.1.2/mno-hw-mul\libgcc.a(lib2-divmod.o)
 .debug_info    0x0000281d       0xf3 c:/altera/11.1sp2/nios2eds/bin/gnu/h-i686-mingw32/bin/../lib/gcc/nios2-elf/4.1.2/mno-hw-mul\libgcc.a(lib2-mul.o)
 .debug_info    0x00002910      0x12e ../test_bouronLeds_bsp/\libhal_bsp.a(alt_load.o)
 .debug_info    0x00002a3e      0x125 ../test_bouronLeds_bsp/\libhal_bsp.a(alt_main.o)
 .debug_info    0x00002b63       0xc5 ../test_bouronLeds_bsp/\libhal_bsp.a(alt_putstr.o)
 .debug_info    0x00002c28       0xab ../test_bouronLeds_bsp/\libhal_bsp.a(alt_usleep.o)
 .debug_info    0x00002cd3      0x179 ../test_bouronLeds_bsp/\libhal_bsp.a(alt_write.o)
 .debug_info    0x00002e4c      0x17d ../test_bouronLeds_bsp/\libhal_bsp.a(alt_sys_init.o)
 .debug_info    0x00002fc9      0x18f ../test_bouronLeds_bsp/\libhal_bsp.a(altera_avalon_jtag_uart_write.o)
 .debug_info    0x00003158       0xd0 ../test_bouronLeds_bsp/\libhal_bsp.a(alt_busy_sleep.o)
 .debug_info    0x00003228       0x8d ../test_bouronLeds_bsp/\libhal_bsp.a(alt_dcache_flush_all.o)
 .debug_info    0x000032b5       0xab ../test_bouronLeds_bsp/\libhal_bsp.a(alt_errno.o)
 .debug_info    0x00003360       0x8d ../test_bouronLeds_bsp/\libhal_bsp.a(alt_icache_flush_all.o)
 .debug_info    0x000033ed       0x8d ../test_bouronLeds_bsp/\libhal_bsp.a(altera_nios2_irq.o)

.debug_abbrev   0x00000000     0x10b0
 *(.debug_abbrev)
 .debug_abbrev  0x00000000       0x12 ../test_bouronLeds_bsp//obj/HAL/src/crt0.o
 .debug_abbrev  0x00000012       0x50 obj/default/hello_world_small.o
 .debug_abbrev  0x00000062      0x179 c:/altera/11.1sp2/nios2eds/bin/gnu/h-i686-mingw32/bin/../lib/gcc/nios2-elf/4.1.2/../../../../nios2-elf/lib/mno-hw-mul\libsmallc.a(lib_a-printf.o)
 .debug_abbrev  0x000001db      0x247 c:/altera/11.1sp2/nios2eds/bin/gnu/h-i686-mingw32/bin/../lib/gcc/nios2-elf/4.1.2/../../../../nios2-elf/lib/mno-hw-mul\libsmallc.a(lib_a-vfprintf.o)
 .debug_abbrev  0x00000422      0x179 c:/altera/11.1sp2/nios2eds/bin/gnu/h-i686-mingw32/bin/../lib/gcc/nios2-elf/4.1.2/../../../../nios2-elf/lib/mno-hw-mul\libsmallc.a(lib_a-fvwrite_small_dev.o)
 .debug_abbrev  0x0000059b      0x13f c:/altera/11.1sp2/nios2eds/bin/gnu/h-i686-mingw32/bin/../lib/gcc/nios2-elf/4.1.2/../../../../nios2-elf/lib/mno-hw-mul\libsmallc.a(lib_a-impure.o)
 .debug_abbrev  0x000006da       0x7a c:/altera/11.1sp2/nios2eds/bin/gnu/h-i686-mingw32/bin/../lib/gcc/nios2-elf/4.1.2/../../../../nios2-elf/lib/mno-hw-mul\libsmallc.a(lib_a-strlen.o)
 .debug_abbrev  0x00000754      0x16c c:/altera/11.1sp2/nios2eds/bin/gnu/h-i686-mingw32/bin/../lib/gcc/nios2-elf/4.1.2/../../../../nios2-elf/lib/mno-hw-mul\libsmallc.a(lib_a-writer.o)
 .debug_abbrev  0x000008c0       0x3b c:/altera/11.1sp2/nios2eds/bin/gnu/h-i686-mingw32/bin/../lib/gcc/nios2-elf/4.1.2/../../../../nios2-elf/lib/mno-hw-mul\libsmallc.a(lib_a-int_errno.o)
 .debug_abbrev  0x000008fb       0xe0 c:/altera/11.1sp2/nios2eds/bin/gnu/h-i686-mingw32/bin/../lib/gcc/nios2-elf/4.1.2/mno-hw-mul\libgcc.a(lib2-divmod.o)
 .debug_abbrev  0x000009db       0x7b c:/altera/11.1sp2/nios2eds/bin/gnu/h-i686-mingw32/bin/../lib/gcc/nios2-elf/4.1.2/mno-hw-mul\libgcc.a(lib2-mul.o)
 .debug_abbrev  0x00000a56       0x97 ../test_bouronLeds_bsp/\libhal_bsp.a(alt_load.o)
 .debug_abbrev  0x00000aed       0xa6 ../test_bouronLeds_bsp/\libhal_bsp.a(alt_main.o)
 .debug_abbrev  0x00000b93       0x7c ../test_bouronLeds_bsp/\libhal_bsp.a(alt_putstr.o)
 .debug_abbrev  0x00000c0f       0x5d ../test_bouronLeds_bsp/\libhal_bsp.a(alt_usleep.o)
 .debug_abbrev  0x00000c6c       0xdd ../test_bouronLeds_bsp/\libhal_bsp.a(alt_write.o)
 .debug_abbrev  0x00000d49       0xe3 ../test_bouronLeds_bsp/\libhal_bsp.a(alt_sys_init.o)
 .debug_abbrev  0x00000e2c       0xf0 ../test_bouronLeds_bsp/\libhal_bsp.a(altera_avalon_jtag_uart_write.o)
 .debug_abbrev  0x00000f1c       0x79 ../test_bouronLeds_bsp/\libhal_bsp.a(alt_busy_sleep.o)
 .debug_abbrev  0x00000f95       0x3f ../test_bouronLeds_bsp/\libhal_bsp.a(alt_dcache_flush_all.o)
 .debug_abbrev  0x00000fd4       0x5e ../test_bouronLeds_bsp/\libhal_bsp.a(alt_errno.o)
 .debug_abbrev  0x00001032       0x3f ../test_bouronLeds_bsp/\libhal_bsp.a(alt_icache_flush_all.o)
 .debug_abbrev  0x00001071       0x3f ../test_bouronLeds_bsp/\libhal_bsp.a(altera_nios2_irq.o)

.debug_line     0x00000000     0x34bc
 *(.debug_line)
 .debug_line    0x00000000       0x66 ../test_bouronLeds_bsp//obj/HAL/src/crt0.o
 .debug_line    0x00000066      0x280 obj/default/hello_world_small.o
 .debug_line    0x000002e6      0x2be c:/altera/11.1sp2/nios2eds/bin/gnu/h-i686-mingw32/bin/../lib/gcc/nios2-elf/4.1.2/../../../../nios2-elf/lib/mno-hw-mul\libsmallc.a(lib_a-printf.o)
 .debug_line    0x000005a4      0x5f3 c:/altera/11.1sp2/nios2eds/bin/gnu/h-i686-mingw32/bin/../lib/gcc/nios2-elf/4.1.2/../../../../nios2-elf/lib/mno-hw-mul\libsmallc.a(lib_a-vfprintf.o)
 .debug_line    0x00000b97      0x2a9 c:/altera/11.1sp2/nios2eds/bin/gnu/h-i686-mingw32/bin/../lib/gcc/nios2-elf/4.1.2/../../../../nios2-elf/lib/mno-hw-mul\libsmallc.a(lib_a-fvwrite_small_dev.o)
 .debug_line    0x00000e40      0x230 c:/altera/11.1sp2/nios2eds/bin/gnu/h-i686-mingw32/bin/../lib/gcc/nios2-elf/4.1.2/../../../../nios2-elf/lib/mno-hw-mul\libsmallc.a(lib_a-impure.o)
 .debug_line    0x00001070      0x250 c:/altera/11.1sp2/nios2eds/bin/gnu/h-i686-mingw32/bin/../lib/gcc/nios2-elf/4.1.2/../../../../nios2-elf/lib/mno-hw-mul\libsmallc.a(lib_a-strlen.o)
 .debug_line    0x000012c0      0x29d c:/altera/11.1sp2/nios2eds/bin/gnu/h-i686-mingw32/bin/../lib/gcc/nios2-elf/4.1.2/../../../../nios2-elf/lib/mno-hw-mul\libsmallc.a(lib_a-writer.o)
 .debug_line    0x0000155d      0x1e2 c:/altera/11.1sp2/nios2eds/bin/gnu/h-i686-mingw32/bin/../lib/gcc/nios2-elf/4.1.2/../../../../nios2-elf/lib/mno-hw-mul\libsmallc.a(lib_a-int_errno.o)
 .debug_line    0x0000173f      0x24f c:/altera/11.1sp2/nios2eds/bin/gnu/h-i686-mingw32/bin/../lib/gcc/nios2-elf/4.1.2/mno-hw-mul\libgcc.a(lib2-divmod.o)
 .debug_line    0x0000198e      0x11a c:/altera/11.1sp2/nios2eds/bin/gnu/h-i686-mingw32/bin/../lib/gcc/nios2-elf/4.1.2/mno-hw-mul\libgcc.a(lib2-mul.o)
 .debug_line    0x00001aa8      0x217 ../test_bouronLeds_bsp/\libhal_bsp.a(alt_load.o)
 .debug_line    0x00001cbf      0x2c2 ../test_bouronLeds_bsp/\libhal_bsp.a(alt_main.o)
 .debug_line    0x00001f81      0x1d9 ../test_bouronLeds_bsp/\libhal_bsp.a(alt_putstr.o)
 .debug_line    0x0000215a      0x202 ../test_bouronLeds_bsp/\libhal_bsp.a(alt_usleep.o)
 .debug_line    0x0000235c      0x2ab ../test_bouronLeds_bsp/\libhal_bsp.a(alt_write.o)
 .debug_line    0x00002607      0x286 ../test_bouronLeds_bsp/\libhal_bsp.a(alt_sys_init.o)
 .debug_line    0x0000288d      0x2f4 ../test_bouronLeds_bsp/\libhal_bsp.a(altera_avalon_jtag_uart_write.o)
 .debug_line    0x00002b81      0x25e ../test_bouronLeds_bsp/\libhal_bsp.a(alt_busy_sleep.o)
 .debug_line    0x00002ddf      0x1b5 ../test_bouronLeds_bsp/\libhal_bsp.a(alt_dcache_flush_all.o)
 .debug_line    0x00002f94      0x1aa ../test_bouronLeds_bsp/\libhal_bsp.a(alt_errno.o)
 .debug_line    0x0000313e      0x1b5 ../test_bouronLeds_bsp/\libhal_bsp.a(alt_icache_flush_all.o)
 .debug_line    0x000032f3      0x1c9 ../test_bouronLeds_bsp/\libhal_bsp.a(altera_nios2_irq.o)

.debug_frame    0x00000000      0x388
 *(.debug_frame)
 .debug_frame   0x00000000       0x28 obj/default/hello_world_small.o
 .debug_frame   0x00000028       0x40 c:/altera/11.1sp2/nios2eds/bin/gnu/h-i686-mingw32/bin/../lib/gcc/nios2-elf/4.1.2/../../../../nios2-elf/lib/mno-hw-mul\libsmallc.a(lib_a-printf.o)
 .debug_frame   0x00000068       0x64 c:/altera/11.1sp2/nios2eds/bin/gnu/h-i686-mingw32/bin/../lib/gcc/nios2-elf/4.1.2/../../../../nios2-elf/lib/mno-hw-mul\libsmallc.a(lib_a-vfprintf.o)
 .debug_frame   0x000000cc       0x30 c:/altera/11.1sp2/nios2eds/bin/gnu/h-i686-mingw32/bin/../lib/gcc/nios2-elf/4.1.2/../../../../nios2-elf/lib/mno-hw-mul\libsmallc.a(lib_a-fvwrite_small_dev.o)
 .debug_frame   0x000000fc       0x20 c:/altera/11.1sp2/nios2eds/bin/gnu/h-i686-mingw32/bin/../lib/gcc/nios2-elf/4.1.2/../../../../nios2-elf/lib/mno-hw-mul\libsmallc.a(lib_a-strlen.o)
 .debug_frame   0x0000011c       0x2c c:/altera/11.1sp2/nios2eds/bin/gnu/h-i686-mingw32/bin/../lib/gcc/nios2-elf/4.1.2/../../../../nios2-elf/lib/mno-hw-mul\libsmallc.a(lib_a-writer.o)
 .debug_frame   0x00000148       0x70 c:/altera/11.1sp2/nios2eds/bin/gnu/h-i686-mingw32/bin/../lib/gcc/nios2-elf/4.1.2/mno-hw-mul\libgcc.a(lib2-divmod.o)
 .debug_frame   0x000001b8       0x20 c:/altera/11.1sp2/nios2eds/bin/gnu/h-i686-mingw32/bin/../lib/gcc/nios2-elf/4.1.2/mno-hw-mul\libgcc.a(lib2-mul.o)
 .debug_frame   0x000001d8       0x38 ../test_bouronLeds_bsp/\libhal_bsp.a(alt_load.o)
 .debug_frame   0x00000210       0x28 ../test_bouronLeds_bsp/\libhal_bsp.a(alt_main.o)
 .debug_frame   0x00000238       0x28 ../test_bouronLeds_bsp/\libhal_bsp.a(alt_putstr.o)
 .debug_frame   0x00000260       0x20 ../test_bouronLeds_bsp/\libhal_bsp.a(alt_usleep.o)
 .debug_frame   0x00000280       0x28 ../test_bouronLeds_bsp/\libhal_bsp.a(alt_write.o)
 .debug_frame   0x000002a8       0x38 ../test_bouronLeds_bsp/\libhal_bsp.a(alt_sys_init.o)
 .debug_frame   0x000002e0       0x20 ../test_bouronLeds_bsp/\libhal_bsp.a(altera_avalon_jtag_uart_write.o)
 .debug_frame   0x00000300       0x28 ../test_bouronLeds_bsp/\libhal_bsp.a(alt_busy_sleep.o)
 .debug_frame   0x00000328       0x20 ../test_bouronLeds_bsp/\libhal_bsp.a(alt_dcache_flush_all.o)
 .debug_frame   0x00000348       0x20 ../test_bouronLeds_bsp/\libhal_bsp.a(alt_icache_flush_all.o)
 .debug_frame   0x00000368       0x20 ../test_bouronLeds_bsp/\libhal_bsp.a(altera_nios2_irq.o)

.debug_str      0x00000000      0xdbd
 *(.debug_str)
 .debug_str     0x00000000       0xd6 obj/default/hello_world_small.o
                                0x114 (size before relaxing)
 .debug_str     0x000000d6      0x3a3 c:/altera/11.1sp2/nios2eds/bin/gnu/h-i686-mingw32/bin/../lib/gcc/nios2-elf/4.1.2/../../../../nios2-elf/lib/mno-hw-mul\libsmallc.a(lib_a-printf.o)
                                0x466 (size before relaxing)
 .debug_str     0x00000479      0x115 c:/altera/11.1sp2/nios2eds/bin/gnu/h-i686-mingw32/bin/../lib/gcc/nios2-elf/4.1.2/../../../../nios2-elf/lib/mno-hw-mul\libsmallc.a(lib_a-vfprintf.o)
                                0x562 (size before relaxing)
 .debug_str     0x0000058e       0x70 c:/altera/11.1sp2/nios2eds/bin/gnu/h-i686-mingw32/bin/../lib/gcc/nios2-elf/4.1.2/../../../../nios2-elf/lib/mno-hw-mul\libsmallc.a(lib_a-fvwrite_small_dev.o)
                                0x46a (size before relaxing)
 .debug_str     0x000005fe       0xf8 c:/altera/11.1sp2/nios2eds/bin/gnu/h-i686-mingw32/bin/../lib/gcc/nios2-elf/4.1.2/../../../../nios2-elf/lib/mno-hw-mul\libsmallc.a(lib_a-impure.o)
                                0x45d (size before relaxing)
 .debug_str     0x000006f6       0xe2 c:/altera/11.1sp2/nios2eds/bin/gnu/h-i686-mingw32/bin/../lib/gcc/nios2-elf/4.1.2/../../../../nios2-elf/lib/mno-hw-mul\libsmallc.a(lib_a-strlen.o)
                                0x184 (size before relaxing)
 .debug_str     0x000007d8       0x4f c:/altera/11.1sp2/nios2eds/bin/gnu/h-i686-mingw32/bin/../lib/gcc/nios2-elf/4.1.2/../../../../nios2-elf/lib/mno-hw-mul\libsmallc.a(lib_a-writer.o)
                                0x451 (size before relaxing)
 .debug_str     0x00000827       0x40 c:/altera/11.1sp2/nios2eds/bin/gnu/h-i686-mingw32/bin/../lib/gcc/nios2-elf/4.1.2/../../../../nios2-elf/lib/mno-hw-mul\libsmallc.a(lib_a-int_errno.o)
                                0x177 (size before relaxing)
 .debug_str     0x00000867      0x10b c:/altera/11.1sp2/nios2eds/bin/gnu/h-i686-mingw32/bin/../lib/gcc/nios2-elf/4.1.2/mno-hw-mul\libgcc.a(lib2-divmod.o)
                                0x1b4 (size before relaxing)
 .debug_str     0x00000972       0x37 c:/altera/11.1sp2/nios2eds/bin/gnu/h-i686-mingw32/bin/../lib/gcc/nios2-elf/4.1.2/mno-hw-mul\libgcc.a(lib2-mul.o)
                                0x175 (size before relaxing)
 .debug_str     0x000009a9      0x147 ../test_bouronLeds_bsp/\libhal_bsp.a(alt_load.o)
                                0x1dc (size before relaxing)
 .debug_str     0x00000af0       0x70 ../test_bouronLeds_bsp/\libhal_bsp.a(alt_main.o)
                                0x160 (size before relaxing)
 .debug_str     0x00000b60       0x4c ../test_bouronLeds_bsp/\libhal_bsp.a(alt_putstr.o)
                                0x137 (size before relaxing)
 .debug_str     0x00000bac       0x27 ../test_bouronLeds_bsp/\libhal_bsp.a(alt_usleep.o)
                                0x112 (size before relaxing)
 .debug_str     0x00000bd3       0x2c ../test_bouronLeds_bsp/\libhal_bsp.a(alt_write.o)
                                0x18c (size before relaxing)
 .debug_str     0x00000bff       0x85 ../test_bouronLeds_bsp/\libhal_bsp.a(alt_sys_init.o)
                                0x1d5 (size before relaxing)
 .debug_str     0x00000c84       0x4a ../test_bouronLeds_bsp/\libhal_bsp.a(altera_avalon_jtag_uart_write.o)
                                0x1d8 (size before relaxing)
 .debug_str     0x00000cce       0x42 ../test_bouronLeds_bsp/\libhal_bsp.a(alt_busy_sleep.o)
                                0x135 (size before relaxing)
 .debug_str     0x00000d10       0x34 ../test_bouronLeds_bsp/\libhal_bsp.a(alt_dcache_flush_all.o)
                                0x11f (size before relaxing)
 .debug_str     0x00000d44       0x14 ../test_bouronLeds_bsp/\libhal_bsp.a(alt_errno.o)
                                0x10f (size before relaxing)
 .debug_str     0x00000d58       0x34 ../test_bouronLeds_bsp/\libhal_bsp.a(alt_icache_flush_all.o)
                                0x11f (size before relaxing)
 .debug_str     0x00000d8c       0x31 ../test_bouronLeds_bsp/\libhal_bsp.a(altera_nios2_irq.o)
                                0x11c (size before relaxing)

.debug_loc      0x00000000      0xd65
 *(.debug_loc)
 .debug_loc     0x00000000       0x1f obj/default/hello_world_small.o
 .debug_loc     0x0000001f       0x8d c:/altera/11.1sp2/nios2eds/bin/gnu/h-i686-mingw32/bin/../lib/gcc/nios2-elf/4.1.2/../../../../nios2-elf/lib/mno-hw-mul\libsmallc.a(lib_a-printf.o)
 .debug_loc     0x000000ac      0x6a6 c:/altera/11.1sp2/nios2eds/bin/gnu/h-i686-mingw32/bin/../lib/gcc/nios2-elf/4.1.2/../../../../nios2-elf/lib/mno-hw-mul\libsmallc.a(lib_a-vfprintf.o)
 .debug_loc     0x00000752      0x162 c:/altera/11.1sp2/nios2eds/bin/gnu/h-i686-mingw32/bin/../lib/gcc/nios2-elf/4.1.2/../../../../nios2-elf/lib/mno-hw-mul\libsmallc.a(lib_a-fvwrite_small_dev.o)
 .debug_loc     0x000008b4       0x1e c:/altera/11.1sp2/nios2eds/bin/gnu/h-i686-mingw32/bin/../lib/gcc/nios2-elf/4.1.2/../../../../nios2-elf/lib/mno-hw-mul\libsmallc.a(lib_a-strlen.o)
 .debug_loc     0x000008d2       0x97 c:/altera/11.1sp2/nios2eds/bin/gnu/h-i686-mingw32/bin/../lib/gcc/nios2-elf/4.1.2/../../../../nios2-elf/lib/mno-hw-mul\libsmallc.a(lib_a-writer.o)
 .debug_loc     0x00000969      0x1d2 c:/altera/11.1sp2/nios2eds/bin/gnu/h-i686-mingw32/bin/../lib/gcc/nios2-elf/4.1.2/mno-hw-mul\libgcc.a(lib2-divmod.o)
 .debug_loc     0x00000b3b       0x4f c:/altera/11.1sp2/nios2eds/bin/gnu/h-i686-mingw32/bin/../lib/gcc/nios2-elf/4.1.2/mno-hw-mul\libgcc.a(lib2-mul.o)
 .debug_loc     0x00000b8a       0x1f ../test_bouronLeds_bsp/\libhal_bsp.a(alt_load.o)
 .debug_loc     0x00000ba9       0x1f ../test_bouronLeds_bsp/\libhal_bsp.a(alt_main.o)
 .debug_loc     0x00000bc8       0x48 ../test_bouronLeds_bsp/\libhal_bsp.a(alt_putstr.o)
 .debug_loc     0x00000c10       0x13 ../test_bouronLeds_bsp/\libhal_bsp.a(alt_usleep.o)
 .debug_loc     0x00000c23       0x9a ../test_bouronLeds_bsp/\libhal_bsp.a(alt_write.o)
 .debug_loc     0x00000cbd       0x32 ../test_bouronLeds_bsp/\libhal_bsp.a(alt_sys_init.o)
 .debug_loc     0x00000cef       0x26 ../test_bouronLeds_bsp/\libhal_bsp.a(altera_avalon_jtag_uart_write.o)
 .debug_loc     0x00000d15       0x50 ../test_bouronLeds_bsp/\libhal_bsp.a(alt_busy_sleep.o)

.debug_macinfo
 *(.debug_macinfo)

.debug_weaknames
 *(.debug_weaknames)

.debug_funcnames
 *(.debug_funcnames)

.debug_typenames
 *(.debug_typenames)

.debug_varnames
 *(.debug_varnames)

.debug_alt_sim_info
                0x00000000       0x40
 *(.debug_alt_sim_info)
 .debug_alt_sim_info
                0x00000000       0x10 ../test_bouronLeds_bsp//obj/HAL/src/crt0.o
 .debug_alt_sim_info
                0x00000010       0x30 ../test_bouronLeds_bsp/\libhal_bsp.a(alt_busy_sleep.o)
                0x0000ce20                __alt_data_end = 0xce20
                0x0000ce20                PROVIDE (__alt_stack_pointer, __alt_data_end)
                0x00009004                PROVIDE (__alt_stack_limit, __alt_stack_base)
                0x00009004                PROVIDE (__alt_heap_start, end)
                0x0000ce20                PROVIDE (__alt_heap_limit, 0xce20)
OUTPUT(test_bouronLeds.elf elf32-littlenios2)

.debug_ranges   0x00000000       0xc8
 .debug_ranges  0x00000000       0x20 ../test_bouronLeds_bsp//obj/HAL/src/crt0.o
 .debug_ranges  0x00000020       0xa8 c:/altera/11.1sp2/nios2eds/bin/gnu/h-i686-mingw32/bin/../lib/gcc/nios2-elf/4.1.2/../../../../nios2-elf/lib/mno-hw-mul\libsmallc.a(lib_a-vfprintf.o)
