Archive member included because of file (symbol)

c:/altera/11.1sp2/nios2eds/bin/gnu/h-i686-mingw32/bin/../lib/gcc/nios2-elf/4.1.2/../../../../nios2-elf/lib/mno-hw-mul\libsmallc.a(lib_a-puts.o)
                              obj/default/hello_world_small.o (puts)
c:/altera/11.1sp2/nios2eds/bin/gnu/h-i686-mingw32/bin/../lib/gcc/nios2-elf/4.1.2/../../../../nios2-elf/lib/mno-hw-mul\libsmallc.a(lib_a-strlen.o)
                              c:/altera/11.1sp2/nios2eds/bin/gnu/h-i686-mingw32/bin/../lib/gcc/nios2-elf/4.1.2/../../../../nios2-elf/lib/mno-hw-mul\libsmallc.a(lib_a-puts.o) (strlen)
c:/altera/11.1sp2/nios2eds/bin/gnu/h-i686-mingw32/bin/../lib/gcc/nios2-elf/4.1.2/../../../../nios2-elf/lib/mno-hw-mul\libsmallc.a(lib_a-fvwrite_small_dev.o)
                              c:/altera/11.1sp2/nios2eds/bin/gnu/h-i686-mingw32/bin/../lib/gcc/nios2-elf/4.1.2/../../../../nios2-elf/lib/mno-hw-mul\libsmallc.a(lib_a-puts.o) (__sfvwrite_small_dev)
c:/altera/11.1sp2/nios2eds/bin/gnu/h-i686-mingw32/bin/../lib/gcc/nios2-elf/4.1.2/../../../../nios2-elf/lib/mno-hw-mul\libsmallc.a(lib_a-impure.o)
                              c:/altera/11.1sp2/nios2eds/bin/gnu/h-i686-mingw32/bin/../lib/gcc/nios2-elf/4.1.2/../../../../nios2-elf/lib/mno-hw-mul\libsmallc.a(lib_a-puts.o) (_impure_ptr)
c:/altera/11.1sp2/nios2eds/bin/gnu/h-i686-mingw32/bin/../lib/gcc/nios2-elf/4.1.2/../../../../nios2-elf/lib/mno-hw-mul\libsmallc.a(lib_a-writer.o)
                              c:/altera/11.1sp2/nios2eds/bin/gnu/h-i686-mingw32/bin/../lib/gcc/nios2-elf/4.1.2/../../../../nios2-elf/lib/mno-hw-mul\libsmallc.a(lib_a-fvwrite_small_dev.o) (_write_r)
c:/altera/11.1sp2/nios2eds/bin/gnu/h-i686-mingw32/bin/../lib/gcc/nios2-elf/4.1.2/../../../../nios2-elf/lib/mno-hw-mul\libsmallc.a(lib_a-int_errno.o)
                              c:/altera/11.1sp2/nios2eds/bin/gnu/h-i686-mingw32/bin/../lib/gcc/nios2-elf/4.1.2/../../../../nios2-elf/lib/mno-hw-mul\libsmallc.a(lib_a-writer.o) (errno)
../test_GesBou_bsp/\libhal_bsp.a(alt_load.o)
                              ../test_GesBou_bsp//obj/HAL/src/crt0.o (alt_load)
../test_GesBou_bsp/\libhal_bsp.a(alt_main.o)
                              ../test_GesBou_bsp//obj/HAL/src/crt0.o (alt_main)
../test_GesBou_bsp/\libhal_bsp.a(alt_putstr.o)
                              obj/default/hello_world_small.o (alt_putstr)
../test_GesBou_bsp/\libhal_bsp.a(alt_usleep.o)
                              obj/default/hello_world_small.o (usleep)
../test_GesBou_bsp/\libhal_bsp.a(alt_write.o)
                              c:/altera/11.1sp2/nios2eds/bin/gnu/h-i686-mingw32/bin/../lib/gcc/nios2-elf/4.1.2/../../../../nios2-elf/lib/mno-hw-mul\libsmallc.a(lib_a-writer.o) (write)
../test_GesBou_bsp/\libhal_bsp.a(alt_sys_init.o)
                              ../test_GesBou_bsp/\libhal_bsp.a(alt_main.o) (alt_sys_init)
../test_GesBou_bsp/\libhal_bsp.a(altera_avalon_jtag_uart_write.o)
                              ../test_GesBou_bsp/\libhal_bsp.a(alt_putstr.o) (altera_avalon_jtag_uart_write)
../test_GesBou_bsp/\libhal_bsp.a(alt_busy_sleep.o)
                              ../test_GesBou_bsp/\libhal_bsp.a(alt_usleep.o) (alt_busy_sleep)
../test_GesBou_bsp/\libhal_bsp.a(alt_dcache_flush_all.o)
                              ../test_GesBou_bsp/\libhal_bsp.a(alt_load.o) (alt_dcache_flush_all)
../test_GesBou_bsp/\libhal_bsp.a(alt_errno.o)
                              ../test_GesBou_bsp/\libhal_bsp.a(alt_write.o) (alt_errno)
../test_GesBou_bsp/\libhal_bsp.a(alt_icache_flush_all.o)
                              ../test_GesBou_bsp/\libhal_bsp.a(alt_load.o) (alt_icache_flush_all)
../test_GesBou_bsp/\libhal_bsp.a(altera_nios2_irq.o)
                              ../test_GesBou_bsp/\libhal_bsp.a(alt_sys_init.o) (altera_nios2_irq_init)
c:/altera/11.1sp2/nios2eds/bin/gnu/h-i686-mingw32/bin/../lib/gcc/nios2-elf/4.1.2/mno-hw-mul\libgcc.a(lib2-divmod.o)
                              ../test_GesBou_bsp/\libhal_bsp.a(alt_busy_sleep.o) (__udivsi3)
c:/altera/11.1sp2/nios2eds/bin/gnu/h-i686-mingw32/bin/../lib/gcc/nios2-elf/4.1.2/mno-hw-mul\libgcc.a(lib2-mul.o)
                              ../test_GesBou_bsp/\libhal_bsp.a(alt_busy_sleep.o) (__mulsi3)

Allocating common symbols
Common symbol       size              file

Code1               0x4               obj/default/hello_world_small.o
errno               0x4               c:/altera/11.1sp2/nios2eds/bin/gnu/h-i686-mingw32/bin/../lib/gcc/nios2-elf/4.1.2/../../../../nios2-elf/lib/mno-hw-mul\libsmallc.a(lib_a-int_errno.o)

Memory Configuration

Name             Origin             Length             Attributes
reset            0x00008000         0x00000020
sram             0x00008020         0x00004fe0
*default*        0x00000000         0xffffffff

Linker script and memory map

LOAD ../test_GesBou_bsp//obj/HAL/src/crt0.o
                0x0000800c                exit = _exit
LOAD obj/default/hello_world_small.o
LOAD c:/altera/11.1sp2/nios2eds/bin/gnu/h-i686-mingw32/bin/../lib/gcc/nios2-elf/4.1.2/../../../../nios2-elf/lib/mno-hw-mul\libstdc++.a
LOAD c:/altera/11.1sp2/nios2eds/bin/gnu/h-i686-mingw32/bin/../lib/gcc/nios2-elf/4.1.2/../../../../nios2-elf/lib/mno-hw-mul\libm.a
LOAD c:/altera/11.1sp2/nios2eds/bin/gnu/h-i686-mingw32/bin/../lib/gcc/nios2-elf/4.1.2/mno-hw-mul\libgcc.a
START GROUP
LOAD c:/altera/11.1sp2/nios2eds/bin/gnu/h-i686-mingw32/bin/../lib/gcc/nios2-elf/4.1.2/../../../../nios2-elf/lib/mno-hw-mul\libsmallc.a
LOAD c:/altera/11.1sp2/nios2eds/bin/gnu/h-i686-mingw32/bin/../lib/gcc/nios2-elf/4.1.2/mno-hw-mul\libgcc.a
LOAD ../test_GesBou_bsp/\libhal_bsp.a
END GROUP
LOAD c:/altera/11.1sp2/nios2eds/bin/gnu/h-i686-mingw32/bin/../lib/gcc/nios2-elf/4.1.2/mno-hw-mul\libgcc.a
                0x00008000                __alt_mem_sram = 0x8000

.entry          0x00008000       0x20
 *(.entry)
 .entry         0x00008000       0x20 ../test_GesBou_bsp//obj/HAL/src/crt0.o
                0x00008000                __reset
                0x0000800c                _exit

.exceptions     0x00008020        0x0
                0x00008020                PROVIDE (__ram_exceptions_start, ABSOLUTE (.))
                0x00008020                . = ALIGN (0x20)
 *(.irq)
 *(.exceptions.entry.label)
 *(.exceptions.entry.user)
 *(.exceptions.entry)
 *(.exceptions.irqtest.user)
 *(.exceptions.irqtest)
 *(.exceptions.irqhandler.user)
 *(.exceptions.irqhandler)
 *(.exceptions.irqreturn.user)
 *(.exceptions.irqreturn)
 *(.exceptions.notirq.label)
 *(.exceptions.notirq.user)
 *(.exceptions.notirq)
 *(.exceptions.soft.user)
 *(.exceptions.soft)
 *(.exceptions.unknown.user)
 *(.exceptions.unknown)
 *(.exceptions.exit.label)
 *(.exceptions.exit.user)
 *(.exceptions.exit)
 *(.exceptions)
                0x00008020                PROVIDE (__ram_exceptions_end, ABSOLUTE (.))
                0x00008020                PROVIDE (__flash_exceptions_start, LOADADDR (.exceptions))

.text           0x00008020      0x708
                0x00008020                PROVIDE (stext, ABSOLUTE (.))
 *(.interp)
 *(.hash)
 *(.dynsym)
 *(.dynstr)
 *(.gnu.version)
 *(.gnu.version_d)
 *(.gnu.version_r)
 *(.rel.init)
 *(.rela.init)
 *(.rel.text .rel.text.* .rel.gnu.linkonce.t.*)
 *(.rela.text .rela.text.* .rela.gnu.linkonce.t.*)
 *(.rel.fini)
 *(.rela.fini)
 *(.rel.rodata .rel.rodata.* .rel.gnu.linkonce.r.*)
 *(.rela.rodata .rela.rodata.* .rela.gnu.linkonce.r.*)
 *(.rel.data .rel.data.* .rel.gnu.linkonce.d.*)
 *(.rela.data .rela.data.* .rela.gnu.linkonce.d.*)
 *(.rel.tdata .rel.tdata.* .rel.gnu.linkonce.td.*)
 *(.rela.tdata .rela.tdata.* .rela.gnu.linkonce.td.*)
 *(.rel.tbss .rel.tbss.* .rel.gnu.linkonce.tb.*)
 *(.rela.tbss .rela.tbss.* .rela.gnu.linkonce.tb.*)
 *(.rel.ctors)
 *(.rela.ctors)
 *(.rel.dtors)
 *(.rela.dtors)
 *(.rel.got)
 *(.rela.got)
 *(.rel.sdata .rel.sdata.* .rel.gnu.linkonce.s.*)
 *(.rela.sdata .rela.sdata.* .rela.gnu.linkonce.s.*)
 *(.rel.sbss .rel.sbss.* .rel.gnu.linkonce.sb.*)
 *(.rela.sbss .rela.sbss.* .rela.gnu.linkonce.sb.*)
 *(.rel.sdata2 .rel.sdata2.* .rel.gnu.linkonce.s2.*)
 *(.rela.sdata2 .rela.sdata2.* .rela.gnu.linkonce.s2.*)
 *(.rel.sbss2 .rel.sbss2.* .rel.gnu.linkonce.sb2.*)
 *(.rela.sbss2 .rela.sbss2.* .rela.gnu.linkonce.sb2.*)
 *(.rel.bss .rel.bss.* .rel.gnu.linkonce.b.*)
 *(.rela.bss .rela.bss.* .rela.gnu.linkonce.b.*)
 *(.rel.plt)
 *(.rela.plt)
 *(.rel.dyn)
 *(.init)
 *(.plt)
 *(.text .stub .text.* .gnu.linkonce.t.*)
 .text          0x00008020       0x3c ../test_GesBou_bsp//obj/HAL/src/crt0.o
                0x00008020                _start
 .text          0x0000805c       0xf0 obj/default/hello_world_small.o
                0x0000805c                main
 .text          0x0000814c       0xa4 c:/altera/11.1sp2/nios2eds/bin/gnu/h-i686-mingw32/bin/../lib/gcc/nios2-elf/4.1.2/../../../../nios2-elf/lib/mno-hw-mul\libsmallc.a(lib_a-puts.o)
                0x0000814c                _puts_r
                0x000081dc                puts
 .text          0x000081f0       0x20 c:/altera/11.1sp2/nios2eds/bin/gnu/h-i686-mingw32/bin/../lib/gcc/nios2-elf/4.1.2/../../../../nios2-elf/lib/mno-hw-mul\libsmallc.a(lib_a-strlen.o)
                0x000081f0                strlen
 .text          0x00008210       0xbc c:/altera/11.1sp2/nios2eds/bin/gnu/h-i686-mingw32/bin/../lib/gcc/nios2-elf/4.1.2/../../../../nios2-elf/lib/mno-hw-mul\libsmallc.a(lib_a-fvwrite_small_dev.o)
                0x00008210                __sfvwrite_small_dev
 .text          0x000082cc        0x0 c:/altera/11.1sp2/nios2eds/bin/gnu/h-i686-mingw32/bin/../lib/gcc/nios2-elf/4.1.2/../../../../nios2-elf/lib/mno-hw-mul\libsmallc.a(lib_a-impure.o)
 .text          0x000082cc       0x78 c:/altera/11.1sp2/nios2eds/bin/gnu/h-i686-mingw32/bin/../lib/gcc/nios2-elf/4.1.2/../../../../nios2-elf/lib/mno-hw-mul\libsmallc.a(lib_a-writer.o)
                0x000082cc                _write_r
 .text          0x00008344        0x0 c:/altera/11.1sp2/nios2eds/bin/gnu/h-i686-mingw32/bin/../lib/gcc/nios2-elf/4.1.2/../../../../nios2-elf/lib/mno-hw-mul\libsmallc.a(lib_a-int_errno.o)
 .text          0x00008344       0x8c ../test_GesBou_bsp/\libhal_bsp.a(alt_load.o)
                0x00008364                alt_load
 .text          0x000083d0       0x2c ../test_GesBou_bsp/\libhal_bsp.a(alt_main.o)
                0x000083d0                alt_main
 .text          0x000083fc       0x38 ../test_GesBou_bsp/\libhal_bsp.a(alt_putstr.o)
                0x000083fc                alt_putstr
 .text          0x00008434        0x4 ../test_GesBou_bsp/\libhal_bsp.a(alt_usleep.o)
                0x00008434                usleep
 .text          0x00008438       0x78 ../test_GesBou_bsp/\libhal_bsp.a(alt_write.o)
                0x00008438                write
 .text          0x000084b0       0x24 ../test_GesBou_bsp/\libhal_bsp.a(alt_sys_init.o)
                0x000084b0                alt_sys_init
                0x000084b4                alt_irq_init
 .text          0x000084d4       0x34 ../test_GesBou_bsp/\libhal_bsp.a(altera_avalon_jtag_uart_write.o)
                0x000084d4                altera_avalon_jtag_uart_write
 .text          0x00008508       0x8c ../test_GesBou_bsp/\libhal_bsp.a(alt_busy_sleep.o)
                0x00008508                alt_busy_sleep
 .text          0x00008594        0x4 ../test_GesBou_bsp/\libhal_bsp.a(alt_dcache_flush_all.o)
                0x00008594                alt_dcache_flush_all
 .text          0x00008598        0x0 ../test_GesBou_bsp/\libhal_bsp.a(alt_errno.o)
 .text          0x00008598        0x4 ../test_GesBou_bsp/\libhal_bsp.a(alt_icache_flush_all.o)
                0x00008598                alt_icache_flush_all
 .text          0x0000859c        0x8 ../test_GesBou_bsp/\libhal_bsp.a(altera_nios2_irq.o)
                0x0000859c                altera_nios2_irq_init
 .text          0x000085a4      0x14c c:/altera/11.1sp2/nios2eds/bin/gnu/h-i686-mingw32/bin/../lib/gcc/nios2-elf/4.1.2/mno-hw-mul\libgcc.a(lib2-divmod.o)
                0x00008620                __divsi3
                0x00008680                __modsi3
                0x000086e0                __udivsi3
                0x000086e8                __umodsi3
 .text          0x000086f0       0x38 c:/altera/11.1sp2/nios2eds/bin/gnu/h-i686-mingw32/bin/../lib/gcc/nios2-elf/4.1.2/mno-hw-mul\libgcc.a(lib2-mul.o)
                0x000086f0                __mulsi3
 *(.gnu.warning.*)
 *(.fini)
                0x00008728                PROVIDE (__etext, ABSOLUTE (.))
                0x00008728                PROVIDE (_etext, ABSOLUTE (.))
                0x00008728                PROVIDE (etext, ABSOLUTE (.))
 *(.eh_frame_hdr)
                0x00008728                . = ALIGN (0x4)
                0x00008728                PROVIDE (__preinit_array_start, ABSOLUTE (.))
 *(.preinit_array)
                0x00008728                PROVIDE (__preinit_array_end, ABSOLUTE (.))
                0x00008728                PROVIDE (__init_array_start, ABSOLUTE (.))
 *(.init_array)
                0x00008728                PROVIDE (__init_array_end, ABSOLUTE (.))
                0x00008728                PROVIDE (__fini_array_start, ABSOLUTE (.))
 *(.fini_array)
                0x00008728                PROVIDE (__fini_array_end, ABSOLUTE (.))
 *(.eh_frame)
 *(.gcc_except_table)
 *(.dynamic)
                0x00008728                PROVIDE (__CTOR_LIST__, ABSOLUTE (.))
 *(.ctors)
 *(SORT(.ctors.*))
                0x00008728                PROVIDE (__CTOR_END__, ABSOLUTE (.))
                0x00008728                PROVIDE (__DTOR_LIST__, ABSOLUTE (.))
 *(.dtors)
 *(SORT(.dtors.*))
                0x00008728                PROVIDE (__DTOR_END__, ABSOLUTE (.))
 *(.jcr)
                0x00008728                . = ALIGN (0x4)

.rodata         0x00008728       0xf4
                0x00008728                PROVIDE (__ram_rodata_start, ABSOLUTE (.))
                0x00008728                . = ALIGN (0x4)
 *(.rodata .rodata.* .gnu.linkonce.r.*)
 .rodata.str1.4
                0x00008728       0xf0 obj/default/hello_world_small.o
 .rodata.str1.4
                0x00008818        0x4 c:/altera/11.1sp2/nios2eds/bin/gnu/h-i686-mingw32/bin/../lib/gcc/nios2-elf/4.1.2/../../../../nios2-elf/lib/mno-hw-mul\libsmallc.a(lib_a-puts.o)
 *(.rodata1)
                0x0000881c                . = ALIGN (0x4)
                0x0000881c                PROVIDE (__ram_rodata_end, ABSOLUTE (.))
                0x00008728                PROVIDE (__flash_rodata_start, LOADADDR (.rodata))

.rwdata         0x0000881c       0xf0 load address 0x0000890c
                0x0000881c                PROVIDE (__ram_rwdata_start, ABSOLUTE (.))
                0x0000881c                . = ALIGN (0x4)
 *(.got.plt)
 *(.got)
 *(.data1)
 *(.data .data.* .gnu.linkonce.d.*)
 .data          0x0000881c        0x0 ../test_GesBou_bsp//obj/HAL/src/crt0.o
 .data          0x0000881c        0x0 obj/default/hello_world_small.o
 .data          0x0000881c        0x0 c:/altera/11.1sp2/nios2eds/bin/gnu/h-i686-mingw32/bin/../lib/gcc/nios2-elf/4.1.2/../../../../nios2-elf/lib/mno-hw-mul\libsmallc.a(lib_a-puts.o)
 .data          0x0000881c        0x0 c:/altera/11.1sp2/nios2eds/bin/gnu/h-i686-mingw32/bin/../lib/gcc/nios2-elf/4.1.2/../../../../nios2-elf/lib/mno-hw-mul\libsmallc.a(lib_a-strlen.o)
 .data          0x0000881c        0x0 c:/altera/11.1sp2/nios2eds/bin/gnu/h-i686-mingw32/bin/../lib/gcc/nios2-elf/4.1.2/../../../../nios2-elf/lib/mno-hw-mul\libsmallc.a(lib_a-fvwrite_small_dev.o)
 .data          0x0000881c       0xe0 c:/altera/11.1sp2/nios2eds/bin/gnu/h-i686-mingw32/bin/../lib/gcc/nios2-elf/4.1.2/../../../../nios2-elf/lib/mno-hw-mul\libsmallc.a(lib_a-impure.o)
 .data          0x000088fc        0x0 c:/altera/11.1sp2/nios2eds/bin/gnu/h-i686-mingw32/bin/../lib/gcc/nios2-elf/4.1.2/../../../../nios2-elf/lib/mno-hw-mul\libsmallc.a(lib_a-writer.o)
 .data          0x000088fc        0x0 c:/altera/11.1sp2/nios2eds/bin/gnu/h-i686-mingw32/bin/../lib/gcc/nios2-elf/4.1.2/../../../../nios2-elf/lib/mno-hw-mul\libsmallc.a(lib_a-int_errno.o)
 .data          0x000088fc        0x0 ../test_GesBou_bsp/\libhal_bsp.a(alt_load.o)
 .data          0x000088fc        0x0 ../test_GesBou_bsp/\libhal_bsp.a(alt_main.o)
 .data          0x000088fc        0x0 ../test_GesBou_bsp/\libhal_bsp.a(alt_putstr.o)
 .data          0x000088fc        0x0 ../test_GesBou_bsp/\libhal_bsp.a(alt_usleep.o)
 .data          0x000088fc        0x0 ../test_GesBou_bsp/\libhal_bsp.a(alt_write.o)
 .data          0x000088fc        0x0 ../test_GesBou_bsp/\libhal_bsp.a(alt_sys_init.o)
 .data          0x000088fc        0x0 ../test_GesBou_bsp/\libhal_bsp.a(altera_avalon_jtag_uart_write.o)
 .data          0x000088fc        0x0 ../test_GesBou_bsp/\libhal_bsp.a(alt_busy_sleep.o)
 .data          0x000088fc        0x0 ../test_GesBou_bsp/\libhal_bsp.a(alt_dcache_flush_all.o)
 .data          0x000088fc        0x0 ../test_GesBou_bsp/\libhal_bsp.a(alt_errno.o)
 .data          0x000088fc        0x0 ../test_GesBou_bsp/\libhal_bsp.a(alt_icache_flush_all.o)
 .data          0x000088fc        0x0 ../test_GesBou_bsp/\libhal_bsp.a(altera_nios2_irq.o)
 .data          0x000088fc        0x0 c:/altera/11.1sp2/nios2eds/bin/gnu/h-i686-mingw32/bin/../lib/gcc/nios2-elf/4.1.2/mno-hw-mul\libgcc.a(lib2-divmod.o)
 .data          0x000088fc        0x0 c:/altera/11.1sp2/nios2eds/bin/gnu/h-i686-mingw32/bin/../lib/gcc/nios2-elf/4.1.2/mno-hw-mul\libgcc.a(lib2-mul.o)
                0x000108fc                _gp = ABSOLUTE ((. + 0x8000))
                0x000108fc                PROVIDE (gp, _gp)
 *(.rwdata .rwdata.*)
 *(.sdata .sdata.* .gnu.linkonce.s.*)
 .sdata         0x000088fc        0x8 c:/altera/11.1sp2/nios2eds/bin/gnu/h-i686-mingw32/bin/../lib/gcc/nios2-elf/4.1.2/../../../../nios2-elf/lib/mno-hw-mul\libsmallc.a(lib_a-impure.o)
                0x000088fc                _impure_ptr
                0x00008900                _global_impure_ptr
 .sdata         0x00008904        0x4 ../test_GesBou_bsp/\libhal_bsp.a(alt_sys_init.o)
                0x00008904                jtag_uart_0
 .sdata         0x00008908        0x4 ../test_GesBou_bsp/\libhal_bsp.a(alt_errno.o)
                0x00008908                alt_errno
 *(.sdata2 .sdata2.* .gnu.linkonce.s2.*)
                0x0000890c                . = ALIGN (0x4)
                0x0000890c                _edata = ABSOLUTE (.)
                0x0000890c                PROVIDE (edata, ABSOLUTE (.))
                0x0000890c                PROVIDE (__ram_rwdata_end, ABSOLUTE (.))
                0x0000890c                PROVIDE (__flash_rwdata_start, LOADADDR (.rwdata))

.bss            0x000089fc       0x14
                0x000089fc                __bss_start = ABSOLUTE (.)
                0x000089fc                PROVIDE (__sbss_start, ABSOLUTE (.))
                0x000089fc                PROVIDE (___sbss_start, ABSOLUTE (.))
 *(.dynsbss)
 *(.sbss .sbss.* .gnu.linkonce.sb.*)
 .sbss          0x000089fc        0x4 obj/default/hello_world_small.o
                0x000089fc                Code1
 .sbss          0x00008a00        0x4 c:/altera/11.1sp2/nios2eds/bin/gnu/h-i686-mingw32/bin/../lib/gcc/nios2-elf/4.1.2/../../../../nios2-elf/lib/mno-hw-mul\libsmallc.a(lib_a-int_errno.o)
                0x00008a00                errno
 .sbss          0x00008a04        0xc ../test_GesBou_bsp/\libhal_bsp.a(alt_main.o)
                0x00008a04                alt_argc
                0x00008a08                alt_argv
                0x00008a0c                alt_envp
 *(.sbss2 .sbss2.* .gnu.linkonce.sb2.*)
 *(.scommon)
                0x00008a10                PROVIDE (__sbss_end, ABSOLUTE (.))
                0x00008a10                PROVIDE (___sbss_end, ABSOLUTE (.))
 *(.dynbss)
 *(.bss .bss.* .gnu.linkonce.b.*)
 .bss           0x00008a10        0x0 ../test_GesBou_bsp//obj/HAL/src/crt0.o
 .bss           0x00008a10        0x0 obj/default/hello_world_small.o
 .bss           0x00008a10        0x0 c:/altera/11.1sp2/nios2eds/bin/gnu/h-i686-mingw32/bin/../lib/gcc/nios2-elf/4.1.2/../../../../nios2-elf/lib/mno-hw-mul\libsmallc.a(lib_a-puts.o)
 .bss           0x00008a10        0x0 c:/altera/11.1sp2/nios2eds/bin/gnu/h-i686-mingw32/bin/../lib/gcc/nios2-elf/4.1.2/../../../../nios2-elf/lib/mno-hw-mul\libsmallc.a(lib_a-strlen.o)
 .bss           0x00008a10        0x0 c:/altera/11.1sp2/nios2eds/bin/gnu/h-i686-mingw32/bin/../lib/gcc/nios2-elf/4.1.2/../../../../nios2-elf/lib/mno-hw-mul\libsmallc.a(lib_a-fvwrite_small_dev.o)
 .bss           0x00008a10        0x0 c:/altera/11.1sp2/nios2eds/bin/gnu/h-i686-mingw32/bin/../lib/gcc/nios2-elf/4.1.2/../../../../nios2-elf/lib/mno-hw-mul\libsmallc.a(lib_a-impure.o)
 .bss           0x00008a10        0x0 c:/altera/11.1sp2/nios2eds/bin/gnu/h-i686-mingw32/bin/../lib/gcc/nios2-elf/4.1.2/../../../../nios2-elf/lib/mno-hw-mul\libsmallc.a(lib_a-writer.o)
 .bss           0x00008a10        0x0 c:/altera/11.1sp2/nios2eds/bin/gnu/h-i686-mingw32/bin/../lib/gcc/nios2-elf/4.1.2/../../../../nios2-elf/lib/mno-hw-mul\libsmallc.a(lib_a-int_errno.o)
 .bss           0x00008a10        0x0 ../test_GesBou_bsp/\libhal_bsp.a(alt_load.o)
 .bss           0x00008a10        0x0 ../test_GesBou_bsp/\libhal_bsp.a(alt_main.o)
 .bss           0x00008a10        0x0 ../test_GesBou_bsp/\libhal_bsp.a(alt_putstr.o)
 .bss           0x00008a10        0x0 ../test_GesBou_bsp/\libhal_bsp.a(alt_usleep.o)
 .bss           0x00008a10        0x0 ../test_GesBou_bsp/\libhal_bsp.a(alt_write.o)
 .bss           0x00008a10        0x0 ../test_GesBou_bsp/\libhal_bsp.a(alt_sys_init.o)
 .bss           0x00008a10        0x0 ../test_GesBou_bsp/\libhal_bsp.a(altera_avalon_jtag_uart_write.o)
 .bss           0x00008a10        0x0 ../test_GesBou_bsp/\libhal_bsp.a(alt_busy_sleep.o)
 .bss           0x00008a10        0x0 ../test_GesBou_bsp/\libhal_bsp.a(alt_dcache_flush_all.o)
 .bss           0x00008a10        0x0 ../test_GesBou_bsp/\libhal_bsp.a(alt_errno.o)
 .bss           0x00008a10        0x0 ../test_GesBou_bsp/\libhal_bsp.a(alt_icache_flush_all.o)
 .bss           0x00008a10        0x0 ../test_GesBou_bsp/\libhal_bsp.a(altera_nios2_irq.o)
 .bss           0x00008a10        0x0 c:/altera/11.1sp2/nios2eds/bin/gnu/h-i686-mingw32/bin/../lib/gcc/nios2-elf/4.1.2/mno-hw-mul\libgcc.a(lib2-divmod.o)
 .bss           0x00008a10        0x0 c:/altera/11.1sp2/nios2eds/bin/gnu/h-i686-mingw32/bin/../lib/gcc/nios2-elf/4.1.2/mno-hw-mul\libgcc.a(lib2-mul.o)
 *(COMMON)
                0x00008a10                . = ALIGN (0x4)
                0x00008a10                __bss_end = ABSOLUTE (.)

.sram           0x00008a10        0x0
                0x00008a10                PROVIDE (_alt_partition_sram_start, ABSOLUTE (.))
 *(.sram. sram.*)
                0x00008a10                . = ALIGN (0x4)
                0x00008a10                PROVIDE (_alt_partition_sram_end, ABSOLUTE (.))
                0x00008a10                _end = ABSOLUTE (.)
                0x00008a10                end = ABSOLUTE (.)
                0x00008a10                __alt_stack_base = ABSOLUTE (.)
                0x00008a10                PROVIDE (_alt_partition_sram_load_addr, LOADADDR (.sram))

.stab
 *(.stab)

.stabstr
 *(.stabstr)

.stab.excl
 *(.stab.excl)

.stab.exclstr
 *(.stab.exclstr)

.stab.index
 *(.stab.index)

.stab.indexstr
 *(.stab.indexstr)

.comment        0x00000000       0x26
 *(.comment)
 .comment       0x00000000       0x26 obj/default/hello_world_small.o
                                 0x27 (size before relaxing)
 .comment       0x00000000       0x27 c:/altera/11.1sp2/nios2eds/bin/gnu/h-i686-mingw32/bin/../lib/gcc/nios2-elf/4.1.2/../../../../nios2-elf/lib/mno-hw-mul\libsmallc.a(lib_a-puts.o)
 .comment       0x00000000       0x27 c:/altera/11.1sp2/nios2eds/bin/gnu/h-i686-mingw32/bin/../lib/gcc/nios2-elf/4.1.2/../../../../nios2-elf/lib/mno-hw-mul\libsmallc.a(lib_a-strlen.o)
 .comment       0x00000000       0x27 c:/altera/11.1sp2/nios2eds/bin/gnu/h-i686-mingw32/bin/../lib/gcc/nios2-elf/4.1.2/../../../../nios2-elf/lib/mno-hw-mul\libsmallc.a(lib_a-fvwrite_small_dev.o)
 .comment       0x00000000       0x27 c:/altera/11.1sp2/nios2eds/bin/gnu/h-i686-mingw32/bin/../lib/gcc/nios2-elf/4.1.2/../../../../nios2-elf/lib/mno-hw-mul\libsmallc.a(lib_a-impure.o)
 .comment       0x00000000       0x27 c:/altera/11.1sp2/nios2eds/bin/gnu/h-i686-mingw32/bin/../lib/gcc/nios2-elf/4.1.2/../../../../nios2-elf/lib/mno-hw-mul\libsmallc.a(lib_a-writer.o)
 .comment       0x00000000       0x27 c:/altera/11.1sp2/nios2eds/bin/gnu/h-i686-mingw32/bin/../lib/gcc/nios2-elf/4.1.2/../../../../nios2-elf/lib/mno-hw-mul\libsmallc.a(lib_a-int_errno.o)
 .comment       0x00000000       0x27 ../test_GesBou_bsp/\libhal_bsp.a(alt_load.o)
 .comment       0x00000000       0x27 ../test_GesBou_bsp/\libhal_bsp.a(alt_main.o)
 .comment       0x00000000       0x27 ../test_GesBou_bsp/\libhal_bsp.a(alt_putstr.o)
 .comment       0x00000000       0x27 ../test_GesBou_bsp/\libhal_bsp.a(alt_usleep.o)
 .comment       0x00000000       0x27 ../test_GesBou_bsp/\libhal_bsp.a(alt_write.o)
 .comment       0x00000000       0x27 ../test_GesBou_bsp/\libhal_bsp.a(alt_sys_init.o)
 .comment       0x00000000       0x27 ../test_GesBou_bsp/\libhal_bsp.a(altera_avalon_jtag_uart_write.o)
 .comment       0x00000000       0x27 ../test_GesBou_bsp/\libhal_bsp.a(alt_busy_sleep.o)
 .comment       0x00000000       0x27 ../test_GesBou_bsp/\libhal_bsp.a(alt_dcache_flush_all.o)
 .comment       0x00000000       0x27 ../test_GesBou_bsp/\libhal_bsp.a(alt_errno.o)
 .comment       0x00000000       0x27 ../test_GesBou_bsp/\libhal_bsp.a(alt_icache_flush_all.o)
 .comment       0x00000000       0x27 ../test_GesBou_bsp/\libhal_bsp.a(altera_nios2_irq.o)
 .comment       0x00000000       0x27 c:/altera/11.1sp2/nios2eds/bin/gnu/h-i686-mingw32/bin/../lib/gcc/nios2-elf/4.1.2/mno-hw-mul\libgcc.a(lib2-divmod.o)
 .comment       0x00000000       0x27 c:/altera/11.1sp2/nios2eds/bin/gnu/h-i686-mingw32/bin/../lib/gcc/nios2-elf/4.1.2/mno-hw-mul\libgcc.a(lib2-mul.o)

.debug
 *(.debug)

.line
 *(.line)

.debug_srcinfo
 *(.debug_srcinfo)

.debug_sfnames
 *(.debug_sfnames)

.debug_aranges  0x00000000      0x268
 *(.debug_aranges)
 .debug_aranges
                0x00000000       0x28 ../test_GesBou_bsp//obj/HAL/src/crt0.o
 .debug_aranges
                0x00000028       0x20 obj/default/hello_world_small.o
 .debug_aranges
                0x00000048       0x20 c:/altera/11.1sp2/nios2eds/bin/gnu/h-i686-mingw32/bin/../lib/gcc/nios2-elf/4.1.2/../../../../nios2-elf/lib/mno-hw-mul\libsmallc.a(lib_a-puts.o)
 .debug_aranges
                0x00000068       0x20 c:/altera/11.1sp2/nios2eds/bin/gnu/h-i686-mingw32/bin/../lib/gcc/nios2-elf/4.1.2/../../../../nios2-elf/lib/mno-hw-mul\libsmallc.a(lib_a-strlen.o)
 .debug_aranges
                0x00000088       0x20 c:/altera/11.1sp2/nios2eds/bin/gnu/h-i686-mingw32/bin/../lib/gcc/nios2-elf/4.1.2/../../../../nios2-elf/lib/mno-hw-mul\libsmallc.a(lib_a-fvwrite_small_dev.o)
 .debug_aranges
                0x000000a8       0x20 c:/altera/11.1sp2/nios2eds/bin/gnu/h-i686-mingw32/bin/../lib/gcc/nios2-elf/4.1.2/../../../../nios2-elf/lib/mno-hw-mul\libsmallc.a(lib_a-writer.o)
 .debug_aranges
                0x000000c8       0x20 ../test_GesBou_bsp/\libhal_bsp.a(alt_load.o)
 .debug_aranges
                0x000000e8       0x20 ../test_GesBou_bsp/\libhal_bsp.a(alt_main.o)
 .debug_aranges
                0x00000108       0x20 ../test_GesBou_bsp/\libhal_bsp.a(alt_putstr.o)
 .debug_aranges
                0x00000128       0x20 ../test_GesBou_bsp/\libhal_bsp.a(alt_usleep.o)
 .debug_aranges
                0x00000148       0x20 ../test_GesBou_bsp/\libhal_bsp.a(alt_write.o)
 .debug_aranges
                0x00000168       0x20 ../test_GesBou_bsp/\libhal_bsp.a(alt_sys_init.o)
 .debug_aranges
                0x00000188       0x20 ../test_GesBou_bsp/\libhal_bsp.a(altera_avalon_jtag_uart_write.o)
 .debug_aranges
                0x000001a8       0x20 ../test_GesBou_bsp/\libhal_bsp.a(alt_busy_sleep.o)
 .debug_aranges
                0x000001c8       0x20 ../test_GesBou_bsp/\libhal_bsp.a(alt_dcache_flush_all.o)
 .debug_aranges
                0x000001e8       0x20 ../test_GesBou_bsp/\libhal_bsp.a(alt_icache_flush_all.o)
 .debug_aranges
                0x00000208       0x20 ../test_GesBou_bsp/\libhal_bsp.a(altera_nios2_irq.o)
 .debug_aranges
                0x00000228       0x20 c:/altera/11.1sp2/nios2eds/bin/gnu/h-i686-mingw32/bin/../lib/gcc/nios2-elf/4.1.2/mno-hw-mul\libgcc.a(lib2-divmod.o)
 .debug_aranges
                0x00000248       0x20 c:/altera/11.1sp2/nios2eds/bin/gnu/h-i686-mingw32/bin/../lib/gcc/nios2-elf/4.1.2/mno-hw-mul\libgcc.a(lib2-mul.o)

.debug_pubnames
                0x00000000      0x36d
 *(.debug_pubnames)
 .debug_pubnames
                0x00000000       0x25 obj/default/hello_world_small.o
 .debug_pubnames
                0x00000025       0x27 c:/altera/11.1sp2/nios2eds/bin/gnu/h-i686-mingw32/bin/../lib/gcc/nios2-elf/4.1.2/../../../../nios2-elf/lib/mno-hw-mul\libsmallc.a(lib_a-puts.o)
 .debug_pubnames
                0x0000004c       0x1d c:/altera/11.1sp2/nios2eds/bin/gnu/h-i686-mingw32/bin/../lib/gcc/nios2-elf/4.1.2/../../../../nios2-elf/lib/mno-hw-mul\libsmallc.a(lib_a-strlen.o)
 .debug_pubnames
                0x00000069       0x2b c:/altera/11.1sp2/nios2eds/bin/gnu/h-i686-mingw32/bin/../lib/gcc/nios2-elf/4.1.2/../../../../nios2-elf/lib/mno-hw-mul\libsmallc.a(lib_a-fvwrite_small_dev.o)
 .debug_pubnames
                0x00000094       0x39 c:/altera/11.1sp2/nios2eds/bin/gnu/h-i686-mingw32/bin/../lib/gcc/nios2-elf/4.1.2/../../../../nios2-elf/lib/mno-hw-mul\libsmallc.a(lib_a-impure.o)
 .debug_pubnames
                0x000000cd       0x1f c:/altera/11.1sp2/nios2eds/bin/gnu/h-i686-mingw32/bin/../lib/gcc/nios2-elf/4.1.2/../../../../nios2-elf/lib/mno-hw-mul\libsmallc.a(lib_a-writer.o)
 .debug_pubnames
                0x000000ec       0x1c c:/altera/11.1sp2/nios2eds/bin/gnu/h-i686-mingw32/bin/../lib/gcc/nios2-elf/4.1.2/../../../../nios2-elf/lib/mno-hw-mul\libsmallc.a(lib_a-int_errno.o)
 .debug_pubnames
                0x00000108       0x1f ../test_GesBou_bsp/\libhal_bsp.a(alt_load.o)
 .debug_pubnames
                0x00000127       0x46 ../test_GesBou_bsp/\libhal_bsp.a(alt_main.o)
 .debug_pubnames
                0x0000016d       0x21 ../test_GesBou_bsp/\libhal_bsp.a(alt_putstr.o)
 .debug_pubnames
                0x0000018e       0x1d ../test_GesBou_bsp/\libhal_bsp.a(alt_usleep.o)
 .debug_pubnames
                0x000001ab       0x1c ../test_GesBou_bsp/\libhal_bsp.a(alt_write.o)
 .debug_pubnames
                0x000001c7       0x44 ../test_GesBou_bsp/\libhal_bsp.a(alt_sys_init.o)
 .debug_pubnames
                0x0000020b       0x34 ../test_GesBou_bsp/\libhal_bsp.a(altera_avalon_jtag_uart_write.o)
 .debug_pubnames
                0x0000023f       0x25 ../test_GesBou_bsp/\libhal_bsp.a(alt_busy_sleep.o)
 .debug_pubnames
                0x00000264       0x2b ../test_GesBou_bsp/\libhal_bsp.a(alt_dcache_flush_all.o)
 .debug_pubnames
                0x0000028f       0x20 ../test_GesBou_bsp/\libhal_bsp.a(alt_errno.o)
 .debug_pubnames
                0x000002af       0x2b ../test_GesBou_bsp/\libhal_bsp.a(alt_icache_flush_all.o)
 .debug_pubnames
                0x000002da       0x2c ../test_GesBou_bsp/\libhal_bsp.a(altera_nios2_irq.o)
 .debug_pubnames
                0x00000306       0x48 c:/altera/11.1sp2/nios2eds/bin/gnu/h-i686-mingw32/bin/../lib/gcc/nios2-elf/4.1.2/mno-hw-mul\libgcc.a(lib2-divmod.o)
 .debug_pubnames
                0x0000034e       0x1f c:/altera/11.1sp2/nios2eds/bin/gnu/h-i686-mingw32/bin/../lib/gcc/nios2-elf/4.1.2/mno-hw-mul\libgcc.a(lib2-mul.o)

.debug_info     0x00000000     0x2ace
 *(.debug_info .gnu.linkonce.wi.*)
 .debug_info    0x00000000       0x89 ../test_GesBou_bsp//obj/HAL/src/crt0.o
 .debug_info    0x00000089       0xa9 obj/default/hello_world_small.o
 .debug_info    0x00000132      0x685 c:/altera/11.1sp2/nios2eds/bin/gnu/h-i686-mingw32/bin/../lib/gcc/nios2-elf/4.1.2/../../../../nios2-elf/lib/mno-hw-mul\libsmallc.a(lib_a-puts.o)
 .debug_info    0x000007b7       0xc2 c:/altera/11.1sp2/nios2eds/bin/gnu/h-i686-mingw32/bin/../lib/gcc/nios2-elf/4.1.2/../../../../nios2-elf/lib/mno-hw-mul\libsmallc.a(lib_a-strlen.o)
 .debug_info    0x00000879      0x68e c:/altera/11.1sp2/nios2eds/bin/gnu/h-i686-mingw32/bin/../lib/gcc/nios2-elf/4.1.2/../../../../nios2-elf/lib/mno-hw-mul\libsmallc.a(lib_a-fvwrite_small_dev.o)
 .debug_info    0x00000f07      0x636 c:/altera/11.1sp2/nios2eds/bin/gnu/h-i686-mingw32/bin/../lib/gcc/nios2-elf/4.1.2/../../../../nios2-elf/lib/mno-hw-mul\libsmallc.a(lib_a-impure.o)
 .debug_info    0x0000153d      0x68c c:/altera/11.1sp2/nios2eds/bin/gnu/h-i686-mingw32/bin/../lib/gcc/nios2-elf/4.1.2/../../../../nios2-elf/lib/mno-hw-mul\libsmallc.a(lib_a-writer.o)
 .debug_info    0x00001bc9       0x8c c:/altera/11.1sp2/nios2eds/bin/gnu/h-i686-mingw32/bin/../lib/gcc/nios2-elf/4.1.2/../../../../nios2-elf/lib/mno-hw-mul\libsmallc.a(lib_a-int_errno.o)
 .debug_info    0x00001c55      0x12e ../test_GesBou_bsp/\libhal_bsp.a(alt_load.o)
 .debug_info    0x00001d83      0x125 ../test_GesBou_bsp/\libhal_bsp.a(alt_main.o)
 .debug_info    0x00001ea8       0xc5 ../test_GesBou_bsp/\libhal_bsp.a(alt_putstr.o)
 .debug_info    0x00001f6d       0xab ../test_GesBou_bsp/\libhal_bsp.a(alt_usleep.o)
 .debug_info    0x00002018      0x179 ../test_GesBou_bsp/\libhal_bsp.a(alt_write.o)
 .debug_info    0x00002191      0x17d ../test_GesBou_bsp/\libhal_bsp.a(alt_sys_init.o)
 .debug_info    0x0000230e      0x18f ../test_GesBou_bsp/\libhal_bsp.a(altera_avalon_jtag_uart_write.o)
 .debug_info    0x0000249d       0xd0 ../test_GesBou_bsp/\libhal_bsp.a(alt_busy_sleep.o)
 .debug_info    0x0000256d       0x8d ../test_GesBou_bsp/\libhal_bsp.a(alt_dcache_flush_all.o)
 .debug_info    0x000025fa       0xab ../test_GesBou_bsp/\libhal_bsp.a(alt_errno.o)
 .debug_info    0x000026a5       0x8d ../test_GesBou_bsp/\libhal_bsp.a(alt_icache_flush_all.o)
 .debug_info    0x00002732       0x8d ../test_GesBou_bsp/\libhal_bsp.a(altera_nios2_irq.o)
 .debug_info    0x000027bf      0x21c c:/altera/11.1sp2/nios2eds/bin/gnu/h-i686-mingw32/bin/../lib/gcc/nios2-elf/4.1.2/mno-hw-mul\libgcc.a(lib2-divmod.o)
 .debug_info    0x000029db       0xf3 c:/altera/11.1sp2/nios2eds/bin/gnu/h-i686-mingw32/bin/../lib/gcc/nios2-elf/4.1.2/mno-hw-mul\libgcc.a(lib2-mul.o)

.debug_abbrev   0x00000000      0xe77
 *(.debug_abbrev)
 .debug_abbrev  0x00000000       0x12 ../test_GesBou_bsp//obj/HAL/src/crt0.o
 .debug_abbrev  0x00000012       0x57 obj/default/hello_world_small.o
 .debug_abbrev  0x00000069      0x180 c:/altera/11.1sp2/nios2eds/bin/gnu/h-i686-mingw32/bin/../lib/gcc/nios2-elf/4.1.2/../../../../nios2-elf/lib/mno-hw-mul\libsmallc.a(lib_a-puts.o)
 .debug_abbrev  0x000001e9       0x7a c:/altera/11.1sp2/nios2eds/bin/gnu/h-i686-mingw32/bin/../lib/gcc/nios2-elf/4.1.2/../../../../nios2-elf/lib/mno-hw-mul\libsmallc.a(lib_a-strlen.o)
 .debug_abbrev  0x00000263      0x179 c:/altera/11.1sp2/nios2eds/bin/gnu/h-i686-mingw32/bin/../lib/gcc/nios2-elf/4.1.2/../../../../nios2-elf/lib/mno-hw-mul\libsmallc.a(lib_a-fvwrite_small_dev.o)
 .debug_abbrev  0x000003dc      0x13f c:/altera/11.1sp2/nios2eds/bin/gnu/h-i686-mingw32/bin/../lib/gcc/nios2-elf/4.1.2/../../../../nios2-elf/lib/mno-hw-mul\libsmallc.a(lib_a-impure.o)
 .debug_abbrev  0x0000051b      0x16c c:/altera/11.1sp2/nios2eds/bin/gnu/h-i686-mingw32/bin/../lib/gcc/nios2-elf/4.1.2/../../../../nios2-elf/lib/mno-hw-mul\libsmallc.a(lib_a-writer.o)
 .debug_abbrev  0x00000687       0x3b c:/altera/11.1sp2/nios2eds/bin/gnu/h-i686-mingw32/bin/../lib/gcc/nios2-elf/4.1.2/../../../../nios2-elf/lib/mno-hw-mul\libsmallc.a(lib_a-int_errno.o)
 .debug_abbrev  0x000006c2       0x97 ../test_GesBou_bsp/\libhal_bsp.a(alt_load.o)
 .debug_abbrev  0x00000759       0xa6 ../test_GesBou_bsp/\libhal_bsp.a(alt_main.o)
 .debug_abbrev  0x000007ff       0x7c ../test_GesBou_bsp/\libhal_bsp.a(alt_putstr.o)
 .debug_abbrev  0x0000087b       0x5d ../test_GesBou_bsp/\libhal_bsp.a(alt_usleep.o)
 .debug_abbrev  0x000008d8       0xdd ../test_GesBou_bsp/\libhal_bsp.a(alt_write.o)
 .debug_abbrev  0x000009b5       0xe3 ../test_GesBou_bsp/\libhal_bsp.a(alt_sys_init.o)
 .debug_abbrev  0x00000a98       0xf0 ../test_GesBou_bsp/\libhal_bsp.a(altera_avalon_jtag_uart_write.o)
 .debug_abbrev  0x00000b88       0x79 ../test_GesBou_bsp/\libhal_bsp.a(alt_busy_sleep.o)
 .debug_abbrev  0x00000c01       0x3f ../test_GesBou_bsp/\libhal_bsp.a(alt_dcache_flush_all.o)
 .debug_abbrev  0x00000c40       0x5e ../test_GesBou_bsp/\libhal_bsp.a(alt_errno.o)
 .debug_abbrev  0x00000c9e       0x3f ../test_GesBou_bsp/\libhal_bsp.a(alt_icache_flush_all.o)
 .debug_abbrev  0x00000cdd       0x3f ../test_GesBou_bsp/\libhal_bsp.a(altera_nios2_irq.o)
 .debug_abbrev  0x00000d1c       0xe0 c:/altera/11.1sp2/nios2eds/bin/gnu/h-i686-mingw32/bin/../lib/gcc/nios2-elf/4.1.2/mno-hw-mul\libgcc.a(lib2-divmod.o)
 .debug_abbrev  0x00000dfc       0x7b c:/altera/11.1sp2/nios2eds/bin/gnu/h-i686-mingw32/bin/../lib/gcc/nios2-elf/4.1.2/mno-hw-mul\libgcc.a(lib2-mul.o)

.debug_line     0x00000000     0x2e9d
 *(.debug_line)
 .debug_line    0x00000000       0x66 ../test_GesBou_bsp//obj/HAL/src/crt0.o
 .debug_line    0x00000066      0x260 obj/default/hello_world_small.o
 .debug_line    0x000002c6      0x2b2 c:/altera/11.1sp2/nios2eds/bin/gnu/h-i686-mingw32/bin/../lib/gcc/nios2-elf/4.1.2/../../../../nios2-elf/lib/mno-hw-mul\libsmallc.a(lib_a-puts.o)
 .debug_line    0x00000578      0x250 c:/altera/11.1sp2/nios2eds/bin/gnu/h-i686-mingw32/bin/../lib/gcc/nios2-elf/4.1.2/../../../../nios2-elf/lib/mno-hw-mul\libsmallc.a(lib_a-strlen.o)
 .debug_line    0x000007c8      0x2a9 c:/altera/11.1sp2/nios2eds/bin/gnu/h-i686-mingw32/bin/../lib/gcc/nios2-elf/4.1.2/../../../../nios2-elf/lib/mno-hw-mul\libsmallc.a(lib_a-fvwrite_small_dev.o)
 .debug_line    0x00000a71      0x230 c:/altera/11.1sp2/nios2eds/bin/gnu/h-i686-mingw32/bin/../lib/gcc/nios2-elf/4.1.2/../../../../nios2-elf/lib/mno-hw-mul\libsmallc.a(lib_a-impure.o)
 .debug_line    0x00000ca1      0x29d c:/altera/11.1sp2/nios2eds/bin/gnu/h-i686-mingw32/bin/../lib/gcc/nios2-elf/4.1.2/../../../../nios2-elf/lib/mno-hw-mul\libsmallc.a(lib_a-writer.o)
 .debug_line    0x00000f3e      0x1e2 c:/altera/11.1sp2/nios2eds/bin/gnu/h-i686-mingw32/bin/../lib/gcc/nios2-elf/4.1.2/../../../../nios2-elf/lib/mno-hw-mul\libsmallc.a(lib_a-int_errno.o)
 .debug_line    0x00001120      0x217 ../test_GesBou_bsp/\libhal_bsp.a(alt_load.o)
 .debug_line    0x00001337      0x2c2 ../test_GesBou_bsp/\libhal_bsp.a(alt_main.o)
 .debug_line    0x000015f9      0x1d9 ../test_GesBou_bsp/\libhal_bsp.a(alt_putstr.o)
 .debug_line    0x000017d2      0x202 ../test_GesBou_bsp/\libhal_bsp.a(alt_usleep.o)
 .debug_line    0x000019d4      0x2ab ../test_GesBou_bsp/\libhal_bsp.a(alt_write.o)
 .debug_line    0x00001c7f      0x286 ../test_GesBou_bsp/\libhal_bsp.a(alt_sys_init.o)
 .debug_line    0x00001f05      0x2f4 ../test_GesBou_bsp/\libhal_bsp.a(altera_avalon_jtag_uart_write.o)
 .debug_line    0x000021f9      0x25e ../test_GesBou_bsp/\libhal_bsp.a(alt_busy_sleep.o)
 .debug_line    0x00002457      0x1b5 ../test_GesBou_bsp/\libhal_bsp.a(alt_dcache_flush_all.o)
 .debug_line    0x0000260c      0x1aa ../test_GesBou_bsp/\libhal_bsp.a(alt_errno.o)
 .debug_line    0x000027b6      0x1b5 ../test_GesBou_bsp/\libhal_bsp.a(alt_icache_flush_all.o)
 .debug_line    0x0000296b      0x1c9 ../test_GesBou_bsp/\libhal_bsp.a(altera_nios2_irq.o)
 .debug_line    0x00002b34      0x24f c:/altera/11.1sp2/nios2eds/bin/gnu/h-i686-mingw32/bin/../lib/gcc/nios2-elf/4.1.2/mno-hw-mul\libgcc.a(lib2-divmod.o)
 .debug_line    0x00002d83      0x11a c:/altera/11.1sp2/nios2eds/bin/gnu/h-i686-mingw32/bin/../lib/gcc/nios2-elf/4.1.2/mno-hw-mul\libgcc.a(lib2-mul.o)

.debug_frame    0x00000000      0x320
 *(.debug_frame)
 .debug_frame   0x00000000       0x28 obj/default/hello_world_small.o
 .debug_frame   0x00000028       0x3c c:/altera/11.1sp2/nios2eds/bin/gnu/h-i686-mingw32/bin/../lib/gcc/nios2-elf/4.1.2/../../../../nios2-elf/lib/mno-hw-mul\libsmallc.a(lib_a-puts.o)
 .debug_frame   0x00000064       0x20 c:/altera/11.1sp2/nios2eds/bin/gnu/h-i686-mingw32/bin/../lib/gcc/nios2-elf/4.1.2/../../../../nios2-elf/lib/mno-hw-mul\libsmallc.a(lib_a-strlen.o)
 .debug_frame   0x00000084       0x30 c:/altera/11.1sp2/nios2eds/bin/gnu/h-i686-mingw32/bin/../lib/gcc/nios2-elf/4.1.2/../../../../nios2-elf/lib/mno-hw-mul\libsmallc.a(lib_a-fvwrite_small_dev.o)
 .debug_frame   0x000000b4       0x2c c:/altera/11.1sp2/nios2eds/bin/gnu/h-i686-mingw32/bin/../lib/gcc/nios2-elf/4.1.2/../../../../nios2-elf/lib/mno-hw-mul\libsmallc.a(lib_a-writer.o)
 .debug_frame   0x000000e0       0x38 ../test_GesBou_bsp/\libhal_bsp.a(alt_load.o)
 .debug_frame   0x00000118       0x28 ../test_GesBou_bsp/\libhal_bsp.a(alt_main.o)
 .debug_frame   0x00000140       0x28 ../test_GesBou_bsp/\libhal_bsp.a(alt_putstr.o)
 .debug_frame   0x00000168       0x20 ../test_GesBou_bsp/\libhal_bsp.a(alt_usleep.o)
 .debug_frame   0x00000188       0x28 ../test_GesBou_bsp/\libhal_bsp.a(alt_write.o)
 .debug_frame   0x000001b0       0x38 ../test_GesBou_bsp/\libhal_bsp.a(alt_sys_init.o)
 .debug_frame   0x000001e8       0x20 ../test_GesBou_bsp/\libhal_bsp.a(altera_avalon_jtag_uart_write.o)
 .debug_frame   0x00000208       0x28 ../test_GesBou_bsp/\libhal_bsp.a(alt_busy_sleep.o)
 .debug_frame   0x00000230       0x20 ../test_GesBou_bsp/\libhal_bsp.a(alt_dcache_flush_all.o)
 .debug_frame   0x00000250       0x20 ../test_GesBou_bsp/\libhal_bsp.a(alt_icache_flush_all.o)
 .debug_frame   0x00000270       0x20 ../test_GesBou_bsp/\libhal_bsp.a(altera_nios2_irq.o)
 .debug_frame   0x00000290       0x70 c:/altera/11.1sp2/nios2eds/bin/gnu/h-i686-mingw32/bin/../lib/gcc/nios2-elf/4.1.2/mno-hw-mul\libgcc.a(lib2-divmod.o)
 .debug_frame   0x00000300       0x20 c:/altera/11.1sp2/nios2eds/bin/gnu/h-i686-mingw32/bin/../lib/gcc/nios2-elf/4.1.2/mno-hw-mul\libgcc.a(lib2-mul.o)

.debug_str      0x00000000      0xc89
 *(.debug_str)
 .debug_str     0x00000000       0xca obj/default/hello_world_small.o
                                0x108 (size before relaxing)
 .debug_str     0x000000ca      0x38e c:/altera/11.1sp2/nios2eds/bin/gnu/h-i686-mingw32/bin/../lib/gcc/nios2-elf/4.1.2/../../../../nios2-elf/lib/mno-hw-mul\libsmallc.a(lib_a-puts.o)
                                0x450 (size before relaxing)
 .debug_str     0x00000458       0xe2 c:/altera/11.1sp2/nios2eds/bin/gnu/h-i686-mingw32/bin/../lib/gcc/nios2-elf/4.1.2/../../../../nios2-elf/lib/mno-hw-mul\libsmallc.a(lib_a-strlen.o)
                                0x184 (size before relaxing)
 .debug_str     0x0000053a       0x70 c:/altera/11.1sp2/nios2eds/bin/gnu/h-i686-mingw32/bin/../lib/gcc/nios2-elf/4.1.2/../../../../nios2-elf/lib/mno-hw-mul\libsmallc.a(lib_a-fvwrite_small_dev.o)
                                0x46a (size before relaxing)
 .debug_str     0x000005aa       0xf8 c:/altera/11.1sp2/nios2eds/bin/gnu/h-i686-mingw32/bin/../lib/gcc/nios2-elf/4.1.2/../../../../nios2-elf/lib/mno-hw-mul\libsmallc.a(lib_a-impure.o)
                                0x45d (size before relaxing)
 .debug_str     0x000006a2       0x4f c:/altera/11.1sp2/nios2eds/bin/gnu/h-i686-mingw32/bin/../lib/gcc/nios2-elf/4.1.2/../../../../nios2-elf/lib/mno-hw-mul\libsmallc.a(lib_a-writer.o)
                                0x451 (size before relaxing)
 .debug_str     0x000006f1       0x40 c:/altera/11.1sp2/nios2eds/bin/gnu/h-i686-mingw32/bin/../lib/gcc/nios2-elf/4.1.2/../../../../nios2-elf/lib/mno-hw-mul\libsmallc.a(lib_a-int_errno.o)
                                0x177 (size before relaxing)
 .debug_str     0x00000731      0x149 ../test_GesBou_bsp/\libhal_bsp.a(alt_load.o)
                                0x1de (size before relaxing)
 .debug_str     0x0000087a       0x70 ../test_GesBou_bsp/\libhal_bsp.a(alt_main.o)
                                0x162 (size before relaxing)
 .debug_str     0x000008ea       0x4c ../test_GesBou_bsp/\libhal_bsp.a(alt_putstr.o)
                                0x139 (size before relaxing)
 .debug_str     0x00000936       0x27 ../test_GesBou_bsp/\libhal_bsp.a(alt_usleep.o)
                                0x114 (size before relaxing)
 .debug_str     0x0000095d       0x2c ../test_GesBou_bsp/\libhal_bsp.a(alt_write.o)
                                0x18e (size before relaxing)
 .debug_str     0x00000989       0x85 ../test_GesBou_bsp/\libhal_bsp.a(alt_sys_init.o)
                                0x1d7 (size before relaxing)
 .debug_str     0x00000a0e       0x4a ../test_GesBou_bsp/\libhal_bsp.a(altera_avalon_jtag_uart_write.o)
                                0x1da (size before relaxing)
 .debug_str     0x00000a58       0x42 ../test_GesBou_bsp/\libhal_bsp.a(alt_busy_sleep.o)
                                0x137 (size before relaxing)
 .debug_str     0x00000a9a       0x34 ../test_GesBou_bsp/\libhal_bsp.a(alt_dcache_flush_all.o)
                                0x121 (size before relaxing)
 .debug_str     0x00000ace       0x14 ../test_GesBou_bsp/\libhal_bsp.a(alt_errno.o)
                                0x111 (size before relaxing)
 .debug_str     0x00000ae2       0x34 ../test_GesBou_bsp/\libhal_bsp.a(alt_icache_flush_all.o)
                                0x121 (size before relaxing)
 .debug_str     0x00000b16       0x31 ../test_GesBou_bsp/\libhal_bsp.a(altera_nios2_irq.o)
                                0x11e (size before relaxing)
 .debug_str     0x00000b47      0x10b c:/altera/11.1sp2/nios2eds/bin/gnu/h-i686-mingw32/bin/../lib/gcc/nios2-elf/4.1.2/mno-hw-mul\libgcc.a(lib2-divmod.o)
                                0x1b4 (size before relaxing)
 .debug_str     0x00000c52       0x37 c:/altera/11.1sp2/nios2eds/bin/gnu/h-i686-mingw32/bin/../lib/gcc/nios2-elf/4.1.2/mno-hw-mul\libgcc.a(lib2-mul.o)
                                0x175 (size before relaxing)

.debug_loc      0x00000000      0x6d4
 *(.debug_loc)
 .debug_loc     0x00000000       0x1f obj/default/hello_world_small.o
 .debug_loc     0x0000001f       0xa2 c:/altera/11.1sp2/nios2eds/bin/gnu/h-i686-mingw32/bin/../lib/gcc/nios2-elf/4.1.2/../../../../nios2-elf/lib/mno-hw-mul\libsmallc.a(lib_a-puts.o)
 .debug_loc     0x000000c1       0x1e c:/altera/11.1sp2/nios2eds/bin/gnu/h-i686-mingw32/bin/../lib/gcc/nios2-elf/4.1.2/../../../../nios2-elf/lib/mno-hw-mul\libsmallc.a(lib_a-strlen.o)
 .debug_loc     0x000000df      0x162 c:/altera/11.1sp2/nios2eds/bin/gnu/h-i686-mingw32/bin/../lib/gcc/nios2-elf/4.1.2/../../../../nios2-elf/lib/mno-hw-mul\libsmallc.a(lib_a-fvwrite_small_dev.o)
 .debug_loc     0x00000241       0x97 c:/altera/11.1sp2/nios2eds/bin/gnu/h-i686-mingw32/bin/../lib/gcc/nios2-elf/4.1.2/../../../../nios2-elf/lib/mno-hw-mul\libsmallc.a(lib_a-writer.o)
 .debug_loc     0x000002d8       0x1f ../test_GesBou_bsp/\libhal_bsp.a(alt_load.o)
 .debug_loc     0x000002f7       0x1f ../test_GesBou_bsp/\libhal_bsp.a(alt_main.o)
 .debug_loc     0x00000316       0x48 ../test_GesBou_bsp/\libhal_bsp.a(alt_putstr.o)
 .debug_loc     0x0000035e       0x13 ../test_GesBou_bsp/\libhal_bsp.a(alt_usleep.o)
 .debug_loc     0x00000371       0x9a ../test_GesBou_bsp/\libhal_bsp.a(alt_write.o)
 .debug_loc     0x0000040b       0x32 ../test_GesBou_bsp/\libhal_bsp.a(alt_sys_init.o)
 .debug_loc     0x0000043d       0x26 ../test_GesBou_bsp/\libhal_bsp.a(altera_avalon_jtag_uart_write.o)
 .debug_loc     0x00000463       0x50 ../test_GesBou_bsp/\libhal_bsp.a(alt_busy_sleep.o)
 .debug_loc     0x000004b3      0x1d2 c:/altera/11.1sp2/nios2eds/bin/gnu/h-i686-mingw32/bin/../lib/gcc/nios2-elf/4.1.2/mno-hw-mul\libgcc.a(lib2-divmod.o)
 .debug_loc     0x00000685       0x4f c:/altera/11.1sp2/nios2eds/bin/gnu/h-i686-mingw32/bin/../lib/gcc/nios2-elf/4.1.2/mno-hw-mul\libgcc.a(lib2-mul.o)

.debug_macinfo
 *(.debug_macinfo)

.debug_weaknames
 *(.debug_weaknames)

.debug_funcnames
 *(.debug_funcnames)

.debug_typenames
 *(.debug_typenames)

.debug_varnames
 *(.debug_varnames)

.debug_alt_sim_info
                0x00000000       0x40
 *(.debug_alt_sim_info)
 .debug_alt_sim_info
                0x00000000       0x10 ../test_GesBou_bsp//obj/HAL/src/crt0.o
 .debug_alt_sim_info
                0x00000010       0x30 ../test_GesBou_bsp/\libhal_bsp.a(alt_busy_sleep.o)
                0x0000d000                __alt_data_end = 0xd000
                0x0000d000                PROVIDE (__alt_stack_pointer, __alt_data_end)
                0x00008a10                PROVIDE (__alt_stack_limit, __alt_stack_base)
                0x00008a10                PROVIDE (__alt_heap_start, end)
                0x0000d000                PROVIDE (__alt_heap_limit, 0xd000)
OUTPUT(test_GesBou.elf elf32-littlenios2)

.debug_ranges   0x00000000       0x20
 .debug_ranges  0x00000000       0x20 ../test_GesBou_bsp//obj/HAL/src/crt0.o
