Archive member included because of file (symbol)

c:/altera/11.1sp2/nios2eds/bin/gnu/h-i686-mingw32/bin/../lib/gcc/nios2-elf/4.1.2/../../../../nios2-elf/lib/mno-hw-mul\libsmallc.a(lib_a-printf.o)
                              obj/default/hello_world_small.o (printf)
c:/altera/11.1sp2/nios2eds/bin/gnu/h-i686-mingw32/bin/../lib/gcc/nios2-elf/4.1.2/../../../../nios2-elf/lib/mno-hw-mul\libsmallc.a(lib_a-puts.o)
                              obj/default/hello_world_small.o (puts)
c:/altera/11.1sp2/nios2eds/bin/gnu/h-i686-mingw32/bin/../lib/gcc/nios2-elf/4.1.2/../../../../nios2-elf/lib/mno-hw-mul\libsmallc.a(lib_a-strlen.o)
                              c:/altera/11.1sp2/nios2eds/bin/gnu/h-i686-mingw32/bin/../lib/gcc/nios2-elf/4.1.2/../../../../nios2-elf/lib/mno-hw-mul\libsmallc.a(lib_a-puts.o) (strlen)
c:/altera/11.1sp2/nios2eds/bin/gnu/h-i686-mingw32/bin/../lib/gcc/nios2-elf/4.1.2/../../../../nios2-elf/lib/mno-hw-mul\libsmallc.a(lib_a-vfprintf.o)
                              c:/altera/11.1sp2/nios2eds/bin/gnu/h-i686-mingw32/bin/../lib/gcc/nios2-elf/4.1.2/../../../../nios2-elf/lib/mno-hw-mul\libsmallc.a(lib_a-printf.o) (___vfprintf_internal_r)
c:/altera/11.1sp2/nios2eds/bin/gnu/h-i686-mingw32/bin/../lib/gcc/nios2-elf/4.1.2/../../../../nios2-elf/lib/mno-hw-mul\libsmallc.a(lib_a-fvwrite_small_dev.o)
                              c:/altera/11.1sp2/nios2eds/bin/gnu/h-i686-mingw32/bin/../lib/gcc/nios2-elf/4.1.2/../../../../nios2-elf/lib/mno-hw-mul\libsmallc.a(lib_a-printf.o) (__sfvwrite_small_dev)
c:/altera/11.1sp2/nios2eds/bin/gnu/h-i686-mingw32/bin/../lib/gcc/nios2-elf/4.1.2/../../../../nios2-elf/lib/mno-hw-mul\libsmallc.a(lib_a-impure.o)
                              c:/altera/11.1sp2/nios2eds/bin/gnu/h-i686-mingw32/bin/../lib/gcc/nios2-elf/4.1.2/../../../../nios2-elf/lib/mno-hw-mul\libsmallc.a(lib_a-printf.o) (_impure_ptr)
c:/altera/11.1sp2/nios2eds/bin/gnu/h-i686-mingw32/bin/../lib/gcc/nios2-elf/4.1.2/../../../../nios2-elf/lib/mno-hw-mul\libsmallc.a(lib_a-writer.o)
                              c:/altera/11.1sp2/nios2eds/bin/gnu/h-i686-mingw32/bin/../lib/gcc/nios2-elf/4.1.2/../../../../nios2-elf/lib/mno-hw-mul\libsmallc.a(lib_a-fvwrite_small_dev.o) (_write_r)
c:/altera/11.1sp2/nios2eds/bin/gnu/h-i686-mingw32/bin/../lib/gcc/nios2-elf/4.1.2/../../../../nios2-elf/lib/mno-hw-mul\libsmallc.a(lib_a-int_errno.o)
                              c:/altera/11.1sp2/nios2eds/bin/gnu/h-i686-mingw32/bin/../lib/gcc/nios2-elf/4.1.2/../../../../nios2-elf/lib/mno-hw-mul\libsmallc.a(lib_a-writer.o) (errno)
c:/altera/11.1sp2/nios2eds/bin/gnu/h-i686-mingw32/bin/../lib/gcc/nios2-elf/4.1.2/mno-hw-mul\libgcc.a(lib2-divmod.o)
                              c:/altera/11.1sp2/nios2eds/bin/gnu/h-i686-mingw32/bin/../lib/gcc/nios2-elf/4.1.2/../../../../nios2-elf/lib/mno-hw-mul\libsmallc.a(lib_a-vfprintf.o) (__udivsi3)
c:/altera/11.1sp2/nios2eds/bin/gnu/h-i686-mingw32/bin/../lib/gcc/nios2-elf/4.1.2/mno-hw-mul\libgcc.a(lib2-mul.o)
                              c:/altera/11.1sp2/nios2eds/bin/gnu/h-i686-mingw32/bin/../lib/gcc/nios2-elf/4.1.2/../../../../nios2-elf/lib/mno-hw-mul\libsmallc.a(lib_a-vfprintf.o) (__mulsi3)
../gestions_btns_bsp/\libhal_bsp.a(alt_load.o)
                              ../gestions_btns_bsp//obj/HAL/src/crt0.o (alt_load)
../gestions_btns_bsp/\libhal_bsp.a(alt_main.o)
                              ../gestions_btns_bsp//obj/HAL/src/crt0.o (alt_main)
../gestions_btns_bsp/\libhal_bsp.a(alt_putstr.o)
                              obj/default/hello_world_small.o (alt_putstr)
../gestions_btns_bsp/\libhal_bsp.a(alt_usleep.o)
                              obj/default/hello_world_small.o (usleep)
../gestions_btns_bsp/\libhal_bsp.a(alt_write.o)
                              c:/altera/11.1sp2/nios2eds/bin/gnu/h-i686-mingw32/bin/../lib/gcc/nios2-elf/4.1.2/../../../../nios2-elf/lib/mno-hw-mul\libsmallc.a(lib_a-writer.o) (write)
../gestions_btns_bsp/\libhal_bsp.a(alt_sys_init.o)
                              ../gestions_btns_bsp/\libhal_bsp.a(alt_main.o) (alt_sys_init)
../gestions_btns_bsp/\libhal_bsp.a(altera_avalon_jtag_uart_write.o)
                              ../gestions_btns_bsp/\libhal_bsp.a(alt_putstr.o) (altera_avalon_jtag_uart_write)
../gestions_btns_bsp/\libhal_bsp.a(alt_busy_sleep.o)
                              ../gestions_btns_bsp/\libhal_bsp.a(alt_usleep.o) (alt_busy_sleep)
../gestions_btns_bsp/\libhal_bsp.a(alt_dcache_flush_all.o)
                              ../gestions_btns_bsp/\libhal_bsp.a(alt_load.o) (alt_dcache_flush_all)
../gestions_btns_bsp/\libhal_bsp.a(alt_errno.o)
                              ../gestions_btns_bsp/\libhal_bsp.a(alt_write.o) (alt_errno)
../gestions_btns_bsp/\libhal_bsp.a(alt_icache_flush_all.o)
                              ../gestions_btns_bsp/\libhal_bsp.a(alt_load.o) (alt_icache_flush_all)
../gestions_btns_bsp/\libhal_bsp.a(altera_nios2_irq.o)
                              ../gestions_btns_bsp/\libhal_bsp.a(alt_sys_init.o) (altera_nios2_irq_init)

Allocating common symbols
Common symbol       size              file

Code1               0x4               obj/default/hello_world_small.o
errno               0x4               c:/altera/11.1sp2/nios2eds/bin/gnu/h-i686-mingw32/bin/../lib/gcc/nios2-elf/4.1.2/../../../../nios2-elf/lib/mno-hw-mul\libsmallc.a(lib_a-int_errno.o)

Memory Configuration

Name             Origin             Length             Attributes
reset            0x00008000         0x00000020
sram             0x00008020         0x00004fe0
*default*        0x00000000         0xffffffff

Linker script and memory map

LOAD ../gestions_btns_bsp//obj/HAL/src/crt0.o
                0x0000800c                exit = _exit
LOAD obj/default/hello_world_small.o
LOAD c:/altera/11.1sp2/nios2eds/bin/gnu/h-i686-mingw32/bin/../lib/gcc/nios2-elf/4.1.2/../../../../nios2-elf/lib/mno-hw-mul\libstdc++.a
LOAD c:/altera/11.1sp2/nios2eds/bin/gnu/h-i686-mingw32/bin/../lib/gcc/nios2-elf/4.1.2/../../../../nios2-elf/lib/mno-hw-mul\libm.a
LOAD c:/altera/11.1sp2/nios2eds/bin/gnu/h-i686-mingw32/bin/../lib/gcc/nios2-elf/4.1.2/mno-hw-mul\libgcc.a
START GROUP
LOAD c:/altera/11.1sp2/nios2eds/bin/gnu/h-i686-mingw32/bin/../lib/gcc/nios2-elf/4.1.2/../../../../nios2-elf/lib/mno-hw-mul\libsmallc.a
LOAD c:/altera/11.1sp2/nios2eds/bin/gnu/h-i686-mingw32/bin/../lib/gcc/nios2-elf/4.1.2/mno-hw-mul\libgcc.a
LOAD ../gestions_btns_bsp/\libhal_bsp.a
END GROUP
LOAD c:/altera/11.1sp2/nios2eds/bin/gnu/h-i686-mingw32/bin/../lib/gcc/nios2-elf/4.1.2/mno-hw-mul\libgcc.a
                0x00008000                __alt_mem_sram = 0x8000

.entry          0x00008000       0x20
 *(.entry)
 .entry         0x00008000       0x20 ../gestions_btns_bsp//obj/HAL/src/crt0.o
                0x00008000                __reset
                0x0000800c                _exit

.exceptions     0x00008020        0x0
                0x00008020                PROVIDE (__ram_exceptions_start, ABSOLUTE (.))
                0x00008020                . = ALIGN (0x20)
 *(.irq)
 *(.exceptions.entry.label)
 *(.exceptions.entry.user)
 *(.exceptions.entry)
 *(.exceptions.irqtest.user)
 *(.exceptions.irqtest)
 *(.exceptions.irqhandler.user)
 *(.exceptions.irqhandler)
 *(.exceptions.irqreturn.user)
 *(.exceptions.irqreturn)
 *(.exceptions.notirq.label)
 *(.exceptions.notirq.user)
 *(.exceptions.notirq)
 *(.exceptions.soft.user)
 *(.exceptions.soft)
 *(.exceptions.unknown.user)
 *(.exceptions.unknown)
 *(.exceptions.exit.label)
 *(.exceptions.exit.user)
 *(.exceptions.exit)
 *(.exceptions)
                0x00008020                PROVIDE (__ram_exceptions_end, ABSOLUTE (.))
                0x00008020                PROVIDE (__flash_exceptions_start, LOADADDR (.exceptions))

.text           0x00008020      0xe7c
                0x00008020                PROVIDE (stext, ABSOLUTE (.))
 *(.interp)
 *(.hash)
 *(.dynsym)
 *(.dynstr)
 *(.gnu.version)
 *(.gnu.version_d)
 *(.gnu.version_r)
 *(.rel.init)
 *(.rela.init)
 *(.rel.text .rel.text.* .rel.gnu.linkonce.t.*)
 *(.rela.text .rela.text.* .rela.gnu.linkonce.t.*)
 *(.rel.fini)
 *(.rela.fini)
 *(.rel.rodata .rel.rodata.* .rel.gnu.linkonce.r.*)
 *(.rela.rodata .rela.rodata.* .rela.gnu.linkonce.r.*)
 *(.rel.data .rel.data.* .rel.gnu.linkonce.d.*)
 *(.rela.data .rela.data.* .rela.gnu.linkonce.d.*)
 *(.rel.tdata .rel.tdata.* .rel.gnu.linkonce.td.*)
 *(.rela.tdata .rela.tdata.* .rela.gnu.linkonce.td.*)
 *(.rel.tbss .rel.tbss.* .rel.gnu.linkonce.tb.*)
 *(.rela.tbss .rela.tbss.* .rela.gnu.linkonce.tb.*)
 *(.rel.ctors)
 *(.rela.ctors)
 *(.rel.dtors)
 *(.rela.dtors)
 *(.rel.got)
 *(.rela.got)
 *(.rel.sdata .rel.sdata.* .rel.gnu.linkonce.s.*)
 *(.rela.sdata .rela.sdata.* .rela.gnu.linkonce.s.*)
 *(.rel.sbss .rel.sbss.* .rel.gnu.linkonce.sb.*)
 *(.rela.sbss .rela.sbss.* .rela.gnu.linkonce.sb.*)
 *(.rel.sdata2 .rel.sdata2.* .rel.gnu.linkonce.s2.*)
 *(.rela.sdata2 .rela.sdata2.* .rela.gnu.linkonce.s2.*)
 *(.rel.sbss2 .rel.sbss2.* .rel.gnu.linkonce.sb2.*)
 *(.rela.sbss2 .rela.sbss2.* .rela.gnu.linkonce.sb2.*)
 *(.rel.bss .rel.bss.* .rel.gnu.linkonce.b.*)
 *(.rela.bss .rela.bss.* .rela.gnu.linkonce.b.*)
 *(.rel.plt)
 *(.rela.plt)
 *(.rel.dyn)
 *(.init)
 *(.plt)
 *(.text .stub .text.* .gnu.linkonce.t.*)
 .text          0x00008020       0x3c ../gestions_btns_bsp//obj/HAL/src/crt0.o
                0x00008020                _start
 .text          0x0000805c      0x128 obj/default/hello_world_small.o
                0x0000805c                main
 .text          0x00008184       0x98 c:/altera/11.1sp2/nios2eds/bin/gnu/h-i686-mingw32/bin/../lib/gcc/nios2-elf/4.1.2/../../../../nios2-elf/lib/mno-hw-mul\libsmallc.a(lib_a-printf.o)
                0x00008184                printf
                0x000081d8                _printf_r
 .text          0x0000821c       0xa4 c:/altera/11.1sp2/nios2eds/bin/gnu/h-i686-mingw32/bin/../lib/gcc/nios2-elf/4.1.2/../../../../nios2-elf/lib/mno-hw-mul\libsmallc.a(lib_a-puts.o)
                0x0000821c                _puts_r
                0x000082ac                puts
 .text          0x000082c0       0x20 c:/altera/11.1sp2/nios2eds/bin/gnu/h-i686-mingw32/bin/../lib/gcc/nios2-elf/4.1.2/../../../../nios2-elf/lib/mno-hw-mul\libsmallc.a(lib_a-strlen.o)
                0x000082c0                strlen
 .text          0x000082e0      0x6a4 c:/altera/11.1sp2/nios2eds/bin/gnu/h-i686-mingw32/bin/../lib/gcc/nios2-elf/4.1.2/../../../../nios2-elf/lib/mno-hw-mul\libsmallc.a(lib_a-vfprintf.o)
                0x00008360                ___vfprintf_internal_r
                0x00008960                __vfprintf_internal
 .text          0x00008984       0xbc c:/altera/11.1sp2/nios2eds/bin/gnu/h-i686-mingw32/bin/../lib/gcc/nios2-elf/4.1.2/../../../../nios2-elf/lib/mno-hw-mul\libsmallc.a(lib_a-fvwrite_small_dev.o)
                0x00008984                __sfvwrite_small_dev
 .text          0x00008a40        0x0 c:/altera/11.1sp2/nios2eds/bin/gnu/h-i686-mingw32/bin/../lib/gcc/nios2-elf/4.1.2/../../../../nios2-elf/lib/mno-hw-mul\libsmallc.a(lib_a-impure.o)
 .text          0x00008a40       0x78 c:/altera/11.1sp2/nios2eds/bin/gnu/h-i686-mingw32/bin/../lib/gcc/nios2-elf/4.1.2/../../../../nios2-elf/lib/mno-hw-mul\libsmallc.a(lib_a-writer.o)
                0x00008a40                _write_r
 .text          0x00008ab8        0x0 c:/altera/11.1sp2/nios2eds/bin/gnu/h-i686-mingw32/bin/../lib/gcc/nios2-elf/4.1.2/../../../../nios2-elf/lib/mno-hw-mul\libsmallc.a(lib_a-int_errno.o)
 .text          0x00008ab8      0x14c c:/altera/11.1sp2/nios2eds/bin/gnu/h-i686-mingw32/bin/../lib/gcc/nios2-elf/4.1.2/mno-hw-mul\libgcc.a(lib2-divmod.o)
                0x00008b34                __divsi3
                0x00008b94                __modsi3
                0x00008bf4                __udivsi3
                0x00008bfc                __umodsi3
 .text          0x00008c04       0x38 c:/altera/11.1sp2/nios2eds/bin/gnu/h-i686-mingw32/bin/../lib/gcc/nios2-elf/4.1.2/mno-hw-mul\libgcc.a(lib2-mul.o)
                0x00008c04                __mulsi3
 .text          0x00008c3c       0x8c ../gestions_btns_bsp/\libhal_bsp.a(alt_load.o)
                0x00008c5c                alt_load
 .text          0x00008cc8       0x2c ../gestions_btns_bsp/\libhal_bsp.a(alt_main.o)
                0x00008cc8                alt_main
 .text          0x00008cf4       0x38 ../gestions_btns_bsp/\libhal_bsp.a(alt_putstr.o)
                0x00008cf4                alt_putstr
 .text          0x00008d2c        0x4 ../gestions_btns_bsp/\libhal_bsp.a(alt_usleep.o)
                0x00008d2c                usleep
 .text          0x00008d30       0x78 ../gestions_btns_bsp/\libhal_bsp.a(alt_write.o)
                0x00008d30                write
 .text          0x00008da8       0x24 ../gestions_btns_bsp/\libhal_bsp.a(alt_sys_init.o)
                0x00008da8                alt_sys_init
                0x00008dac                alt_irq_init
 .text          0x00008dcc       0x34 ../gestions_btns_bsp/\libhal_bsp.a(altera_avalon_jtag_uart_write.o)
                0x00008dcc                altera_avalon_jtag_uart_write
 .text          0x00008e00       0x8c ../gestions_btns_bsp/\libhal_bsp.a(alt_busy_sleep.o)
                0x00008e00                alt_busy_sleep
 .text          0x00008e8c        0x4 ../gestions_btns_bsp/\libhal_bsp.a(alt_dcache_flush_all.o)
                0x00008e8c                alt_dcache_flush_all
 .text          0x00008e90        0x0 ../gestions_btns_bsp/\libhal_bsp.a(alt_errno.o)
 .text          0x00008e90        0x4 ../gestions_btns_bsp/\libhal_bsp.a(alt_icache_flush_all.o)
                0x00008e90                alt_icache_flush_all
 .text          0x00008e94        0x8 ../gestions_btns_bsp/\libhal_bsp.a(altera_nios2_irq.o)
                0x00008e94                altera_nios2_irq_init
 *(.gnu.warning.*)
 *(.fini)
                0x00008e9c                PROVIDE (__etext, ABSOLUTE (.))
                0x00008e9c                PROVIDE (_etext, ABSOLUTE (.))
                0x00008e9c                PROVIDE (etext, ABSOLUTE (.))
 *(.eh_frame_hdr)
                0x00008e9c                . = ALIGN (0x4)
                0x00008e9c                PROVIDE (__preinit_array_start, ABSOLUTE (.))
 *(.preinit_array)
                0x00008e9c                PROVIDE (__preinit_array_end, ABSOLUTE (.))
                0x00008e9c                PROVIDE (__init_array_start, ABSOLUTE (.))
 *(.init_array)
                0x00008e9c                PROVIDE (__init_array_end, ABSOLUTE (.))
                0x00008e9c                PROVIDE (__fini_array_start, ABSOLUTE (.))
 *(.fini_array)
                0x00008e9c                PROVIDE (__fini_array_end, ABSOLUTE (.))
 *(.eh_frame)
 *(.gcc_except_table)
 *(.dynamic)
                0x00008e9c                PROVIDE (__CTOR_LIST__, ABSOLUTE (.))
 *(.ctors)
 *(SORT(.ctors.*))
                0x00008e9c                PROVIDE (__CTOR_END__, ABSOLUTE (.))
                0x00008e9c                PROVIDE (__DTOR_LIST__, ABSOLUTE (.))
 *(.dtors)
 *(SORT(.dtors.*))
                0x00008e9c                PROVIDE (__DTOR_END__, ABSOLUTE (.))
 *(.jcr)
                0x00008e9c                . = ALIGN (0x4)

.rodata         0x00008e9c      0x110
                0x00008e9c                PROVIDE (__ram_rodata_start, ABSOLUTE (.))
                0x00008e9c                . = ALIGN (0x4)
 *(.rodata .rodata.* .gnu.linkonce.r.*)
 .rodata.str1.4
                0x00008e9c      0x10c obj/default/hello_world_small.o
 .rodata.str1.4
                0x00008fa8        0x4 c:/altera/11.1sp2/nios2eds/bin/gnu/h-i686-mingw32/bin/../lib/gcc/nios2-elf/4.1.2/../../../../nios2-elf/lib/mno-hw-mul\libsmallc.a(lib_a-puts.o)
 *(.rodata1)
                0x00008fac                . = ALIGN (0x4)
                0x00008fac                PROVIDE (__ram_rodata_end, ABSOLUTE (.))
                0x00008e9c                PROVIDE (__flash_rodata_start, LOADADDR (.rodata))

.rwdata         0x00008fac       0xf0 load address 0x0000909c
                0x00008fac                PROVIDE (__ram_rwdata_start, ABSOLUTE (.))
                0x00008fac                . = ALIGN (0x4)
 *(.got.plt)
 *(.got)
 *(.data1)
 *(.data .data.* .gnu.linkonce.d.*)
 .data          0x00008fac        0x0 ../gestions_btns_bsp//obj/HAL/src/crt0.o
 .data          0x00008fac        0x0 obj/default/hello_world_small.o
 .data          0x00008fac        0x0 c:/altera/11.1sp2/nios2eds/bin/gnu/h-i686-mingw32/bin/../lib/gcc/nios2-elf/4.1.2/../../../../nios2-elf/lib/mno-hw-mul\libsmallc.a(lib_a-printf.o)
 .data          0x00008fac        0x0 c:/altera/11.1sp2/nios2eds/bin/gnu/h-i686-mingw32/bin/../lib/gcc/nios2-elf/4.1.2/../../../../nios2-elf/lib/mno-hw-mul\libsmallc.a(lib_a-puts.o)
 .data          0x00008fac        0x0 c:/altera/11.1sp2/nios2eds/bin/gnu/h-i686-mingw32/bin/../lib/gcc/nios2-elf/4.1.2/../../../../nios2-elf/lib/mno-hw-mul\libsmallc.a(lib_a-strlen.o)
 .data          0x00008fac        0x0 c:/altera/11.1sp2/nios2eds/bin/gnu/h-i686-mingw32/bin/../lib/gcc/nios2-elf/4.1.2/../../../../nios2-elf/lib/mno-hw-mul\libsmallc.a(lib_a-vfprintf.o)
 .data          0x00008fac        0x0 c:/altera/11.1sp2/nios2eds/bin/gnu/h-i686-mingw32/bin/../lib/gcc/nios2-elf/4.1.2/../../../../nios2-elf/lib/mno-hw-mul\libsmallc.a(lib_a-fvwrite_small_dev.o)
 .data          0x00008fac       0xe0 c:/altera/11.1sp2/nios2eds/bin/gnu/h-i686-mingw32/bin/../lib/gcc/nios2-elf/4.1.2/../../../../nios2-elf/lib/mno-hw-mul\libsmallc.a(lib_a-impure.o)
 .data          0x0000908c        0x0 c:/altera/11.1sp2/nios2eds/bin/gnu/h-i686-mingw32/bin/../lib/gcc/nios2-elf/4.1.2/../../../../nios2-elf/lib/mno-hw-mul\libsmallc.a(lib_a-writer.o)
 .data          0x0000908c        0x0 c:/altera/11.1sp2/nios2eds/bin/gnu/h-i686-mingw32/bin/../lib/gcc/nios2-elf/4.1.2/../../../../nios2-elf/lib/mno-hw-mul\libsmallc.a(lib_a-int_errno.o)
 .data          0x0000908c        0x0 c:/altera/11.1sp2/nios2eds/bin/gnu/h-i686-mingw32/bin/../lib/gcc/nios2-elf/4.1.2/mno-hw-mul\libgcc.a(lib2-divmod.o)
 .data          0x0000908c        0x0 c:/altera/11.1sp2/nios2eds/bin/gnu/h-i686-mingw32/bin/../lib/gcc/nios2-elf/4.1.2/mno-hw-mul\libgcc.a(lib2-mul.o)
 .data          0x0000908c        0x0 ../gestions_btns_bsp/\libhal_bsp.a(alt_load.o)
 .data          0x0000908c        0x0 ../gestions_btns_bsp/\libhal_bsp.a(alt_main.o)
 .data          0x0000908c        0x0 ../gestions_btns_bsp/\libhal_bsp.a(alt_putstr.o)
 .data          0x0000908c        0x0 ../gestions_btns_bsp/\libhal_bsp.a(alt_usleep.o)
 .data          0x0000908c        0x0 ../gestions_btns_bsp/\libhal_bsp.a(alt_write.o)
 .data          0x0000908c        0x0 ../gestions_btns_bsp/\libhal_bsp.a(alt_sys_init.o)
 .data          0x0000908c        0x0 ../gestions_btns_bsp/\libhal_bsp.a(altera_avalon_jtag_uart_write.o)
 .data          0x0000908c        0x0 ../gestions_btns_bsp/\libhal_bsp.a(alt_busy_sleep.o)
 .data          0x0000908c        0x0 ../gestions_btns_bsp/\libhal_bsp.a(alt_dcache_flush_all.o)
 .data          0x0000908c        0x0 ../gestions_btns_bsp/\libhal_bsp.a(alt_errno.o)
 .data          0x0000908c        0x0 ../gestions_btns_bsp/\libhal_bsp.a(alt_icache_flush_all.o)
 .data          0x0000908c        0x0 ../gestions_btns_bsp/\libhal_bsp.a(altera_nios2_irq.o)
                0x0001108c                _gp = ABSOLUTE ((. + 0x8000))
                0x0001108c                PROVIDE (gp, _gp)
 *(.rwdata .rwdata.*)
 *(.sdata .sdata.* .gnu.linkonce.s.*)
 .sdata         0x0000908c        0x8 c:/altera/11.1sp2/nios2eds/bin/gnu/h-i686-mingw32/bin/../lib/gcc/nios2-elf/4.1.2/../../../../nios2-elf/lib/mno-hw-mul\libsmallc.a(lib_a-impure.o)
                0x0000908c                _impure_ptr
                0x00009090                _global_impure_ptr
 .sdata         0x00009094        0x4 ../gestions_btns_bsp/\libhal_bsp.a(alt_sys_init.o)
                0x00009094                jtag_uart_0
 .sdata         0x00009098        0x4 ../gestions_btns_bsp/\libhal_bsp.a(alt_errno.o)
                0x00009098                alt_errno
 *(.sdata2 .sdata2.* .gnu.linkonce.s2.*)
                0x0000909c                . = ALIGN (0x4)
                0x0000909c                _edata = ABSOLUTE (.)
                0x0000909c                PROVIDE (edata, ABSOLUTE (.))
                0x0000909c                PROVIDE (__ram_rwdata_end, ABSOLUTE (.))
                0x0000909c                PROVIDE (__flash_rwdata_start, LOADADDR (.rwdata))

.bss            0x0000918c       0x14
                0x0000918c                __bss_start = ABSOLUTE (.)
                0x0000918c                PROVIDE (__sbss_start, ABSOLUTE (.))
                0x0000918c                PROVIDE (___sbss_start, ABSOLUTE (.))
 *(.dynsbss)
 *(.sbss .sbss.* .gnu.linkonce.sb.*)
 .sbss          0x0000918c        0x4 obj/default/hello_world_small.o
                0x0000918c                Code1
 .sbss          0x00009190        0x4 c:/altera/11.1sp2/nios2eds/bin/gnu/h-i686-mingw32/bin/../lib/gcc/nios2-elf/4.1.2/../../../../nios2-elf/lib/mno-hw-mul\libsmallc.a(lib_a-int_errno.o)
                0x00009190                errno
 .sbss          0x00009194        0xc ../gestions_btns_bsp/\libhal_bsp.a(alt_main.o)
                0x00009194                alt_argc
                0x00009198                alt_argv
                0x0000919c                alt_envp
 *(.sbss2 .sbss2.* .gnu.linkonce.sb2.*)
 *(.scommon)
                0x000091a0                PROVIDE (__sbss_end, ABSOLUTE (.))
                0x000091a0                PROVIDE (___sbss_end, ABSOLUTE (.))
 *(.dynbss)
 *(.bss .bss.* .gnu.linkonce.b.*)
 .bss           0x000091a0        0x0 ../gestions_btns_bsp//obj/HAL/src/crt0.o
 .bss           0x000091a0        0x0 obj/default/hello_world_small.o
 .bss           0x000091a0        0x0 c:/altera/11.1sp2/nios2eds/bin/gnu/h-i686-mingw32/bin/../lib/gcc/nios2-elf/4.1.2/../../../../nios2-elf/lib/mno-hw-mul\libsmallc.a(lib_a-printf.o)
 .bss           0x000091a0        0x0 c:/altera/11.1sp2/nios2eds/bin/gnu/h-i686-mingw32/bin/../lib/gcc/nios2-elf/4.1.2/../../../../nios2-elf/lib/mno-hw-mul\libsmallc.a(lib_a-puts.o)
 .bss           0x000091a0        0x0 c:/altera/11.1sp2/nios2eds/bin/gnu/h-i686-mingw32/bin/../lib/gcc/nios2-elf/4.1.2/../../../../nios2-elf/lib/mno-hw-mul\libsmallc.a(lib_a-strlen.o)
 .bss           0x000091a0        0x0 c:/altera/11.1sp2/nios2eds/bin/gnu/h-i686-mingw32/bin/../lib/gcc/nios2-elf/4.1.2/../../../../nios2-elf/lib/mno-hw-mul\libsmallc.a(lib_a-vfprintf.o)
 .bss           0x000091a0        0x0 c:/altera/11.1sp2/nios2eds/bin/gnu/h-i686-mingw32/bin/../lib/gcc/nios2-elf/4.1.2/../../../../nios2-elf/lib/mno-hw-mul\libsmallc.a(lib_a-fvwrite_small_dev.o)
 .bss           0x000091a0        0x0 c:/altera/11.1sp2/nios2eds/bin/gnu/h-i686-mingw32/bin/../lib/gcc/nios2-elf/4.1.2/../../../../nios2-elf/lib/mno-hw-mul\libsmallc.a(lib_a-impure.o)
 .bss           0x000091a0        0x0 c:/altera/11.1sp2/nios2eds/bin/gnu/h-i686-mingw32/bin/../lib/gcc/nios2-elf/4.1.2/../../../../nios2-elf/lib/mno-hw-mul\libsmallc.a(lib_a-writer.o)
 .bss           0x000091a0        0x0 c:/altera/11.1sp2/nios2eds/bin/gnu/h-i686-mingw32/bin/../lib/gcc/nios2-elf/4.1.2/../../../../nios2-elf/lib/mno-hw-mul\libsmallc.a(lib_a-int_errno.o)
 .bss           0x000091a0        0x0 c:/altera/11.1sp2/nios2eds/bin/gnu/h-i686-mingw32/bin/../lib/gcc/nios2-elf/4.1.2/mno-hw-mul\libgcc.a(lib2-divmod.o)
 .bss           0x000091a0        0x0 c:/altera/11.1sp2/nios2eds/bin/gnu/h-i686-mingw32/bin/../lib/gcc/nios2-elf/4.1.2/mno-hw-mul\libgcc.a(lib2-mul.o)
 .bss           0x000091a0        0x0 ../gestions_btns_bsp/\libhal_bsp.a(alt_load.o)
 .bss           0x000091a0        0x0 ../gestions_btns_bsp/\libhal_bsp.a(alt_main.o)
 .bss           0x000091a0        0x0 ../gestions_btns_bsp/\libhal_bsp.a(alt_putstr.o)
 .bss           0x000091a0        0x0 ../gestions_btns_bsp/\libhal_bsp.a(alt_usleep.o)
 .bss           0x000091a0        0x0 ../gestions_btns_bsp/\libhal_bsp.a(alt_write.o)
 .bss           0x000091a0        0x0 ../gestions_btns_bsp/\libhal_bsp.a(alt_sys_init.o)
 .bss           0x000091a0        0x0 ../gestions_btns_bsp/\libhal_bsp.a(altera_avalon_jtag_uart_write.o)
 .bss           0x000091a0        0x0 ../gestions_btns_bsp/\libhal_bsp.a(alt_busy_sleep.o)
 .bss           0x000091a0        0x0 ../gestions_btns_bsp/\libhal_bsp.a(alt_dcache_flush_all.o)
 .bss           0x000091a0        0x0 ../gestions_btns_bsp/\libhal_bsp.a(alt_errno.o)
 .bss           0x000091a0        0x0 ../gestions_btns_bsp/\libhal_bsp.a(alt_icache_flush_all.o)
 .bss           0x000091a0        0x0 ../gestions_btns_bsp/\libhal_bsp.a(altera_nios2_irq.o)
 *(COMMON)
                0x000091a0                . = ALIGN (0x4)
                0x000091a0                __bss_end = ABSOLUTE (.)

.sram           0x000091a0        0x0
                0x000091a0                PROVIDE (_alt_partition_sram_start, ABSOLUTE (.))
 *(.sram. sram.*)
                0x000091a0                . = ALIGN (0x4)
                0x000091a0                PROVIDE (_alt_partition_sram_end, ABSOLUTE (.))
                0x000091a0                _end = ABSOLUTE (.)
                0x000091a0                end = ABSOLUTE (.)
                0x000091a0                __alt_stack_base = ABSOLUTE (.)
                0x000091a0                PROVIDE (_alt_partition_sram_load_addr, LOADADDR (.sram))

.stab
 *(.stab)

.stabstr
 *(.stabstr)

.stab.excl
 *(.stab.excl)

.stab.exclstr
 *(.stab.exclstr)

.stab.index
 *(.stab.index)

.stab.indexstr
 *(.stab.indexstr)

.comment        0x00000000       0x26
 *(.comment)
 .comment       0x00000000       0x26 obj/default/hello_world_small.o
                                 0x27 (size before relaxing)
 .comment       0x00000000       0x27 c:/altera/11.1sp2/nios2eds/bin/gnu/h-i686-mingw32/bin/../lib/gcc/nios2-elf/4.1.2/../../../../nios2-elf/lib/mno-hw-mul\libsmallc.a(lib_a-printf.o)
 .comment       0x00000000       0x27 c:/altera/11.1sp2/nios2eds/bin/gnu/h-i686-mingw32/bin/../lib/gcc/nios2-elf/4.1.2/../../../../nios2-elf/lib/mno-hw-mul\libsmallc.a(lib_a-puts.o)
 .comment       0x00000000       0x27 c:/altera/11.1sp2/nios2eds/bin/gnu/h-i686-mingw32/bin/../lib/gcc/nios2-elf/4.1.2/../../../../nios2-elf/lib/mno-hw-mul\libsmallc.a(lib_a-strlen.o)
 .comment       0x00000000       0x27 c:/altera/11.1sp2/nios2eds/bin/gnu/h-i686-mingw32/bin/../lib/gcc/nios2-elf/4.1.2/../../../../nios2-elf/lib/mno-hw-mul\libsmallc.a(lib_a-vfprintf.o)
 .comment       0x00000000       0x27 c:/altera/11.1sp2/nios2eds/bin/gnu/h-i686-mingw32/bin/../lib/gcc/nios2-elf/4.1.2/../../../../nios2-elf/lib/mno-hw-mul\libsmallc.a(lib_a-fvwrite_small_dev.o)
 .comment       0x00000000       0x27 c:/altera/11.1sp2/nios2eds/bin/gnu/h-i686-mingw32/bin/../lib/gcc/nios2-elf/4.1.2/../../../../nios2-elf/lib/mno-hw-mul\libsmallc.a(lib_a-impure.o)
 .comment       0x00000000       0x27 c:/altera/11.1sp2/nios2eds/bin/gnu/h-i686-mingw32/bin/../lib/gcc/nios2-elf/4.1.2/../../../../nios2-elf/lib/mno-hw-mul\libsmallc.a(lib_a-writer.o)
 .comment       0x00000000       0x27 c:/altera/11.1sp2/nios2eds/bin/gnu/h-i686-mingw32/bin/../lib/gcc/nios2-elf/4.1.2/../../../../nios2-elf/lib/mno-hw-mul\libsmallc.a(lib_a-int_errno.o)
 .comment       0x00000000       0x27 c:/altera/11.1sp2/nios2eds/bin/gnu/h-i686-mingw32/bin/../lib/gcc/nios2-elf/4.1.2/mno-hw-mul\libgcc.a(lib2-divmod.o)
 .comment       0x00000000       0x27 c:/altera/11.1sp2/nios2eds/bin/gnu/h-i686-mingw32/bin/../lib/gcc/nios2-elf/4.1.2/mno-hw-mul\libgcc.a(lib2-mul.o)
 .comment       0x00000000       0x27 ../gestions_btns_bsp/\libhal_bsp.a(alt_load.o)
 .comment       0x00000000       0x27 ../gestions_btns_bsp/\libhal_bsp.a(alt_main.o)
 .comment       0x00000000       0x27 ../gestions_btns_bsp/\libhal_bsp.a(alt_putstr.o)
 .comment       0x00000000       0x27 ../gestions_btns_bsp/\libhal_bsp.a(alt_usleep.o)
 .comment       0x00000000       0x27 ../gestions_btns_bsp/\libhal_bsp.a(alt_write.o)
 .comment       0x00000000       0x27 ../gestions_btns_bsp/\libhal_bsp.a(alt_sys_init.o)
 .comment       0x00000000       0x27 ../gestions_btns_bsp/\libhal_bsp.a(altera_avalon_jtag_uart_write.o)
 .comment       0x00000000       0x27 ../gestions_btns_bsp/\libhal_bsp.a(alt_busy_sleep.o)
 .comment       0x00000000       0x27 ../gestions_btns_bsp/\libhal_bsp.a(alt_dcache_flush_all.o)
 .comment       0x00000000       0x27 ../gestions_btns_bsp/\libhal_bsp.a(alt_errno.o)
 .comment       0x00000000       0x27 ../gestions_btns_bsp/\libhal_bsp.a(alt_icache_flush_all.o)
 .comment       0x00000000       0x27 ../gestions_btns_bsp/\libhal_bsp.a(altera_nios2_irq.o)

.debug
 *(.debug)

.line
 *(.line)

.debug_srcinfo
 *(.debug_srcinfo)

.debug_sfnames
 *(.debug_sfnames)

.debug_aranges  0x00000000      0x2a8
 *(.debug_aranges)
 .debug_aranges
                0x00000000       0x28 ../gestions_btns_bsp//obj/HAL/src/crt0.o
 .debug_aranges
                0x00000028       0x20 obj/default/hello_world_small.o
 .debug_aranges
                0x00000048       0x20 c:/altera/11.1sp2/nios2eds/bin/gnu/h-i686-mingw32/bin/../lib/gcc/nios2-elf/4.1.2/../../../../nios2-elf/lib/mno-hw-mul\libsmallc.a(lib_a-printf.o)
 .debug_aranges
                0x00000068       0x20 c:/altera/11.1sp2/nios2eds/bin/gnu/h-i686-mingw32/bin/../lib/gcc/nios2-elf/4.1.2/../../../../nios2-elf/lib/mno-hw-mul\libsmallc.a(lib_a-puts.o)
 .debug_aranges
                0x00000088       0x20 c:/altera/11.1sp2/nios2eds/bin/gnu/h-i686-mingw32/bin/../lib/gcc/nios2-elf/4.1.2/../../../../nios2-elf/lib/mno-hw-mul\libsmallc.a(lib_a-strlen.o)
 .debug_aranges
                0x000000a8       0x20 c:/altera/11.1sp2/nios2eds/bin/gnu/h-i686-mingw32/bin/../lib/gcc/nios2-elf/4.1.2/../../../../nios2-elf/lib/mno-hw-mul\libsmallc.a(lib_a-vfprintf.o)
 .debug_aranges
                0x000000c8       0x20 c:/altera/11.1sp2/nios2eds/bin/gnu/h-i686-mingw32/bin/../lib/gcc/nios2-elf/4.1.2/../../../../nios2-elf/lib/mno-hw-mul\libsmallc.a(lib_a-fvwrite_small_dev.o)
 .debug_aranges
                0x000000e8       0x20 c:/altera/11.1sp2/nios2eds/bin/gnu/h-i686-mingw32/bin/../lib/gcc/nios2-elf/4.1.2/../../../../nios2-elf/lib/mno-hw-mul\libsmallc.a(lib_a-writer.o)
 .debug_aranges
                0x00000108       0x20 c:/altera/11.1sp2/nios2eds/bin/gnu/h-i686-mingw32/bin/../lib/gcc/nios2-elf/4.1.2/mno-hw-mul\libgcc.a(lib2-divmod.o)
 .debug_aranges
                0x00000128       0x20 c:/altera/11.1sp2/nios2eds/bin/gnu/h-i686-mingw32/bin/../lib/gcc/nios2-elf/4.1.2/mno-hw-mul\libgcc.a(lib2-mul.o)
 .debug_aranges
                0x00000148       0x20 ../gestions_btns_bsp/\libhal_bsp.a(alt_load.o)
 .debug_aranges
                0x00000168       0x20 ../gestions_btns_bsp/\libhal_bsp.a(alt_main.o)
 .debug_aranges
                0x00000188       0x20 ../gestions_btns_bsp/\libhal_bsp.a(alt_putstr.o)
 .debug_aranges
                0x000001a8       0x20 ../gestions_btns_bsp/\libhal_bsp.a(alt_usleep.o)
 .debug_aranges
                0x000001c8       0x20 ../gestions_btns_bsp/\libhal_bsp.a(alt_write.o)
 .debug_aranges
                0x000001e8       0x20 ../gestions_btns_bsp/\libhal_bsp.a(alt_sys_init.o)
 .debug_aranges
                0x00000208       0x20 ../gestions_btns_bsp/\libhal_bsp.a(altera_avalon_jtag_uart_write.o)
 .debug_aranges
                0x00000228       0x20 ../gestions_btns_bsp/\libhal_bsp.a(alt_busy_sleep.o)
 .debug_aranges
                0x00000248       0x20 ../gestions_btns_bsp/\libhal_bsp.a(alt_dcache_flush_all.o)
 .debug_aranges
                0x00000268       0x20 ../gestions_btns_bsp/\libhal_bsp.a(alt_icache_flush_all.o)
 .debug_aranges
                0x00000288       0x20 ../gestions_btns_bsp/\libhal_bsp.a(altera_nios2_irq.o)

.debug_pubnames
                0x00000000      0x3dd
 *(.debug_pubnames)
 .debug_pubnames
                0x00000000       0x25 obj/default/hello_world_small.o
 .debug_pubnames
                0x00000025       0x2b c:/altera/11.1sp2/nios2eds/bin/gnu/h-i686-mingw32/bin/../lib/gcc/nios2-elf/4.1.2/../../../../nios2-elf/lib/mno-hw-mul\libsmallc.a(lib_a-printf.o)
 .debug_pubnames
                0x00000050       0x27 c:/altera/11.1sp2/nios2eds/bin/gnu/h-i686-mingw32/bin/../lib/gcc/nios2-elf/4.1.2/../../../../nios2-elf/lib/mno-hw-mul\libsmallc.a(lib_a-puts.o)
 .debug_pubnames
                0x00000077       0x1d c:/altera/11.1sp2/nios2eds/bin/gnu/h-i686-mingw32/bin/../lib/gcc/nios2-elf/4.1.2/../../../../nios2-elf/lib/mno-hw-mul\libsmallc.a(lib_a-strlen.o)
 .debug_pubnames
                0x00000094       0x45 c:/altera/11.1sp2/nios2eds/bin/gnu/h-i686-mingw32/bin/../lib/gcc/nios2-elf/4.1.2/../../../../nios2-elf/lib/mno-hw-mul\libsmallc.a(lib_a-vfprintf.o)
 .debug_pubnames
                0x000000d9       0x2b c:/altera/11.1sp2/nios2eds/bin/gnu/h-i686-mingw32/bin/../lib/gcc/nios2-elf/4.1.2/../../../../nios2-elf/lib/mno-hw-mul\libsmallc.a(lib_a-fvwrite_small_dev.o)
 .debug_pubnames
                0x00000104       0x39 c:/altera/11.1sp2/nios2eds/bin/gnu/h-i686-mingw32/bin/../lib/gcc/nios2-elf/4.1.2/../../../../nios2-elf/lib/mno-hw-mul\libsmallc.a(lib_a-impure.o)
 .debug_pubnames
                0x0000013d       0x1f c:/altera/11.1sp2/nios2eds/bin/gnu/h-i686-mingw32/bin/../lib/gcc/nios2-elf/4.1.2/../../../../nios2-elf/lib/mno-hw-mul\libsmallc.a(lib_a-writer.o)
 .debug_pubnames
                0x0000015c       0x1c c:/altera/11.1sp2/nios2eds/bin/gnu/h-i686-mingw32/bin/../lib/gcc/nios2-elf/4.1.2/../../../../nios2-elf/lib/mno-hw-mul\libsmallc.a(lib_a-int_errno.o)
 .debug_pubnames
                0x00000178       0x48 c:/altera/11.1sp2/nios2eds/bin/gnu/h-i686-mingw32/bin/../lib/gcc/nios2-elf/4.1.2/mno-hw-mul\libgcc.a(lib2-divmod.o)
 .debug_pubnames
                0x000001c0       0x1f c:/altera/11.1sp2/nios2eds/bin/gnu/h-i686-mingw32/bin/../lib/gcc/nios2-elf/4.1.2/mno-hw-mul\libgcc.a(lib2-mul.o)
 .debug_pubnames
                0x000001df       0x1f ../gestions_btns_bsp/\libhal_bsp.a(alt_load.o)
 .debug_pubnames
                0x000001fe       0x46 ../gestions_btns_bsp/\libhal_bsp.a(alt_main.o)
 .debug_pubnames
                0x00000244       0x21 ../gestions_btns_bsp/\libhal_bsp.a(alt_putstr.o)
 .debug_pubnames
                0x00000265       0x1d ../gestions_btns_bsp/\libhal_bsp.a(alt_usleep.o)
 .debug_pubnames
                0x00000282       0x1c ../gestions_btns_bsp/\libhal_bsp.a(alt_write.o)
 .debug_pubnames
                0x0000029e       0x44 ../gestions_btns_bsp/\libhal_bsp.a(alt_sys_init.o)
 .debug_pubnames
                0x000002e2       0x34 ../gestions_btns_bsp/\libhal_bsp.a(altera_avalon_jtag_uart_write.o)
 .debug_pubnames
                0x00000316       0x25 ../gestions_btns_bsp/\libhal_bsp.a(alt_busy_sleep.o)
 .debug_pubnames
                0x0000033b       0x2b ../gestions_btns_bsp/\libhal_bsp.a(alt_dcache_flush_all.o)
 .debug_pubnames
                0x00000366       0x20 ../gestions_btns_bsp/\libhal_bsp.a(alt_errno.o)
 .debug_pubnames
                0x00000386       0x2b ../gestions_btns_bsp/\libhal_bsp.a(alt_icache_flush_all.o)
 .debug_pubnames
                0x000003b1       0x2c ../gestions_btns_bsp/\libhal_bsp.a(altera_nios2_irq.o)

.debug_info     0x00000000     0x3ad3
 *(.debug_info .gnu.linkonce.wi.*)
 .debug_info    0x00000000       0x7f ../gestions_btns_bsp//obj/HAL/src/crt0.o
 .debug_info    0x0000007f       0xa4 obj/default/hello_world_small.o
 .debug_info    0x00000123      0x6c8 c:/altera/11.1sp2/nios2eds/bin/gnu/h-i686-mingw32/bin/../lib/gcc/nios2-elf/4.1.2/../../../../nios2-elf/lib/mno-hw-mul\libsmallc.a(lib_a-printf.o)
 .debug_info    0x000007eb      0x685 c:/altera/11.1sp2/nios2eds/bin/gnu/h-i686-mingw32/bin/../lib/gcc/nios2-elf/4.1.2/../../../../nios2-elf/lib/mno-hw-mul\libsmallc.a(lib_a-puts.o)
 .debug_info    0x00000e70       0xc2 c:/altera/11.1sp2/nios2eds/bin/gnu/h-i686-mingw32/bin/../lib/gcc/nios2-elf/4.1.2/../../../../nios2-elf/lib/mno-hw-mul\libsmallc.a(lib_a-strlen.o)
 .debug_info    0x00000f32      0x94c c:/altera/11.1sp2/nios2eds/bin/gnu/h-i686-mingw32/bin/../lib/gcc/nios2-elf/4.1.2/../../../../nios2-elf/lib/mno-hw-mul\libsmallc.a(lib_a-vfprintf.o)
 .debug_info    0x0000187e      0x68e c:/altera/11.1sp2/nios2eds/bin/gnu/h-i686-mingw32/bin/../lib/gcc/nios2-elf/4.1.2/../../../../nios2-elf/lib/mno-hw-mul\libsmallc.a(lib_a-fvwrite_small_dev.o)
 .debug_info    0x00001f0c      0x636 c:/altera/11.1sp2/nios2eds/bin/gnu/h-i686-mingw32/bin/../lib/gcc/nios2-elf/4.1.2/../../../../nios2-elf/lib/mno-hw-mul\libsmallc.a(lib_a-impure.o)
 .debug_info    0x00002542      0x68c c:/altera/11.1sp2/nios2eds/bin/gnu/h-i686-mingw32/bin/../lib/gcc/nios2-elf/4.1.2/../../../../nios2-elf/lib/mno-hw-mul\libsmallc.a(lib_a-writer.o)
 .debug_info    0x00002bce       0x8c c:/altera/11.1sp2/nios2eds/bin/gnu/h-i686-mingw32/bin/../lib/gcc/nios2-elf/4.1.2/../../../../nios2-elf/lib/mno-hw-mul\libsmallc.a(lib_a-int_errno.o)
 .debug_info    0x00002c5a      0x21c c:/altera/11.1sp2/nios2eds/bin/gnu/h-i686-mingw32/bin/../lib/gcc/nios2-elf/4.1.2/mno-hw-mul\libgcc.a(lib2-divmod.o)
 .debug_info    0x00002e76       0xf3 c:/altera/11.1sp2/nios2eds/bin/gnu/h-i686-mingw32/bin/../lib/gcc/nios2-elf/4.1.2/mno-hw-mul\libgcc.a(lib2-mul.o)
 .debug_info    0x00002f69      0x12e ../gestions_btns_bsp/\libhal_bsp.a(alt_load.o)
 .debug_info    0x00003097      0x125 ../gestions_btns_bsp/\libhal_bsp.a(alt_main.o)
 .debug_info    0x000031bc       0xc5 ../gestions_btns_bsp/\libhal_bsp.a(alt_putstr.o)
 .debug_info    0x00003281       0xab ../gestions_btns_bsp/\libhal_bsp.a(alt_usleep.o)
 .debug_info    0x0000332c      0x179 ../gestions_btns_bsp/\libhal_bsp.a(alt_write.o)
 .debug_info    0x000034a5      0x17d ../gestions_btns_bsp/\libhal_bsp.a(alt_sys_init.o)
 .debug_info    0x00003622      0x18f ../gestions_btns_bsp/\libhal_bsp.a(altera_avalon_jtag_uart_write.o)
 .debug_info    0x000037b1       0xd0 ../gestions_btns_bsp/\libhal_bsp.a(alt_busy_sleep.o)
 .debug_info    0x00003881       0x8d ../gestions_btns_bsp/\libhal_bsp.a(alt_dcache_flush_all.o)
 .debug_info    0x0000390e       0xab ../gestions_btns_bsp/\libhal_bsp.a(alt_errno.o)
 .debug_info    0x000039b9       0x8d ../gestions_btns_bsp/\libhal_bsp.a(alt_icache_flush_all.o)
 .debug_info    0x00003a46       0x8d ../gestions_btns_bsp/\libhal_bsp.a(altera_nios2_irq.o)

.debug_abbrev   0x00000000     0x1230
 *(.debug_abbrev)
 .debug_abbrev  0x00000000       0x12 ../gestions_btns_bsp//obj/HAL/src/crt0.o
 .debug_abbrev  0x00000012       0x50 obj/default/hello_world_small.o
 .debug_abbrev  0x00000062      0x179 c:/altera/11.1sp2/nios2eds/bin/gnu/h-i686-mingw32/bin/../lib/gcc/nios2-elf/4.1.2/../../../../nios2-elf/lib/mno-hw-mul\libsmallc.a(lib_a-printf.o)
 .debug_abbrev  0x000001db      0x180 c:/altera/11.1sp2/nios2eds/bin/gnu/h-i686-mingw32/bin/../lib/gcc/nios2-elf/4.1.2/../../../../nios2-elf/lib/mno-hw-mul\libsmallc.a(lib_a-puts.o)
 .debug_abbrev  0x0000035b       0x7a c:/altera/11.1sp2/nios2eds/bin/gnu/h-i686-mingw32/bin/../lib/gcc/nios2-elf/4.1.2/../../../../nios2-elf/lib/mno-hw-mul\libsmallc.a(lib_a-strlen.o)
 .debug_abbrev  0x000003d5      0x247 c:/altera/11.1sp2/nios2eds/bin/gnu/h-i686-mingw32/bin/../lib/gcc/nios2-elf/4.1.2/../../../../nios2-elf/lib/mno-hw-mul\libsmallc.a(lib_a-vfprintf.o)
 .debug_abbrev  0x0000061c      0x179 c:/altera/11.1sp2/nios2eds/bin/gnu/h-i686-mingw32/bin/../lib/gcc/nios2-elf/4.1.2/../../../../nios2-elf/lib/mno-hw-mul\libsmallc.a(lib_a-fvwrite_small_dev.o)
 .debug_abbrev  0x00000795      0x13f c:/altera/11.1sp2/nios2eds/bin/gnu/h-i686-mingw32/bin/../lib/gcc/nios2-elf/4.1.2/../../../../nios2-elf/lib/mno-hw-mul\libsmallc.a(lib_a-impure.o)
 .debug_abbrev  0x000008d4      0x16c c:/altera/11.1sp2/nios2eds/bin/gnu/h-i686-mingw32/bin/../lib/gcc/nios2-elf/4.1.2/../../../../nios2-elf/lib/mno-hw-mul\libsmallc.a(lib_a-writer.o)
 .debug_abbrev  0x00000a40       0x3b c:/altera/11.1sp2/nios2eds/bin/gnu/h-i686-mingw32/bin/../lib/gcc/nios2-elf/4.1.2/../../../../nios2-elf/lib/mno-hw-mul\libsmallc.a(lib_a-int_errno.o)
 .debug_abbrev  0x00000a7b       0xe0 c:/altera/11.1sp2/nios2eds/bin/gnu/h-i686-mingw32/bin/../lib/gcc/nios2-elf/4.1.2/mno-hw-mul\libgcc.a(lib2-divmod.o)
 .debug_abbrev  0x00000b5b       0x7b c:/altera/11.1sp2/nios2eds/bin/gnu/h-i686-mingw32/bin/../lib/gcc/nios2-elf/4.1.2/mno-hw-mul\libgcc.a(lib2-mul.o)
 .debug_abbrev  0x00000bd6       0x97 ../gestions_btns_bsp/\libhal_bsp.a(alt_load.o)
 .debug_abbrev  0x00000c6d       0xa6 ../gestions_btns_bsp/\libhal_bsp.a(alt_main.o)
 .debug_abbrev  0x00000d13       0x7c ../gestions_btns_bsp/\libhal_bsp.a(alt_putstr.o)
 .debug_abbrev  0x00000d8f       0x5d ../gestions_btns_bsp/\libhal_bsp.a(alt_usleep.o)
 .debug_abbrev  0x00000dec       0xdd ../gestions_btns_bsp/\libhal_bsp.a(alt_write.o)
 .debug_abbrev  0x00000ec9       0xe3 ../gestions_btns_bsp/\libhal_bsp.a(alt_sys_init.o)
 .debug_abbrev  0x00000fac       0xf0 ../gestions_btns_bsp/\libhal_bsp.a(altera_avalon_jtag_uart_write.o)
 .debug_abbrev  0x0000109c       0x79 ../gestions_btns_bsp/\libhal_bsp.a(alt_busy_sleep.o)
 .debug_abbrev  0x00001115       0x3f ../gestions_btns_bsp/\libhal_bsp.a(alt_dcache_flush_all.o)
 .debug_abbrev  0x00001154       0x5e ../gestions_btns_bsp/\libhal_bsp.a(alt_errno.o)
 .debug_abbrev  0x000011b2       0x3f ../gestions_btns_bsp/\libhal_bsp.a(alt_icache_flush_all.o)
 .debug_abbrev  0x000011f1       0x3f ../gestions_btns_bsp/\libhal_bsp.a(altera_nios2_irq.o)

.debug_line     0x00000000     0x3782
 *(.debug_line)
 .debug_line    0x00000000       0x66 ../gestions_btns_bsp//obj/HAL/src/crt0.o
 .debug_line    0x00000066      0x294 obj/default/hello_world_small.o
 .debug_line    0x000002fa      0x2be c:/altera/11.1sp2/nios2eds/bin/gnu/h-i686-mingw32/bin/../lib/gcc/nios2-elf/4.1.2/../../../../nios2-elf/lib/mno-hw-mul\libsmallc.a(lib_a-printf.o)
 .debug_line    0x000005b8      0x2b2 c:/altera/11.1sp2/nios2eds/bin/gnu/h-i686-mingw32/bin/../lib/gcc/nios2-elf/4.1.2/../../../../nios2-elf/lib/mno-hw-mul\libsmallc.a(lib_a-puts.o)
 .debug_line    0x0000086a      0x250 c:/altera/11.1sp2/nios2eds/bin/gnu/h-i686-mingw32/bin/../lib/gcc/nios2-elf/4.1.2/../../../../nios2-elf/lib/mno-hw-mul\libsmallc.a(lib_a-strlen.o)
 .debug_line    0x00000aba      0x5f3 c:/altera/11.1sp2/nios2eds/bin/gnu/h-i686-mingw32/bin/../lib/gcc/nios2-elf/4.1.2/../../../../nios2-elf/lib/mno-hw-mul\libsmallc.a(lib_a-vfprintf.o)
 .debug_line    0x000010ad      0x2a9 c:/altera/11.1sp2/nios2eds/bin/gnu/h-i686-mingw32/bin/../lib/gcc/nios2-elf/4.1.2/../../../../nios2-elf/lib/mno-hw-mul\libsmallc.a(lib_a-fvwrite_small_dev.o)
 .debug_line    0x00001356      0x230 c:/altera/11.1sp2/nios2eds/bin/gnu/h-i686-mingw32/bin/../lib/gcc/nios2-elf/4.1.2/../../../../nios2-elf/lib/mno-hw-mul\libsmallc.a(lib_a-impure.o)
 .debug_line    0x00001586      0x29d c:/altera/11.1sp2/nios2eds/bin/gnu/h-i686-mingw32/bin/../lib/gcc/nios2-elf/4.1.2/../../../../nios2-elf/lib/mno-hw-mul\libsmallc.a(lib_a-writer.o)
 .debug_line    0x00001823      0x1e2 c:/altera/11.1sp2/nios2eds/bin/gnu/h-i686-mingw32/bin/../lib/gcc/nios2-elf/4.1.2/../../../../nios2-elf/lib/mno-hw-mul\libsmallc.a(lib_a-int_errno.o)
 .debug_line    0x00001a05      0x24f c:/altera/11.1sp2/nios2eds/bin/gnu/h-i686-mingw32/bin/../lib/gcc/nios2-elf/4.1.2/mno-hw-mul\libgcc.a(lib2-divmod.o)
 .debug_line    0x00001c54      0x11a c:/altera/11.1sp2/nios2eds/bin/gnu/h-i686-mingw32/bin/../lib/gcc/nios2-elf/4.1.2/mno-hw-mul\libgcc.a(lib2-mul.o)
 .debug_line    0x00001d6e      0x217 ../gestions_btns_bsp/\libhal_bsp.a(alt_load.o)
 .debug_line    0x00001f85      0x2c2 ../gestions_btns_bsp/\libhal_bsp.a(alt_main.o)
 .debug_line    0x00002247      0x1d9 ../gestions_btns_bsp/\libhal_bsp.a(alt_putstr.o)
 .debug_line    0x00002420      0x202 ../gestions_btns_bsp/\libhal_bsp.a(alt_usleep.o)
 .debug_line    0x00002622      0x2ab ../gestions_btns_bsp/\libhal_bsp.a(alt_write.o)
 .debug_line    0x000028cd      0x286 ../gestions_btns_bsp/\libhal_bsp.a(alt_sys_init.o)
 .debug_line    0x00002b53      0x2f4 ../gestions_btns_bsp/\libhal_bsp.a(altera_avalon_jtag_uart_write.o)
 .debug_line    0x00002e47      0x25e ../gestions_btns_bsp/\libhal_bsp.a(alt_busy_sleep.o)
 .debug_line    0x000030a5      0x1b5 ../gestions_btns_bsp/\libhal_bsp.a(alt_dcache_flush_all.o)
 .debug_line    0x0000325a      0x1aa ../gestions_btns_bsp/\libhal_bsp.a(alt_errno.o)
 .debug_line    0x00003404      0x1b5 ../gestions_btns_bsp/\libhal_bsp.a(alt_icache_flush_all.o)
 .debug_line    0x000035b9      0x1c9 ../gestions_btns_bsp/\libhal_bsp.a(altera_nios2_irq.o)

.debug_frame    0x00000000      0x3c4
 *(.debug_frame)
 .debug_frame   0x00000000       0x28 obj/default/hello_world_small.o
 .debug_frame   0x00000028       0x40 c:/altera/11.1sp2/nios2eds/bin/gnu/h-i686-mingw32/bin/../lib/gcc/nios2-elf/4.1.2/../../../../nios2-elf/lib/mno-hw-mul\libsmallc.a(lib_a-printf.o)
 .debug_frame   0x00000068       0x3c c:/altera/11.1sp2/nios2eds/bin/gnu/h-i686-mingw32/bin/../lib/gcc/nios2-elf/4.1.2/../../../../nios2-elf/lib/mno-hw-mul\libsmallc.a(lib_a-puts.o)
 .debug_frame   0x000000a4       0x20 c:/altera/11.1sp2/nios2eds/bin/gnu/h-i686-mingw32/bin/../lib/gcc/nios2-elf/4.1.2/../../../../nios2-elf/lib/mno-hw-mul\libsmallc.a(lib_a-strlen.o)
 .debug_frame   0x000000c4       0x64 c:/altera/11.1sp2/nios2eds/bin/gnu/h-i686-mingw32/bin/../lib/gcc/nios2-elf/4.1.2/../../../../nios2-elf/lib/mno-hw-mul\libsmallc.a(lib_a-vfprintf.o)
 .debug_frame   0x00000128       0x30 c:/altera/11.1sp2/nios2eds/bin/gnu/h-i686-mingw32/bin/../lib/gcc/nios2-elf/4.1.2/../../../../nios2-elf/lib/mno-hw-mul\libsmallc.a(lib_a-fvwrite_small_dev.o)
 .debug_frame   0x00000158       0x2c c:/altera/11.1sp2/nios2eds/bin/gnu/h-i686-mingw32/bin/../lib/gcc/nios2-elf/4.1.2/../../../../nios2-elf/lib/mno-hw-mul\libsmallc.a(lib_a-writer.o)
 .debug_frame   0x00000184       0x70 c:/altera/11.1sp2/nios2eds/bin/gnu/h-i686-mingw32/bin/../lib/gcc/nios2-elf/4.1.2/mno-hw-mul\libgcc.a(lib2-divmod.o)
 .debug_frame   0x000001f4       0x20 c:/altera/11.1sp2/nios2eds/bin/gnu/h-i686-mingw32/bin/../lib/gcc/nios2-elf/4.1.2/mno-hw-mul\libgcc.a(lib2-mul.o)
 .debug_frame   0x00000214       0x38 ../gestions_btns_bsp/\libhal_bsp.a(alt_load.o)
 .debug_frame   0x0000024c       0x28 ../gestions_btns_bsp/\libhal_bsp.a(alt_main.o)
 .debug_frame   0x00000274       0x28 ../gestions_btns_bsp/\libhal_bsp.a(alt_putstr.o)
 .debug_frame   0x0000029c       0x20 ../gestions_btns_bsp/\libhal_bsp.a(alt_usleep.o)
 .debug_frame   0x000002bc       0x28 ../gestions_btns_bsp/\libhal_bsp.a(alt_write.o)
 .debug_frame   0x000002e4       0x38 ../gestions_btns_bsp/\libhal_bsp.a(alt_sys_init.o)
 .debug_frame   0x0000031c       0x20 ../gestions_btns_bsp/\libhal_bsp.a(altera_avalon_jtag_uart_write.o)
 .debug_frame   0x0000033c       0x28 ../gestions_btns_bsp/\libhal_bsp.a(alt_busy_sleep.o)
 .debug_frame   0x00000364       0x20 ../gestions_btns_bsp/\libhal_bsp.a(alt_dcache_flush_all.o)
 .debug_frame   0x00000384       0x20 ../gestions_btns_bsp/\libhal_bsp.a(alt_icache_flush_all.o)
 .debug_frame   0x000003a4       0x20 ../gestions_btns_bsp/\libhal_bsp.a(altera_nios2_irq.o)

.debug_str      0x00000000      0xde7
 *(.debug_str)
 .debug_str     0x00000000       0xc0 obj/default/hello_world_small.o
                                 0xfe (size before relaxing)
 .debug_str     0x000000c0      0x3a3 c:/altera/11.1sp2/nios2eds/bin/gnu/h-i686-mingw32/bin/../lib/gcc/nios2-elf/4.1.2/../../../../nios2-elf/lib/mno-hw-mul\libsmallc.a(lib_a-printf.o)
                                0x466 (size before relaxing)
 .debug_str     0x00000463       0x48 c:/altera/11.1sp2/nios2eds/bin/gnu/h-i686-mingw32/bin/../lib/gcc/nios2-elf/4.1.2/../../../../nios2-elf/lib/mno-hw-mul\libsmallc.a(lib_a-puts.o)
                                0x450 (size before relaxing)
 .debug_str     0x000004ab       0xe2 c:/altera/11.1sp2/nios2eds/bin/gnu/h-i686-mingw32/bin/../lib/gcc/nios2-elf/4.1.2/../../../../nios2-elf/lib/mno-hw-mul\libsmallc.a(lib_a-strlen.o)
                                0x184 (size before relaxing)
 .debug_str     0x0000058d      0x115 c:/altera/11.1sp2/nios2eds/bin/gnu/h-i686-mingw32/bin/../lib/gcc/nios2-elf/4.1.2/../../../../nios2-elf/lib/mno-hw-mul\libsmallc.a(lib_a-vfprintf.o)
                                0x562 (size before relaxing)
 .debug_str     0x000006a2       0x70 c:/altera/11.1sp2/nios2eds/bin/gnu/h-i686-mingw32/bin/../lib/gcc/nios2-elf/4.1.2/../../../../nios2-elf/lib/mno-hw-mul\libsmallc.a(lib_a-fvwrite_small_dev.o)
                                0x46a (size before relaxing)
 .debug_str     0x00000712       0xf8 c:/altera/11.1sp2/nios2eds/bin/gnu/h-i686-mingw32/bin/../lib/gcc/nios2-elf/4.1.2/../../../../nios2-elf/lib/mno-hw-mul\libsmallc.a(lib_a-impure.o)
                                0x45d (size before relaxing)
 .debug_str     0x0000080a       0x4f c:/altera/11.1sp2/nios2eds/bin/gnu/h-i686-mingw32/bin/../lib/gcc/nios2-elf/4.1.2/../../../../nios2-elf/lib/mno-hw-mul\libsmallc.a(lib_a-writer.o)
                                0x451 (size before relaxing)
 .debug_str     0x00000859       0x40 c:/altera/11.1sp2/nios2eds/bin/gnu/h-i686-mingw32/bin/../lib/gcc/nios2-elf/4.1.2/../../../../nios2-elf/lib/mno-hw-mul\libsmallc.a(lib_a-int_errno.o)
                                0x177 (size before relaxing)
 .debug_str     0x00000899      0x10b c:/altera/11.1sp2/nios2eds/bin/gnu/h-i686-mingw32/bin/../lib/gcc/nios2-elf/4.1.2/mno-hw-mul\libgcc.a(lib2-divmod.o)
                                0x1b4 (size before relaxing)
 .debug_str     0x000009a4       0x37 c:/altera/11.1sp2/nios2eds/bin/gnu/h-i686-mingw32/bin/../lib/gcc/nios2-elf/4.1.2/mno-hw-mul\libgcc.a(lib2-mul.o)
                                0x175 (size before relaxing)
 .debug_str     0x000009db      0x13f ../gestions_btns_bsp/\libhal_bsp.a(alt_load.o)
                                0x1d4 (size before relaxing)
 .debug_str     0x00000b1a       0x70 ../gestions_btns_bsp/\libhal_bsp.a(alt_main.o)
                                0x158 (size before relaxing)
 .debug_str     0x00000b8a       0x4c ../gestions_btns_bsp/\libhal_bsp.a(alt_putstr.o)
                                0x12f (size before relaxing)
 .debug_str     0x00000bd6       0x27 ../gestions_btns_bsp/\libhal_bsp.a(alt_usleep.o)
                                0x10a (size before relaxing)
 .debug_str     0x00000bfd       0x2c ../gestions_btns_bsp/\libhal_bsp.a(alt_write.o)
                                0x184 (size before relaxing)
 .debug_str     0x00000c29       0x85 ../gestions_btns_bsp/\libhal_bsp.a(alt_sys_init.o)
                                0x1cd (size before relaxing)
 .debug_str     0x00000cae       0x4a ../gestions_btns_bsp/\libhal_bsp.a(altera_avalon_jtag_uart_write.o)
                                0x1d0 (size before relaxing)
 .debug_str     0x00000cf8       0x42 ../gestions_btns_bsp/\libhal_bsp.a(alt_busy_sleep.o)
                                0x12d (size before relaxing)
 .debug_str     0x00000d3a       0x34 ../gestions_btns_bsp/\libhal_bsp.a(alt_dcache_flush_all.o)
                                0x117 (size before relaxing)
 .debug_str     0x00000d6e       0x14 ../gestions_btns_bsp/\libhal_bsp.a(alt_errno.o)
                                0x107 (size before relaxing)
 .debug_str     0x00000d82       0x34 ../gestions_btns_bsp/\libhal_bsp.a(alt_icache_flush_all.o)
                                0x117 (size before relaxing)
 .debug_str     0x00000db6       0x31 ../gestions_btns_bsp/\libhal_bsp.a(altera_nios2_irq.o)
                                0x114 (size before relaxing)

.debug_loc      0x00000000      0xe07
 *(.debug_loc)
 .debug_loc     0x00000000       0x1f obj/default/hello_world_small.o
 .debug_loc     0x0000001f       0x8d c:/altera/11.1sp2/nios2eds/bin/gnu/h-i686-mingw32/bin/../lib/gcc/nios2-elf/4.1.2/../../../../nios2-elf/lib/mno-hw-mul\libsmallc.a(lib_a-printf.o)
 .debug_loc     0x000000ac       0xa2 c:/altera/11.1sp2/nios2eds/bin/gnu/h-i686-mingw32/bin/../lib/gcc/nios2-elf/4.1.2/../../../../nios2-elf/lib/mno-hw-mul\libsmallc.a(lib_a-puts.o)
 .debug_loc     0x0000014e       0x1e c:/altera/11.1sp2/nios2eds/bin/gnu/h-i686-mingw32/bin/../lib/gcc/nios2-elf/4.1.2/../../../../nios2-elf/lib/mno-hw-mul\libsmallc.a(lib_a-strlen.o)
 .debug_loc     0x0000016c      0x6a6 c:/altera/11.1sp2/nios2eds/bin/gnu/h-i686-mingw32/bin/../lib/gcc/nios2-elf/4.1.2/../../../../nios2-elf/lib/mno-hw-mul\libsmallc.a(lib_a-vfprintf.o)
 .debug_loc     0x00000812      0x162 c:/altera/11.1sp2/nios2eds/bin/gnu/h-i686-mingw32/bin/../lib/gcc/nios2-elf/4.1.2/../../../../nios2-elf/lib/mno-hw-mul\libsmallc.a(lib_a-fvwrite_small_dev.o)
 .debug_loc     0x00000974       0x97 c:/altera/11.1sp2/nios2eds/bin/gnu/h-i686-mingw32/bin/../lib/gcc/nios2-elf/4.1.2/../../../../nios2-elf/lib/mno-hw-mul\libsmallc.a(lib_a-writer.o)
 .debug_loc     0x00000a0b      0x1d2 c:/altera/11.1sp2/nios2eds/bin/gnu/h-i686-mingw32/bin/../lib/gcc/nios2-elf/4.1.2/mno-hw-mul\libgcc.a(lib2-divmod.o)
 .debug_loc     0x00000bdd       0x4f c:/altera/11.1sp2/nios2eds/bin/gnu/h-i686-mingw32/bin/../lib/gcc/nios2-elf/4.1.2/mno-hw-mul\libgcc.a(lib2-mul.o)
 .debug_loc     0x00000c2c       0x1f ../gestions_btns_bsp/\libhal_bsp.a(alt_load.o)
 .debug_loc     0x00000c4b       0x1f ../gestions_btns_bsp/\libhal_bsp.a(alt_main.o)
 .debug_loc     0x00000c6a       0x48 ../gestions_btns_bsp/\libhal_bsp.a(alt_putstr.o)
 .debug_loc     0x00000cb2       0x13 ../gestions_btns_bsp/\libhal_bsp.a(alt_usleep.o)
 .debug_loc     0x00000cc5       0x9a ../gestions_btns_bsp/\libhal_bsp.a(alt_write.o)
 .debug_loc     0x00000d5f       0x32 ../gestions_btns_bsp/\libhal_bsp.a(alt_sys_init.o)
 .debug_loc     0x00000d91       0x26 ../gestions_btns_bsp/\libhal_bsp.a(altera_avalon_jtag_uart_write.o)
 .debug_loc     0x00000db7       0x50 ../gestions_btns_bsp/\libhal_bsp.a(alt_busy_sleep.o)

.debug_macinfo
 *(.debug_macinfo)

.debug_weaknames
 *(.debug_weaknames)

.debug_funcnames
 *(.debug_funcnames)

.debug_typenames
 *(.debug_typenames)

.debug_varnames
 *(.debug_varnames)

.debug_alt_sim_info
                0x00000000       0x40
 *(.debug_alt_sim_info)
 .debug_alt_sim_info
                0x00000000       0x10 ../gestions_btns_bsp//obj/HAL/src/crt0.o
 .debug_alt_sim_info
                0x00000010       0x30 ../gestions_btns_bsp/\libhal_bsp.a(alt_busy_sleep.o)
                0x0000d000                __alt_data_end = 0xd000
                0x0000d000                PROVIDE (__alt_stack_pointer, __alt_data_end)
                0x000091a0                PROVIDE (__alt_stack_limit, __alt_stack_base)
                0x000091a0                PROVIDE (__alt_heap_start, end)
                0x0000d000                PROVIDE (__alt_heap_limit, 0xd000)
OUTPUT(gestions_btns.elf elf32-littlenios2)

.debug_ranges   0x00000000       0xc8
 .debug_ranges  0x00000000       0x20 ../gestions_btns_bsp//obj/HAL/src/crt0.o
 .debug_ranges  0x00000020       0xa8 c:/altera/11.1sp2/nios2eds/bin/gnu/h-i686-mingw32/bin/../lib/gcc/nios2-elf/4.1.2/../../../../nios2-elf/lib/mno-hw-mul\libsmallc.a(lib_a-vfprintf.o)
