Archive member included because of file (symbol)

../test_Anemo_bsp/\libhal_bsp.a(alt_load.o)
                              ../test_Anemo_bsp//obj/HAL/src/crt0.o (alt_load)
../test_Anemo_bsp/\libhal_bsp.a(alt_main.o)
                              ../test_Anemo_bsp//obj/HAL/src/crt0.o (alt_main)
../test_Anemo_bsp/\libhal_bsp.a(alt_putstr.o)
                              obj/default/hello_world_small.o (alt_putstr)
../test_Anemo_bsp/\libhal_bsp.a(alt_sys_init.o)
                              ../test_Anemo_bsp/\libhal_bsp.a(alt_main.o) (alt_sys_init)
../test_Anemo_bsp/\libhal_bsp.a(altera_avalon_jtag_uart_write.o)
                              ../test_Anemo_bsp/\libhal_bsp.a(alt_putstr.o) (altera_avalon_jtag_uart_write)
../test_Anemo_bsp/\libhal_bsp.a(alt_dcache_flush_all.o)
                              ../test_Anemo_bsp/\libhal_bsp.a(alt_load.o) (alt_dcache_flush_all)
../test_Anemo_bsp/\libhal_bsp.a(alt_icache_flush_all.o)
                              ../test_Anemo_bsp/\libhal_bsp.a(alt_load.o) (alt_icache_flush_all)
../test_Anemo_bsp/\libhal_bsp.a(altera_nios2_irq.o)
                              ../test_Anemo_bsp/\libhal_bsp.a(alt_sys_init.o) (altera_nios2_irq_init)
c:/altera/11.1sp2/nios2eds/bin/gnu/h-i686-mingw32/bin/../lib/gcc/nios2-elf/4.1.2/../../../../nios2-elf/lib/mno-hw-mul\libsmallc.a(lib_a-strlen.o)
                              ../test_Anemo_bsp/\libhal_bsp.a(alt_putstr.o) (strlen)

Memory Configuration

Name             Origin             Length             Attributes
reset            0x00008000         0x00000020
sram             0x00008020         0x00004fe0
*default*        0x00000000         0xffffffff

Linker script and memory map

LOAD ../test_Anemo_bsp//obj/HAL/src/crt0.o
                0x0000800c                exit = _exit
LOAD obj/default/hello_world_small.o
LOAD c:/altera/11.1sp2/nios2eds/bin/gnu/h-i686-mingw32/bin/../lib/gcc/nios2-elf/4.1.2/../../../../nios2-elf/lib/mno-hw-mul\libstdc++.a
LOAD c:/altera/11.1sp2/nios2eds/bin/gnu/h-i686-mingw32/bin/../lib/gcc/nios2-elf/4.1.2/../../../../nios2-elf/lib/mno-hw-mul\libm.a
LOAD c:/altera/11.1sp2/nios2eds/bin/gnu/h-i686-mingw32/bin/../lib/gcc/nios2-elf/4.1.2/mno-hw-mul\libgcc.a
START GROUP
LOAD c:/altera/11.1sp2/nios2eds/bin/gnu/h-i686-mingw32/bin/../lib/gcc/nios2-elf/4.1.2/../../../../nios2-elf/lib/mno-hw-mul\libsmallc.a
LOAD c:/altera/11.1sp2/nios2eds/bin/gnu/h-i686-mingw32/bin/../lib/gcc/nios2-elf/4.1.2/mno-hw-mul\libgcc.a
LOAD ../test_Anemo_bsp/\libhal_bsp.a
END GROUP
LOAD c:/altera/11.1sp2/nios2eds/bin/gnu/h-i686-mingw32/bin/../lib/gcc/nios2-elf/4.1.2/mno-hw-mul\libgcc.a
                0x00008000                __alt_mem_sram = 0x8000

.entry          0x00008000       0x20
 *(.entry)
 .entry         0x00008000       0x20 ../test_Anemo_bsp//obj/HAL/src/crt0.o
                0x00008000                __reset
                0x0000800c                _exit

.exceptions     0x00008020        0x0
                0x00008020                PROVIDE (__ram_exceptions_start, ABSOLUTE (.))
                0x00008020                . = ALIGN (0x20)
 *(.irq)
 *(.exceptions.entry.label)
 *(.exceptions.entry.user)
 *(.exceptions.entry)
 *(.exceptions.irqtest.user)
 *(.exceptions.irqtest)
 *(.exceptions.irqhandler.user)
 *(.exceptions.irqhandler)
 *(.exceptions.irqreturn.user)
 *(.exceptions.irqreturn)
 *(.exceptions.notirq.label)
 *(.exceptions.notirq.user)
 *(.exceptions.notirq)
 *(.exceptions.soft.user)
 *(.exceptions.soft)
 *(.exceptions.unknown.user)
 *(.exceptions.unknown)
 *(.exceptions.exit.label)
 *(.exceptions.exit.user)
 *(.exceptions.exit)
 *(.exceptions)
                0x00008020                PROVIDE (__ram_exceptions_end, ABSOLUTE (.))
                0x00008020                PROVIDE (__flash_exceptions_start, LOADADDR (.exceptions))

.text           0x00008020      0x204
                0x00008020                PROVIDE (stext, ABSOLUTE (.))
 *(.interp)
 *(.hash)
 *(.dynsym)
 *(.dynstr)
 *(.gnu.version)
 *(.gnu.version_d)
 *(.gnu.version_r)
 *(.rel.init)
 *(.rela.init)
 *(.rel.text .rel.text.* .rel.gnu.linkonce.t.*)
 *(.rela.text .rela.text.* .rela.gnu.linkonce.t.*)
 *(.rel.fini)
 *(.rela.fini)
 *(.rel.rodata .rel.rodata.* .rel.gnu.linkonce.r.*)
 *(.rela.rodata .rela.rodata.* .rela.gnu.linkonce.r.*)
 *(.rel.data .rel.data.* .rel.gnu.linkonce.d.*)
 *(.rela.data .rela.data.* .rela.gnu.linkonce.d.*)
 *(.rel.tdata .rel.tdata.* .rel.gnu.linkonce.td.*)
 *(.rela.tdata .rela.tdata.* .rela.gnu.linkonce.td.*)
 *(.rel.tbss .rel.tbss.* .rel.gnu.linkonce.tb.*)
 *(.rela.tbss .rela.tbss.* .rela.gnu.linkonce.tb.*)
 *(.rel.ctors)
 *(.rela.ctors)
 *(.rel.dtors)
 *(.rela.dtors)
 *(.rel.got)
 *(.rela.got)
 *(.rel.sdata .rel.sdata.* .rel.gnu.linkonce.s.*)
 *(.rela.sdata .rela.sdata.* .rela.gnu.linkonce.s.*)
 *(.rel.sbss .rel.sbss.* .rel.gnu.linkonce.sb.*)
 *(.rela.sbss .rela.sbss.* .rela.gnu.linkonce.sb.*)
 *(.rel.sdata2 .rel.sdata2.* .rel.gnu.linkonce.s2.*)
 *(.rela.sdata2 .rela.sdata2.* .rela.gnu.linkonce.s2.*)
 *(.rel.sbss2 .rel.sbss2.* .rel.gnu.linkonce.sb2.*)
 *(.rela.sbss2 .rela.sbss2.* .rela.gnu.linkonce.sb2.*)
 *(.rel.bss .rel.bss.* .rel.gnu.linkonce.b.*)
 *(.rela.bss .rela.bss.* .rela.gnu.linkonce.b.*)
 *(.rel.plt)
 *(.rela.plt)
 *(.rel.dyn)
 *(.init)
 *(.plt)
 *(.text .stub .text.* .gnu.linkonce.t.*)
 .text          0x00008020       0x3c ../test_Anemo_bsp//obj/HAL/src/crt0.o
                0x00008020                _start
 .text          0x0000805c       0x50 obj/default/hello_world_small.o
                0x0000805c                main
 .text          0x000080ac       0x8c ../test_Anemo_bsp/\libhal_bsp.a(alt_load.o)
                0x000080cc                alt_load
 .text          0x00008138       0x2c ../test_Anemo_bsp/\libhal_bsp.a(alt_main.o)
                0x00008138                alt_main
 .text          0x00008164       0x38 ../test_Anemo_bsp/\libhal_bsp.a(alt_putstr.o)
                0x00008164                alt_putstr
 .text          0x0000819c       0x24 ../test_Anemo_bsp/\libhal_bsp.a(alt_sys_init.o)
                0x0000819c                alt_sys_init
                0x000081a0                alt_irq_init
 .text          0x000081c0       0x34 ../test_Anemo_bsp/\libhal_bsp.a(altera_avalon_jtag_uart_write.o)
                0x000081c0                altera_avalon_jtag_uart_write
 .text          0x000081f4        0x4 ../test_Anemo_bsp/\libhal_bsp.a(alt_dcache_flush_all.o)
                0x000081f4                alt_dcache_flush_all
 .text          0x000081f8        0x4 ../test_Anemo_bsp/\libhal_bsp.a(alt_icache_flush_all.o)
                0x000081f8                alt_icache_flush_all
 .text          0x000081fc        0x8 ../test_Anemo_bsp/\libhal_bsp.a(altera_nios2_irq.o)
                0x000081fc                altera_nios2_irq_init
 .text          0x00008204       0x20 c:/altera/11.1sp2/nios2eds/bin/gnu/h-i686-mingw32/bin/../lib/gcc/nios2-elf/4.1.2/../../../../nios2-elf/lib/mno-hw-mul\libsmallc.a(lib_a-strlen.o)
                0x00008204                strlen
 *(.gnu.warning.*)
 *(.fini)
                0x00008224                PROVIDE (__etext, ABSOLUTE (.))
                0x00008224                PROVIDE (_etext, ABSOLUTE (.))
                0x00008224                PROVIDE (etext, ABSOLUTE (.))
 *(.eh_frame_hdr)
                0x00008224                . = ALIGN (0x4)
                0x00008224                PROVIDE (__preinit_array_start, ABSOLUTE (.))
 *(.preinit_array)
                0x00008224                PROVIDE (__preinit_array_end, ABSOLUTE (.))
                0x00008224                PROVIDE (__init_array_start, ABSOLUTE (.))
 *(.init_array)
                0x00008224                PROVIDE (__init_array_end, ABSOLUTE (.))
                0x00008224                PROVIDE (__fini_array_start, ABSOLUTE (.))
 *(.fini_array)
                0x00008224                PROVIDE (__fini_array_end, ABSOLUTE (.))
 *(.eh_frame)
 *(.gcc_except_table)
 *(.dynamic)
                0x00008224                PROVIDE (__CTOR_LIST__, ABSOLUTE (.))
 *(.ctors)
 *(SORT(.ctors.*))
                0x00008224                PROVIDE (__CTOR_END__, ABSOLUTE (.))
                0x00008224                PROVIDE (__DTOR_LIST__, ABSOLUTE (.))
 *(.dtors)
 *(SORT(.dtors.*))
                0x00008224                PROVIDE (__DTOR_END__, ABSOLUTE (.))
 *(.jcr)
                0x00008224                . = ALIGN (0x4)

.rodata         0x00008224       0x18
                0x00008224                PROVIDE (__ram_rodata_start, ABSOLUTE (.))
                0x00008224                . = ALIGN (0x4)
 *(.rodata .rodata.* .gnu.linkonce.r.*)
 .rodata.str1.4
                0x00008224       0x18 obj/default/hello_world_small.o
 *(.rodata1)
                0x0000823c                . = ALIGN (0x4)
                0x0000823c                PROVIDE (__ram_rodata_end, ABSOLUTE (.))
                0x00008224                PROVIDE (__flash_rodata_start, LOADADDR (.rodata))

.rwdata         0x0000823c        0x4 load address 0x00008240
                0x0000823c                PROVIDE (__ram_rwdata_start, ABSOLUTE (.))
                0x0000823c                . = ALIGN (0x4)
 *(.got.plt)
 *(.got)
 *(.data1)
 *(.data .data.* .gnu.linkonce.d.*)
 .data          0x0000823c        0x0 ../test_Anemo_bsp//obj/HAL/src/crt0.o
 .data          0x0000823c        0x0 obj/default/hello_world_small.o
 .data          0x0000823c        0x0 ../test_Anemo_bsp/\libhal_bsp.a(alt_load.o)
 .data          0x0000823c        0x0 ../test_Anemo_bsp/\libhal_bsp.a(alt_main.o)
 .data          0x0000823c        0x0 ../test_Anemo_bsp/\libhal_bsp.a(alt_putstr.o)
 .data          0x0000823c        0x0 ../test_Anemo_bsp/\libhal_bsp.a(alt_sys_init.o)
 .data          0x0000823c        0x0 ../test_Anemo_bsp/\libhal_bsp.a(altera_avalon_jtag_uart_write.o)
 .data          0x0000823c        0x0 ../test_Anemo_bsp/\libhal_bsp.a(alt_dcache_flush_all.o)
 .data          0x0000823c        0x0 ../test_Anemo_bsp/\libhal_bsp.a(alt_icache_flush_all.o)
 .data          0x0000823c        0x0 ../test_Anemo_bsp/\libhal_bsp.a(altera_nios2_irq.o)
 .data          0x0000823c        0x0 c:/altera/11.1sp2/nios2eds/bin/gnu/h-i686-mingw32/bin/../lib/gcc/nios2-elf/4.1.2/../../../../nios2-elf/lib/mno-hw-mul\libsmallc.a(lib_a-strlen.o)
                0x0001023c                _gp = ABSOLUTE ((. + 0x8000))
                0x0001023c                PROVIDE (gp, _gp)
 *(.rwdata .rwdata.*)
 *(.sdata .sdata.* .gnu.linkonce.s.*)
 .sdata         0x0000823c        0x4 ../test_Anemo_bsp/\libhal_bsp.a(alt_sys_init.o)
                0x0000823c                jtag_uart_0
 *(.sdata2 .sdata2.* .gnu.linkonce.s2.*)
                0x00008240                . = ALIGN (0x4)
                0x00008240                _edata = ABSOLUTE (.)
                0x00008240                PROVIDE (edata, ABSOLUTE (.))
                0x00008240                PROVIDE (__ram_rwdata_end, ABSOLUTE (.))
                0x00008240                PROVIDE (__flash_rwdata_start, LOADADDR (.rwdata))

.bss            0x00008244        0xc
                0x00008244                __bss_start = ABSOLUTE (.)
                0x00008244                PROVIDE (__sbss_start, ABSOLUTE (.))
                0x00008244                PROVIDE (___sbss_start, ABSOLUTE (.))
 *(.dynsbss)
 *(.sbss .sbss.* .gnu.linkonce.sb.*)
 .sbss          0x00008244        0xc ../test_Anemo_bsp/\libhal_bsp.a(alt_main.o)
                0x00008244                alt_argc
                0x00008248                alt_argv
                0x0000824c                alt_envp
 *(.sbss2 .sbss2.* .gnu.linkonce.sb2.*)
 *(.scommon)
                0x00008250                PROVIDE (__sbss_end, ABSOLUTE (.))
                0x00008250                PROVIDE (___sbss_end, ABSOLUTE (.))
 *(.dynbss)
 *(.bss .bss.* .gnu.linkonce.b.*)
 .bss           0x00008250        0x0 ../test_Anemo_bsp//obj/HAL/src/crt0.o
 .bss           0x00008250        0x0 obj/default/hello_world_small.o
 .bss           0x00008250        0x0 ../test_Anemo_bsp/\libhal_bsp.a(alt_load.o)
 .bss           0x00008250        0x0 ../test_Anemo_bsp/\libhal_bsp.a(alt_main.o)
 .bss           0x00008250        0x0 ../test_Anemo_bsp/\libhal_bsp.a(alt_putstr.o)
 .bss           0x00008250        0x0 ../test_Anemo_bsp/\libhal_bsp.a(alt_sys_init.o)
 .bss           0x00008250        0x0 ../test_Anemo_bsp/\libhal_bsp.a(altera_avalon_jtag_uart_write.o)
 .bss           0x00008250        0x0 ../test_Anemo_bsp/\libhal_bsp.a(alt_dcache_flush_all.o)
 .bss           0x00008250        0x0 ../test_Anemo_bsp/\libhal_bsp.a(alt_icache_flush_all.o)
 .bss           0x00008250        0x0 ../test_Anemo_bsp/\libhal_bsp.a(altera_nios2_irq.o)
 .bss           0x00008250        0x0 c:/altera/11.1sp2/nios2eds/bin/gnu/h-i686-mingw32/bin/../lib/gcc/nios2-elf/4.1.2/../../../../nios2-elf/lib/mno-hw-mul\libsmallc.a(lib_a-strlen.o)
 *(COMMON)
                0x00008250                . = ALIGN (0x4)
                0x00008250                __bss_end = ABSOLUTE (.)

.sram           0x00008250        0x0
                0x00008250                PROVIDE (_alt_partition_sram_start, ABSOLUTE (.))
 *(.sram. sram.*)
                0x00008250                . = ALIGN (0x4)
                0x00008250                PROVIDE (_alt_partition_sram_end, ABSOLUTE (.))
                0x00008250                _end = ABSOLUTE (.)
                0x00008250                end = ABSOLUTE (.)
                0x00008250                __alt_stack_base = ABSOLUTE (.)
                0x00008250                PROVIDE (_alt_partition_sram_load_addr, LOADADDR (.sram))

.stab
 *(.stab)

.stabstr
 *(.stabstr)

.stab.excl
 *(.stab.excl)

.stab.exclstr
 *(.stab.exclstr)

.stab.index
 *(.stab.index)

.stab.indexstr
 *(.stab.indexstr)

.comment        0x00000000       0x26
 *(.comment)
 .comment       0x00000000       0x26 obj/default/hello_world_small.o
                                 0x27 (size before relaxing)
 .comment       0x00000000       0x27 ../test_Anemo_bsp/\libhal_bsp.a(alt_load.o)
 .comment       0x00000000       0x27 ../test_Anemo_bsp/\libhal_bsp.a(alt_main.o)
 .comment       0x00000000       0x27 ../test_Anemo_bsp/\libhal_bsp.a(alt_putstr.o)
 .comment       0x00000000       0x27 ../test_Anemo_bsp/\libhal_bsp.a(alt_sys_init.o)
 .comment       0x00000000       0x27 ../test_Anemo_bsp/\libhal_bsp.a(altera_avalon_jtag_uart_write.o)
 .comment       0x00000000       0x27 ../test_Anemo_bsp/\libhal_bsp.a(alt_dcache_flush_all.o)
 .comment       0x00000000       0x27 ../test_Anemo_bsp/\libhal_bsp.a(alt_icache_flush_all.o)
 .comment       0x00000000       0x27 ../test_Anemo_bsp/\libhal_bsp.a(altera_nios2_irq.o)
 .comment       0x00000000       0x27 c:/altera/11.1sp2/nios2eds/bin/gnu/h-i686-mingw32/bin/../lib/gcc/nios2-elf/4.1.2/../../../../nios2-elf/lib/mno-hw-mul\libsmallc.a(lib_a-strlen.o)

.debug
 *(.debug)

.line
 *(.line)

.debug_srcinfo
 *(.debug_srcinfo)

.debug_sfnames
 *(.debug_sfnames)

.debug_aranges  0x00000000      0x168
 *(.debug_aranges)
 .debug_aranges
                0x00000000       0x28 ../test_Anemo_bsp//obj/HAL/src/crt0.o
 .debug_aranges
                0x00000028       0x20 obj/default/hello_world_small.o
 .debug_aranges
                0x00000048       0x20 ../test_Anemo_bsp/\libhal_bsp.a(alt_load.o)
 .debug_aranges
                0x00000068       0x20 ../test_Anemo_bsp/\libhal_bsp.a(alt_main.o)
 .debug_aranges
                0x00000088       0x20 ../test_Anemo_bsp/\libhal_bsp.a(alt_putstr.o)
 .debug_aranges
                0x000000a8       0x20 ../test_Anemo_bsp/\libhal_bsp.a(alt_sys_init.o)
 .debug_aranges
                0x000000c8       0x20 ../test_Anemo_bsp/\libhal_bsp.a(altera_avalon_jtag_uart_write.o)
 .debug_aranges
                0x000000e8       0x20 ../test_Anemo_bsp/\libhal_bsp.a(alt_dcache_flush_all.o)
 .debug_aranges
                0x00000108       0x20 ../test_Anemo_bsp/\libhal_bsp.a(alt_icache_flush_all.o)
 .debug_aranges
                0x00000128       0x20 ../test_Anemo_bsp/\libhal_bsp.a(altera_nios2_irq.o)
 .debug_aranges
                0x00000148       0x20 c:/altera/11.1sp2/nios2eds/bin/gnu/h-i686-mingw32/bin/../lib/gcc/nios2-elf/4.1.2/../../../../nios2-elf/lib/mno-hw-mul\libsmallc.a(lib_a-strlen.o)

.debug_pubnames
                0x00000000      0x1b8
 *(.debug_pubnames)
 .debug_pubnames
                0x00000000       0x1b obj/default/hello_world_small.o
 .debug_pubnames
                0x0000001b       0x1f ../test_Anemo_bsp/\libhal_bsp.a(alt_load.o)
 .debug_pubnames
                0x0000003a       0x46 ../test_Anemo_bsp/\libhal_bsp.a(alt_main.o)
 .debug_pubnames
                0x00000080       0x21 ../test_Anemo_bsp/\libhal_bsp.a(alt_putstr.o)
 .debug_pubnames
                0x000000a1       0x44 ../test_Anemo_bsp/\libhal_bsp.a(alt_sys_init.o)
 .debug_pubnames
                0x000000e5       0x34 ../test_Anemo_bsp/\libhal_bsp.a(altera_avalon_jtag_uart_write.o)
 .debug_pubnames
                0x00000119       0x2b ../test_Anemo_bsp/\libhal_bsp.a(alt_dcache_flush_all.o)
 .debug_pubnames
                0x00000144       0x2b ../test_Anemo_bsp/\libhal_bsp.a(alt_icache_flush_all.o)
 .debug_pubnames
                0x0000016f       0x2c ../test_Anemo_bsp/\libhal_bsp.a(altera_nios2_irq.o)
 .debug_pubnames
                0x0000019b       0x1d c:/altera/11.1sp2/nios2eds/bin/gnu/h-i686-mingw32/bin/../lib/gcc/nios2-elf/4.1.2/../../../../nios2-elf/lib/mno-hw-mul\libsmallc.a(lib_a-strlen.o)

.debug_info     0x00000000      0x9a7
 *(.debug_info .gnu.linkonce.wi.*)
 .debug_info    0x00000000       0x88 ../test_Anemo_bsp//obj/HAL/src/crt0.o
 .debug_info    0x00000088       0x92 obj/default/hello_world_small.o
 .debug_info    0x0000011a      0x12e ../test_Anemo_bsp/\libhal_bsp.a(alt_load.o)
 .debug_info    0x00000248      0x125 ../test_Anemo_bsp/\libhal_bsp.a(alt_main.o)
 .debug_info    0x0000036d       0xc5 ../test_Anemo_bsp/\libhal_bsp.a(alt_putstr.o)
 .debug_info    0x00000432      0x17d ../test_Anemo_bsp/\libhal_bsp.a(alt_sys_init.o)
 .debug_info    0x000005af      0x18f ../test_Anemo_bsp/\libhal_bsp.a(altera_avalon_jtag_uart_write.o)
 .debug_info    0x0000073e       0x8d ../test_Anemo_bsp/\libhal_bsp.a(alt_dcache_flush_all.o)
 .debug_info    0x000007cb       0x8d ../test_Anemo_bsp/\libhal_bsp.a(alt_icache_flush_all.o)
 .debug_info    0x00000858       0x8d ../test_Anemo_bsp/\libhal_bsp.a(altera_nios2_irq.o)
 .debug_info    0x000008e5       0xc2 c:/altera/11.1sp2/nios2eds/bin/gnu/h-i686-mingw32/bin/../lib/gcc/nios2-elf/4.1.2/../../../../nios2-elf/lib/mno-hw-mul\libsmallc.a(lib_a-strlen.o)

.debug_abbrev   0x00000000      0x514
 *(.debug_abbrev)
 .debug_abbrev  0x00000000       0x12 ../test_Anemo_bsp//obj/HAL/src/crt0.o
 .debug_abbrev  0x00000012       0x3f obj/default/hello_world_small.o
 .debug_abbrev  0x00000051       0x97 ../test_Anemo_bsp/\libhal_bsp.a(alt_load.o)
 .debug_abbrev  0x000000e8       0xa6 ../test_Anemo_bsp/\libhal_bsp.a(alt_main.o)
 .debug_abbrev  0x0000018e       0x7c ../test_Anemo_bsp/\libhal_bsp.a(alt_putstr.o)
 .debug_abbrev  0x0000020a       0xe3 ../test_Anemo_bsp/\libhal_bsp.a(alt_sys_init.o)
 .debug_abbrev  0x000002ed       0xf0 ../test_Anemo_bsp/\libhal_bsp.a(altera_avalon_jtag_uart_write.o)
 .debug_abbrev  0x000003dd       0x3f ../test_Anemo_bsp/\libhal_bsp.a(alt_dcache_flush_all.o)
 .debug_abbrev  0x0000041c       0x3f ../test_Anemo_bsp/\libhal_bsp.a(alt_icache_flush_all.o)
 .debug_abbrev  0x0000045b       0x3f ../test_Anemo_bsp/\libhal_bsp.a(altera_nios2_irq.o)
 .debug_abbrev  0x0000049a       0x7a c:/altera/11.1sp2/nios2eds/bin/gnu/h-i686-mingw32/bin/../lib/gcc/nios2-elf/4.1.2/../../../../nios2-elf/lib/mno-hw-mul\libsmallc.a(lib_a-strlen.o)

.debug_line     0x00000000     0x160d
 *(.debug_line)
 .debug_line    0x00000000       0x66 ../test_Anemo_bsp//obj/HAL/src/crt0.o
 .debug_line    0x00000066      0x1f8 obj/default/hello_world_small.o
 .debug_line    0x0000025e      0x217 ../test_Anemo_bsp/\libhal_bsp.a(alt_load.o)
 .debug_line    0x00000475      0x2c2 ../test_Anemo_bsp/\libhal_bsp.a(alt_main.o)
 .debug_line    0x00000737      0x1d9 ../test_Anemo_bsp/\libhal_bsp.a(alt_putstr.o)
 .debug_line    0x00000910      0x286 ../test_Anemo_bsp/\libhal_bsp.a(alt_sys_init.o)
 .debug_line    0x00000b96      0x2f4 ../test_Anemo_bsp/\libhal_bsp.a(altera_avalon_jtag_uart_write.o)
 .debug_line    0x00000e8a      0x1b5 ../test_Anemo_bsp/\libhal_bsp.a(alt_dcache_flush_all.o)
 .debug_line    0x0000103f      0x1b5 ../test_Anemo_bsp/\libhal_bsp.a(alt_icache_flush_all.o)
 .debug_line    0x000011f4      0x1c9 ../test_Anemo_bsp/\libhal_bsp.a(altera_nios2_irq.o)
 .debug_line    0x000013bd      0x250 c:/altera/11.1sp2/nios2eds/bin/gnu/h-i686-mingw32/bin/../lib/gcc/nios2-elf/4.1.2/../../../../nios2-elf/lib/mno-hw-mul\libsmallc.a(lib_a-strlen.o)

.debug_frame    0x00000000      0x188
 *(.debug_frame)
 .debug_frame   0x00000000       0x28 obj/default/hello_world_small.o
 .debug_frame   0x00000028       0x38 ../test_Anemo_bsp/\libhal_bsp.a(alt_load.o)
 .debug_frame   0x00000060       0x28 ../test_Anemo_bsp/\libhal_bsp.a(alt_main.o)
 .debug_frame   0x00000088       0x28 ../test_Anemo_bsp/\libhal_bsp.a(alt_putstr.o)
 .debug_frame   0x000000b0       0x38 ../test_Anemo_bsp/\libhal_bsp.a(alt_sys_init.o)
 .debug_frame   0x000000e8       0x20 ../test_Anemo_bsp/\libhal_bsp.a(altera_avalon_jtag_uart_write.o)
 .debug_frame   0x00000108       0x20 ../test_Anemo_bsp/\libhal_bsp.a(alt_dcache_flush_all.o)
 .debug_frame   0x00000128       0x20 ../test_Anemo_bsp/\libhal_bsp.a(alt_icache_flush_all.o)
 .debug_frame   0x00000148       0x20 ../test_Anemo_bsp/\libhal_bsp.a(altera_nios2_irq.o)
 .debug_frame   0x00000168       0x20 c:/altera/11.1sp2/nios2eds/bin/gnu/h-i686-mingw32/bin/../lib/gcc/nios2-elf/4.1.2/../../../../nios2-elf/lib/mno-hw-mul\libsmallc.a(lib_a-strlen.o)

.debug_str      0x00000000      0x529
 *(.debug_str)
 .debug_str     0x00000000       0xc3 obj/default/hello_world_small.o
                                0x101 (size before relaxing)
 .debug_str     0x000000c3      0x148 ../test_Anemo_bsp/\libhal_bsp.a(alt_load.o)
                                0x1dd (size before relaxing)
 .debug_str     0x0000020b       0x75 ../test_Anemo_bsp/\libhal_bsp.a(alt_main.o)
                                0x161 (size before relaxing)
 .debug_str     0x00000280       0x4c ../test_Anemo_bsp/\libhal_bsp.a(alt_putstr.o)
                                0x138 (size before relaxing)
 .debug_str     0x000002cc       0x85 ../test_Anemo_bsp/\libhal_bsp.a(alt_sys_init.o)
                                0x1d6 (size before relaxing)
 .debug_str     0x00000351       0x56 ../test_Anemo_bsp/\libhal_bsp.a(altera_avalon_jtag_uart_write.o)
                                0x1d9 (size before relaxing)
 .debug_str     0x000003a7       0x34 ../test_Anemo_bsp/\libhal_bsp.a(alt_dcache_flush_all.o)
                                0x120 (size before relaxing)
 .debug_str     0x000003db       0x34 ../test_Anemo_bsp/\libhal_bsp.a(alt_icache_flush_all.o)
                                0x120 (size before relaxing)
 .debug_str     0x0000040f       0x31 ../test_Anemo_bsp/\libhal_bsp.a(altera_nios2_irq.o)
                                0x11d (size before relaxing)
 .debug_str     0x00000440       0xe9 c:/altera/11.1sp2/nios2eds/bin/gnu/h-i686-mingw32/bin/../lib/gcc/nios2-elf/4.1.2/../../../../nios2-elf/lib/mno-hw-mul\libsmallc.a(lib_a-strlen.o)
                                0x184 (size before relaxing)

.debug_loc      0x00000000      0x11b
 *(.debug_loc)
 .debug_loc     0x00000000       0x1f obj/default/hello_world_small.o
 .debug_loc     0x0000001f       0x1f ../test_Anemo_bsp/\libhal_bsp.a(alt_load.o)
 .debug_loc     0x0000003e       0x1f ../test_Anemo_bsp/\libhal_bsp.a(alt_main.o)
 .debug_loc     0x0000005d       0x48 ../test_Anemo_bsp/\libhal_bsp.a(alt_putstr.o)
 .debug_loc     0x000000a5       0x32 ../test_Anemo_bsp/\libhal_bsp.a(alt_sys_init.o)
 .debug_loc     0x000000d7       0x26 ../test_Anemo_bsp/\libhal_bsp.a(altera_avalon_jtag_uart_write.o)
 .debug_loc     0x000000fd       0x1e c:/altera/11.1sp2/nios2eds/bin/gnu/h-i686-mingw32/bin/../lib/gcc/nios2-elf/4.1.2/../../../../nios2-elf/lib/mno-hw-mul\libsmallc.a(lib_a-strlen.o)

.debug_macinfo
 *(.debug_macinfo)

.debug_weaknames
 *(.debug_weaknames)

.debug_funcnames
 *(.debug_funcnames)

.debug_typenames
 *(.debug_typenames)

.debug_varnames
 *(.debug_varnames)

.debug_alt_sim_info
                0x00000000       0x10
 *(.debug_alt_sim_info)
 .debug_alt_sim_info
                0x00000000       0x10 ../test_Anemo_bsp//obj/HAL/src/crt0.o
                0x0000d000                __alt_data_end = 0xd000
                0x0000d000                PROVIDE (__alt_stack_pointer, __alt_data_end)
                0x00008250                PROVIDE (__alt_stack_limit, __alt_stack_base)
                0x00008250                PROVIDE (__alt_heap_start, end)
                0x0000d000                PROVIDE (__alt_heap_limit, 0xd000)
OUTPUT(test_Anemo.elf elf32-littlenios2)

.debug_ranges   0x00000000       0x20
 .debug_ranges  0x00000000       0x20 ../test_Anemo_bsp//obj/HAL/src/crt0.o
